Archive member included to satisfy reference by file (symbol)

c:/program files (x86)/atollic/truestudio for stm32 9.3.0/armtools/bin/../lib/gcc/arm-atollic-eabi/6.3.1/../../../../arm-atollic-eabi/lib/armv7e-m/fpu\libc_nano.a(lib_a-init.o)
                              Application\TrueSTUDIO\startup_stm32f401xc.o (__libc_init_array)
c:/program files (x86)/atollic/truestudio for stm32 9.3.0/armtools/bin/../lib/gcc/arm-atollic-eabi/6.3.1/../../../../arm-atollic-eabi/lib/armv7e-m/fpu\libc_nano.a(lib_a-malloc.o)
                              Middlewares\USB_Device_Library\usbd_cdc.o (malloc)
c:/program files (x86)/atollic/truestudio for stm32 9.3.0/armtools/bin/../lib/gcc/arm-atollic-eabi/6.3.1/../../../../arm-atollic-eabi/lib/armv7e-m/fpu\libc_nano.a(lib_a-memcmp.o)
                              Middlewares\STM32_BlueNRG\HCI\Controller\bluenrg_utils.o (memcmp)
c:/program files (x86)/atollic/truestudio for stm32 9.3.0/armtools/bin/../lib/gcc/arm-atollic-eabi/6.3.1/../../../../arm-atollic-eabi/lib/armv7e-m/fpu\libc_nano.a(lib_a-memcpy-stub.o)
                              Application\User\sensor_service.o (memcpy)
c:/program files (x86)/atollic/truestudio for stm32 9.3.0/armtools/bin/../lib/gcc/arm-atollic-eabi/6.3.1/../../../../arm-atollic-eabi/lib/armv7e-m/fpu\libc_nano.a(lib_a-memset.o)
                              Drivers\Board\steval_fcu001_v1_accelero.o (memset)
c:/program files (x86)/atollic/truestudio for stm32 9.3.0/armtools/bin/../lib/gcc/arm-atollic-eabi/6.3.1/../../../../arm-atollic-eabi/lib/armv7e-m/fpu\libc_nano.a(lib_a-nano-freer.o)
                              c:/program files (x86)/atollic/truestudio for stm32 9.3.0/armtools/bin/../lib/gcc/arm-atollic-eabi/6.3.1/../../../../arm-atollic-eabi/lib/armv7e-m/fpu\libc_nano.a(lib_a-malloc.o) (_free_r)
c:/program files (x86)/atollic/truestudio for stm32 9.3.0/armtools/bin/../lib/gcc/arm-atollic-eabi/6.3.1/../../../../arm-atollic-eabi/lib/armv7e-m/fpu\libc_nano.a(lib_a-nano-mallocr.o)
                              c:/program files (x86)/atollic/truestudio for stm32 9.3.0/armtools/bin/../lib/gcc/arm-atollic-eabi/6.3.1/../../../../arm-atollic-eabi/lib/armv7e-m/fpu\libc_nano.a(lib_a-malloc.o) (_malloc_r)
c:/program files (x86)/atollic/truestudio for stm32 9.3.0/armtools/bin/../lib/gcc/arm-atollic-eabi/6.3.1/../../../../arm-atollic-eabi/lib/armv7e-m/fpu\libc_nano.a(lib_a-sbrkr.o)
                              c:/program files (x86)/atollic/truestudio for stm32 9.3.0/armtools/bin/../lib/gcc/arm-atollic-eabi/6.3.1/../../../../arm-atollic-eabi/lib/armv7e-m/fpu\libc_nano.a(lib_a-nano-mallocr.o) (_sbrk_r)
c:/program files (x86)/atollic/truestudio for stm32 9.3.0/armtools/bin/../lib/gcc/arm-atollic-eabi/6.3.1/../../../../arm-atollic-eabi/lib/armv7e-m/fpu\libc_nano.a(lib_a-sprintf.o)
                              Application\User\sensor_service.o (sprintf)
c:/program files (x86)/atollic/truestudio for stm32 9.3.0/armtools/bin/../lib/gcc/arm-atollic-eabi/6.3.1/../../../../arm-atollic-eabi/lib/armv7e-m/fpu\libc_nano.a(lib_a-strncmp.o)
                              Application\User\sensor_service.o (strncmp)
c:/program files (x86)/atollic/truestudio for stm32 9.3.0/armtools/bin/../lib/gcc/arm-atollic-eabi/6.3.1/../../../../arm-atollic-eabi/lib/armv7e-m/fpu\libc_nano.a(lib_a-vsnprintf.o)
                              Application\User\debug.o (vsnprintf)
c:/program files (x86)/atollic/truestudio for stm32 9.3.0/armtools/bin/../lib/gcc/arm-atollic-eabi/6.3.1/../../../../arm-atollic-eabi/lib/armv7e-m/fpu\libc_nano.a(lib_a-impure.o)
                              c:/program files (x86)/atollic/truestudio for stm32 9.3.0/armtools/bin/../lib/gcc/arm-atollic-eabi/6.3.1/../../../../arm-atollic-eabi/lib/armv7e-m/fpu\libc_nano.a(lib_a-malloc.o) (_impure_ptr)
c:/program files (x86)/atollic/truestudio for stm32 9.3.0/armtools/bin/../lib/gcc/arm-atollic-eabi/6.3.1/../../../../arm-atollic-eabi/lib/armv7e-m/fpu\libc_nano.a(lib_a-mlock.o)
                              c:/program files (x86)/atollic/truestudio for stm32 9.3.0/armtools/bin/../lib/gcc/arm-atollic-eabi/6.3.1/../../../../arm-atollic-eabi/lib/armv7e-m/fpu\libc_nano.a(lib_a-nano-freer.o) (__malloc_lock)
c:/program files (x86)/atollic/truestudio for stm32 9.3.0/armtools/bin/../lib/gcc/arm-atollic-eabi/6.3.1/../../../../arm-atollic-eabi/lib/armv7e-m/fpu\libc_nano.a(lib_a-nano-svfprintf.o)
                              c:/program files (x86)/atollic/truestudio for stm32 9.3.0/armtools/bin/../lib/gcc/arm-atollic-eabi/6.3.1/../../../../arm-atollic-eabi/lib/armv7e-m/fpu\libc_nano.a(lib_a-sprintf.o) (_svfprintf_r)
c:/program files (x86)/atollic/truestudio for stm32 9.3.0/armtools/bin/../lib/gcc/arm-atollic-eabi/6.3.1/../../../../arm-atollic-eabi/lib/armv7e-m/fpu\libc_nano.a(lib_a-nano-vfprintf_i.o)
                              c:/program files (x86)/atollic/truestudio for stm32 9.3.0/armtools/bin/../lib/gcc/arm-atollic-eabi/6.3.1/../../../../arm-atollic-eabi/lib/armv7e-m/fpu\libc_nano.a(lib_a-nano-svfprintf.o) (_printf_i)
[...]
Memory Configuration

Name             Origin             Length             Attributes
RAM              0x20000000         0x00010000         xrw
FLASH            0x08000000         0x00040000         xr
*default*        0x00000000         0xffffffff

Linker script and memory map

LOAD c:/program files (x86)/atollic/truestudio for stm32 9.3.0/armtools/bin/../lib/gcc/arm-atollic-eabi/6.3.1/armv7e-m/fpu/crti.o
LOAD c:/program files (x86)/atollic/truestudio for stm32 9.3.0/armtools/bin/../lib/gcc/arm-atollic-eabi/6.3.1/armv7e-m/fpu/crtbegin.o
LOAD Application\TrueSTUDIO\startup_stm32f401xc.o
LOAD Application\User\ahrs.o
LOAD Application\User\basic_math.o
LOAD Application\User\console.o
LOAD Application\User\debug.o
LOAD Application\User\flight_control.o
LOAD Application\User\main_Lab_2.o
LOAD Application\User\motor.o
LOAD Application\User\quaternion.o
LOAD Application\User\rc.o
LOAD Application\User\sensor_data.o
LOAD Application\User\sensor_service.o
LOAD Application\User\stm32f4xx_hal_msp.o
LOAD Application\User\stm32f4xx_it.o
LOAD Application\User\timer.o
LOAD Application\User\usb_device.o
LOAD Application\User\usbd_cdc_if.o
LOAD Application\User\usbd_conf.o
LOAD Application\User\usbd_desc.o
LOAD Drivers\Board\steval_fcu001_v1.o
LOAD Drivers\Board\steval_fcu001_v1_accelero.o
LOAD Drivers\Board\steval_fcu001_v1_gyro.o
LOAD Drivers\Board\steval_fcu001_v1_magneto.o
LOAD Drivers\Board\steval_fcu001_v1_pressure.o
LOAD Drivers\Board\steval_fcu001_v1_temperature.o
LOAD Drivers\CMSIS\system_stm32f4xx.o
LOAD Drivers\Components\LIS2MDL_MAG_driver.o
LOAD Drivers\Components\LIS2MDL_MAG_driver_HL.o
LOAD Drivers\Components\LIS3MDL_MAG_driver.o
LOAD Drivers\Components\LIS3MDL_MAG_driver_HL.o
LOAD Drivers\Components\LPS22HB_Driver.o
LOAD Drivers\Components\LPS22HB_Driver_HL.o
LOAD Drivers\Components\LSM303AGR_ACC_driver.o
LOAD Drivers\Components\LSM303AGR_ACC_driver_HL.o
LOAD Drivers\Components\LSM303AGR_MAG_driver.o
LOAD Drivers\Components\LSM303AGR_MAG_driver_HL.o
LOAD Drivers\Components\LSM6DSL_ACC_GYRO_driver.o
LOAD Drivers\Components\LSM6DSL_ACC_GYRO_driver_HL.o
LOAD Drivers\Components\SPBTLE_RF.o
LOAD Drivers\STM32F4xx_HAL_Driver\stm32f4xx_hal.o
LOAD Drivers\STM32F4xx_HAL_Driver\stm32f4xx_hal_adc.o
LOAD Drivers\STM32F4xx_HAL_Driver\stm32f4xx_hal_adc_ex.o
LOAD Drivers\STM32F4xx_HAL_Driver\stm32f4xx_hal_cortex.o
LOAD Drivers\STM32F4xx_HAL_Driver\stm32f4xx_hal_dma.o
LOAD Drivers\STM32F4xx_HAL_Driver\stm32f4xx_hal_dma_ex.o
LOAD Drivers\STM32F4xx_HAL_Driver\stm32f4xx_hal_flash.o
LOAD Drivers\STM32F4xx_HAL_Driver\stm32f4xx_hal_flash_ex.o
LOAD Drivers\STM32F4xx_HAL_Driver\stm32f4xx_hal_flash_ramfunc.o
LOAD Drivers\STM32F4xx_HAL_Driver\stm32f4xx_hal_gpio.o
LOAD Drivers\STM32F4xx_HAL_Driver\stm32f4xx_hal_pcd.o
LOAD Drivers\STM32F4xx_HAL_Driver\stm32f4xx_hal_pcd_ex.o
LOAD Drivers\STM32F4xx_HAL_Driver\stm32f4xx_hal_pwr.o
LOAD Drivers\STM32F4xx_HAL_Driver\stm32f4xx_hal_pwr_ex.o
LOAD Drivers\STM32F4xx_HAL_Driver\stm32f4xx_hal_rcc.o
LOAD Drivers\STM32F4xx_HAL_Driver\stm32f4xx_hal_rcc_ex.o
LOAD Drivers\STM32F4xx_HAL_Driver\stm32f4xx_hal_spi.o
LOAD Drivers\STM32F4xx_HAL_Driver\stm32f4xx_hal_tim.o
LOAD Drivers\STM32F4xx_HAL_Driver\stm32f4xx_hal_tim_ex.o
LOAD Drivers\STM32F4xx_HAL_Driver\stm32f4xx_hal_uart.o
LOAD Drivers\STM32F4xx_HAL_Driver\stm32f4xx_ll_usb.o
LOAD Middlewares\STM32_BlueNRG\HCI\Controller\bluenrg_gap_aci.o
LOAD Middlewares\STM32_BlueNRG\HCI\Controller\bluenrg_gatt_aci.o
LOAD Middlewares\STM32_BlueNRG\HCI\Controller\bluenrg_hal_aci.o
LOAD Middlewares\STM32_BlueNRG\HCI\Controller\bluenrg_l2cap_aci.o
LOAD Middlewares\STM32_BlueNRG\HCI\Controller\bluenrg_utils.o
LOAD Middlewares\STM32_BlueNRG\HCI\hci.o
LOAD Middlewares\STM32_BlueNRG\Interface\bluenrg_itf_template.o
LOAD Middlewares\STM32_BlueNRG\Utils\ble_list.o
LOAD Middlewares\STM32_BlueNRG\Utils\gp_timer.o
LOAD Middlewares\STM32_BlueNRG\Utils\osal.o
LOAD Middlewares\USB_Device_Library\usbd_cdc.o
LOAD Middlewares\USB_Device_Library\usbd_core.o
LOAD Middlewares\USB_Device_Library\usbd_ctlreq.o
LOAD Middlewares\USB_Device_Library\usbd_ioreq.o
                0x00000080                malloc_getpagesize_P = 0x80
START GROUP
LOAD c:/program files (x86)/atollic/truestudio for stm32 9.3.0/armtools/bin/../lib/gcc/arm-atollic-eabi/6.3.1/../../../../arm-atollic-eabi/lib/armv7e-m/fpu\libc_nano.a
LOAD c:/program files (x86)/atollic/truestudio for stm32 9.3.0/armtools/bin/../lib/gcc/arm-atollic-eabi/6.3.1/../../../../arm-atollic-eabi/lib/armv7e-m/fpu\libm.a
END GROUP
START GROUP
LOAD c:/program files (x86)/atollic/truestudio for stm32 9.3.0/armtools/bin/../lib/gcc/arm-atollic-eabi/6.3.1/armv7e-m/fpu\libgcc.a
LOAD c:/program files (x86)/atollic/truestudio for stm32 9.3.0/armtools/bin/../lib/gcc/arm-atollic-eabi/6.3.1/../../../../arm-atollic-eabi/lib/armv7e-m/fpu\libc_nano.a
END GROUP
START GROUP
LOAD c:/program files (x86)/atollic/truestudio for stm32 9.3.0/armtools/bin/../lib/gcc/arm-atollic-eabi/6.3.1/armv7e-m/fpu\libgcc.a
LOAD c:/program files (x86)/atollic/truestudio for stm32 9.3.0/armtools/bin/../lib/gcc/arm-atollic-eabi/6.3.1/../../../../arm-atollic-eabi/lib/armv7e-m/fpu\libc_nano.a
LOAD c:/program files (x86)/atollic/truestudio for stm32 9.3.0/armtools/bin/../lib/gcc/arm-atollic-eabi/6.3.1/../../../../arm-atollic-eabi/lib/armv7e-m/fpu\libnosys.a
END GROUP
START GROUP
LOAD c:/program files (x86)/atollic/truestudio for stm32 9.3.0/armtools/bin/../lib/gcc/arm-atollic-eabi/6.3.1/armv7e-m/fpu\libgcc.a
LOAD c:/program files (x86)/atollic/truestudio for stm32 9.3.0/armtools/bin/../lib/gcc/arm-atollic-eabi/6.3.1/../../../../arm-atollic-eabi/lib/armv7e-m/fpu\libc_nano.a
LOAD c:/program files (x86)/atollic/truestudio for stm32 9.3.0/armtools/bin/../lib/gcc/arm-atollic-eabi/6.3.1/../../../../arm-atollic-eabi/lib/armv7e-m/fpu\libnosys.a
END GROUP
LOAD c:/program files (x86)/atollic/truestudio for stm32 9.3.0/armtools/bin/../lib/gcc/arm-atollic-eabi/6.3.1/armv7e-m/fpu/crtend.o
LOAD c:/program files (x86)/atollic/truestudio for stm32 9.3.0/armtools/bin/../lib/gcc/arm-atollic-eabi/6.3.1/armv7e-m/fpu/crtn.o
                0x20010000                _estack = 0x20010000
                0x00004000                _Min_Heap_Size = 0x4000
                0x00004000                _Min_Stack_Size = 0x4000

.isr_vector     0x08000000      0x194
                0x08000000                . = ALIGN (0x4)
 *(.isr_vector)
 .isr_vector    0x08000000      0x194 Application\TrueSTUDIO\startup_stm32f401xc.o
                0x08000000                g_pfnVectors
                0x08000194                . = ALIGN (0x4)

.text           0x08000194     0x6540
                0x08000194                . = ALIGN (0x4)
 *(.text)
 .text          0x08000194       0x40 c:/program files (x86)/atollic/truestudio for stm32 9.3.0/armtools/bin/../lib/gcc/arm-atollic-eabi/6.3.1/armv7e-m/fpu/crtbegin.o
 *(.text*)
 .text.Reset_Handler
                0x080001d4       0x50 Application\TrueSTUDIO\startup_stm32f401xc.o
                0x080001d4                Reset_Handler
 .text.Default_Handler
                0x08000224        0x2 Application\TrueSTUDIO\startup_stm32f401xc.o
                0x08000224                RTC_Alarm_IRQHandler
                0x08000224                EXTI2_IRQHandler
                0x08000224                DebugMon_Handler
                0x08000224                SPI4_IRQHandler
                0x08000224                TIM1_CC_IRQHandler
                0x08000224                DMA2_Stream5_IRQHandler
                0x08000224                HardFault_Handler
                0x08000224                DMA1_Stream5_IRQHandler
                0x08000224                PVD_IRQHandler
                0x08000224                SDIO_IRQHandler
                0x08000224                TAMP_STAMP_IRQHandler
                0x08000224                PendSV_Handler
                0x08000224                NMI_Handler
                0x08000224                EXTI3_IRQHandler
                0x08000224                TIM1_UP_TIM10_IRQHandler
                0x08000224                I2C3_ER_IRQHandler
                0x08000224                EXTI0_IRQHandler
                0x08000224                I2C2_EV_IRQHandler
                0x08000224                DMA1_Stream2_IRQHandler
                0x08000224                FPU_IRQHandler
                0x08000224                UsageFault_Handler
                0x08000224                DMA2_Stream2_IRQHandler
                0x08000224                DMA2_Stream3_IRQHandler
                0x08000224                USART6_IRQHandler
                0x08000224                DMA2_Stream0_IRQHandler
                0x08000224                TIM4_IRQHandler
                0x08000224                I2C1_EV_IRQHandler
                0x08000224                DMA1_Stream6_IRQHandler
                0x08000224                DMA1_Stream1_IRQHandler
                0x08000224                TIM3_IRQHandler
                0x08000224                RCC_IRQHandler
                0x08000224                Default_Handler
                0x08000224                EXTI15_10_IRQHandler
                0x08000224                ADC_IRQHandler
                0x08000224                DMA1_Stream7_IRQHandler
                0x08000224                TIM5_IRQHandler
                0x08000224                DMA2_Stream7_IRQHandler
                0x08000224                I2C3_EV_IRQHandler
                0x08000224                EXTI9_5_IRQHandler
                0x08000224                RTC_WKUP_IRQHandler
                0x08000224                MemManage_Handler
                0x08000224                DMA1_Stream0_IRQHandler
                0x08000224                SVC_Handler
                0x08000224                WWDG_IRQHandler
                0x08000224                OTG_FS_WKUP_IRQHandler
                0x08000224                TIM1_TRG_COM_TIM11_IRQHandler
                0x08000224                EXTI1_IRQHandler
                0x08000224                USART2_IRQHandler
                0x08000224                I2C2_ER_IRQHandler
                0x08000224                DMA2_Stream1_IRQHandler
                0x08000224                FLASH_IRQHandler
                0x08000224                DMA2_Stream4_IRQHandler
                0x08000224                BusFault_Handler
                0x08000224                SPI3_IRQHandler
                0x08000224                DMA1_Stream4_IRQHandler
                0x08000224                I2C1_ER_IRQHandler
                0x08000224                DMA2_Stream6_IRQHandler
                0x08000224                DMA1_Stream3_IRQHandler
 *fill*         0x08000226        0x2 
 .text.main     0x08000228       0x5c Application\User\main_Lab_2.o
                0x08000228                main
 .text.UART1_init
                0x08000284      0x17c Application\User\main_Lab_2.o
                0x08000284                UART1_init
 .text.myprint  0x08000400       0x60 Application\User\main_Lab_2.o
                0x08000400                myprint
 .text.SystemClock_Config
                0x08000460       0xd0 Application\User\main_Lab_2.o
                0x08000460                SystemClock_Config
 .text.MX_TIM2_Init
                0x08000530       0xa8 Application\User\main_Lab_2.o
 .text.MX_TIM4_Init
                0x080005d8       0xa8 Application\User\main_Lab_2.o
 .text.MX_TIM9_Init
                0x08000680       0x4c Application\User\main_Lab_2.o
 .text.MX_GPIO_Init
                0x080006cc       0x88 Application\User\main_Lab_2.o
 .text.HAL_TIM_PeriodElapsedCallback
                0x08000754       0x14 Application\User\main_Lab_2.o
                0x08000754                HAL_TIM_PeriodElapsedCallback
 .text.init_rc_variables
                0x08000768       0x68 Application\User\rc.o
                0x08000768                init_rc_variables
 .text.HAL_TIM_IC_CaptureCallback
                0x080007d0       0x16 Application\User\rc.o
                0x080007d0                HAL_TIM_IC_CaptureCallback
 *fill*         0x080007e6        0x2 
 .text.HAL_SYSTICK_Callback
                0x080007e8       0x3c Application\User\rc.o
                0x080007e8                HAL_SYSTICK_Callback
 .text.update_rc_data
                0x08000824       0xb4 Application\User\rc.o
                0x08000824                update_rc_data
 .text.HAL_MspInit
                0x080008d8       0x1a Application\User\stm32f4xx_hal_msp.o
                0x080008d8                HAL_MspInit
 *fill*         0x080008f2        0x2 
 .text.HAL_TIM_Base_MspInit
                0x080008f4       0xfc Application\User\stm32f4xx_hal_msp.o
                0x080008f4                HAL_TIM_Base_MspInit
 .text.SysTick_Handler
                0x080009f0       0x10 Application\User\stm32f4xx_it.o
                0x080009f0                SysTick_Handler
 .text.TIM1_BRK_TIM9_IRQHandler
                0x08000a00       0x14 Application\User\stm32f4xx_it.o
                0x08000a00                TIM1_BRK_TIM9_IRQHandler
 .text.TIM2_IRQHandler
                0x08000a14       0x14 Application\User\stm32f4xx_it.o
                0x08000a14                TIM2_IRQHandler
 .text.SPI1_IRQHandler
                0x08000a28       0x14 Application\User\stm32f4xx_it.o
                0x08000a28                SPI1_IRQHandler
 .text.SPI2_IRQHandler
                0x08000a3c       0x14 Application\User\stm32f4xx_it.o
                0x08000a3c                SPI2_IRQHandler
 .text.USART1_IRQHandler
                0x08000a50       0x14 Application\User\stm32f4xx_it.o
                0x08000a50                USART1_IRQHandler
 .text.OTG_FS_IRQHandler
                0x08000a64       0x14 Application\User\stm32f4xx_it.o
                0x08000a64                OTG_FS_IRQHandler
 .text.EXTI4_IRQHandler
                0x08000a78        0xe Application\User\stm32f4xx_it.o
                0x08000a78                EXTI4_IRQHandler
 .text.TimerProcess
                0x08000a86       0x42 Application\User\timer.o
                0x08000a86                TimerProcess
 .text.User_Timer_Callback
                0x08000ac8       0x14 Application\User\timer.o
                0x08000ac8                User_Timer_Callback
 .text.HAL_PCD_SetupStageCallback
                0x08000adc       0x24 Application\User\usbd_conf.o
                0x08000adc                HAL_PCD_SetupStageCallback
 .text.HAL_PCD_DataOutStageCallback
                0x08000b00       0x36 Application\User\usbd_conf.o
                0x08000b00                HAL_PCD_DataOutStageCallback
 .text.HAL_PCD_DataInStageCallback
                0x08000b36       0x34 Application\User\usbd_conf.o
                0x08000b36                HAL_PCD_DataInStageCallback
 .text.HAL_PCD_SOFCallback
                0x08000b6a       0x1c Application\User\usbd_conf.o
                0x08000b6a                HAL_PCD_SOFCallback
 .text.HAL_PCD_ResetCallback
                0x08000b86       0x50 Application\User\usbd_conf.o
                0x08000b86                HAL_PCD_ResetCallback
 *fill*         0x08000bd6        0x2 
 .text.HAL_PCD_SuspendCallback
                0x08000bd8       0x50 Application\User\usbd_conf.o
                0x08000bd8                HAL_PCD_SuspendCallback
 .text.HAL_PCD_ResumeCallback
                0x08000c28       0x1c Application\User\usbd_conf.o
                0x08000c28                HAL_PCD_ResumeCallback
 .text.HAL_PCD_ISOOUTIncompleteCallback
                0x08000c44       0x24 Application\User\usbd_conf.o
                0x08000c44                HAL_PCD_ISOOUTIncompleteCallback
 .text.HAL_PCD_ISOINIncompleteCallback
                0x08000c68       0x24 Application\User\usbd_conf.o
                0x08000c68                HAL_PCD_ISOINIncompleteCallback
 .text.HAL_PCD_ConnectCallback
                0x08000c8c       0x1c Application\User\usbd_conf.o
                0x08000c8c                HAL_PCD_ConnectCallback
 .text.HAL_PCD_DisconnectCallback
                0x08000ca8       0x1c Application\User\usbd_conf.o
                0x08000ca8                HAL_PCD_DisconnectCallback
 .text.USBD_LL_OpenEP
                0x08000cc4       0x34 Application\User\usbd_conf.o
                0x08000cc4                USBD_LL_OpenEP
 .text.USBD_LL_StallEP
                0x08000cf8       0x26 Application\User\usbd_conf.o
                0x08000cf8                USBD_LL_StallEP
 .text.USBD_LL_ClearStallEP
                0x08000d1e       0x26 Application\User\usbd_conf.o
                0x08000d1e                USBD_LL_ClearStallEP
 .text.USBD_LL_IsStallEP
                0x08000d44       0x58 Application\User\usbd_conf.o
                0x08000d44                USBD_LL_IsStallEP
 .text.USBD_LL_SetUSBAddress
                0x08000d9c       0x26 Application\User\usbd_conf.o
                0x08000d9c                USBD_LL_SetUSBAddress
 .text.USBD_LL_Transmit
                0x08000dc2       0x2e Application\User\usbd_conf.o
                0x08000dc2                USBD_LL_Transmit
 .text.USBD_LL_PrepareReceive
                0x08000df0       0x2e Application\User\usbd_conf.o
                0x08000df0                USBD_LL_PrepareReceive
 *fill*         0x08000e1e        0x2 
 .text.BSP_LED_Init
                0x08000e20       0x8c Drivers\Board\steval_fcu001_v1.o
                0x08000e20                BSP_LED_Init
 .text.BSP_LED_On
                0x08000eac       0x34 Drivers\Board\steval_fcu001_v1.o
                0x08000eac                BSP_LED_On
 .text.BSP_LED_Off
                0x08000ee0       0x34 Drivers\Board\steval_fcu001_v1.o
                0x08000ee0                BSP_LED_Off
 .text.SystemInit
                0x08000f14       0x6c Drivers\CMSIS\system_stm32f4xx.o
                0x08000f14                SystemInit
 .text.HAL_GPIO_EXTI_Callback
                0x08000f80       0x2c Drivers\Components\SPBTLE_RF.o
                0x08000f80                HAL_GPIO_EXTI_Callback
 .text.BlueNRG_DataPresent
                0x08000fac       0x20 Drivers\Components\SPBTLE_RF.o
                0x08000fac                BlueNRG_DataPresent
 .text.BlueNRG_SPI_Read_All
                0x08000fcc       0xec Drivers\Components\SPBTLE_RF.o
                0x08000fcc                BlueNRG_SPI_Read_All
 .text.Clear_SPI_EXTI_Flag
                0x080010b8       0x18 Drivers\Components\SPBTLE_RF.o
                0x080010b8                Clear_SPI_EXTI_Flag
 .text.HAL_Init
                0x080010d0       0x44 Drivers\STM32F4xx_HAL_Driver\stm32f4xx_hal.o
                0x080010d0                HAL_Init
 .text.HAL_InitTick
                0x08001114       0x38 Drivers\STM32F4xx_HAL_Driver\stm32f4xx_hal.o
                0x08001114                HAL_InitTick
 .text.HAL_IncTick
                0x0800114c       0x1c Drivers\STM32F4xx_HAL_Driver\stm32f4xx_hal.o
                0x0800114c                HAL_IncTick
 .text.HAL_GetTick
                0x08001168       0x18 Drivers\STM32F4xx_HAL_Driver\stm32f4xx_hal.o
                0x08001168                HAL_GetTick
 .text.NVIC_SetPriorityGrouping
                0x08001180       0x48 Drivers\STM32F4xx_HAL_Driver\stm32f4xx_hal_cortex.o
 .text.NVIC_GetPriorityGrouping
                0x080011c8       0x1c Drivers\STM32F4xx_HAL_Driver\stm32f4xx_hal_cortex.o
 .text.NVIC_EnableIRQ
                0x080011e4       0x34 Drivers\STM32F4xx_HAL_Driver\stm32f4xx_hal_cortex.o
 .text.NVIC_SetPriority
                0x08001218       0x54 Drivers\STM32F4xx_HAL_Driver\stm32f4xx_hal_cortex.o
 .text.NVIC_EncodePriority
                0x0800126c       0x62 Drivers\STM32F4xx_HAL_Driver\stm32f4xx_hal_cortex.o
 *fill*         0x080012ce        0x2 
 .text.SysTick_Config
                0x080012d0       0x44 Drivers\STM32F4xx_HAL_Driver\stm32f4xx_hal_cortex.o
 .text.HAL_NVIC_SetPriorityGrouping
                0x08001314       0x16 Drivers\STM32F4xx_HAL_Driver\stm32f4xx_hal_cortex.o
                0x08001314                HAL_NVIC_SetPriorityGrouping
 .text.HAL_NVIC_SetPriority
                0x0800132a       0x38 Drivers\STM32F4xx_HAL_Driver\stm32f4xx_hal_cortex.o
                0x0800132a                HAL_NVIC_SetPriority
 .text.HAL_NVIC_EnableIRQ
                0x08001362       0x1c Drivers\STM32F4xx_HAL_Driver\stm32f4xx_hal_cortex.o
                0x08001362                HAL_NVIC_EnableIRQ
 .text.HAL_SYSTICK_Config
                0x0800137e       0x18 Drivers\STM32F4xx_HAL_Driver\stm32f4xx_hal_cortex.o
                0x0800137e                HAL_SYSTICK_Config
 *fill*         0x08001396        0x2 
 .text.HAL_SYSTICK_CLKSourceConfig
                0x08001398       0x38 Drivers\STM32F4xx_HAL_Driver\stm32f4xx_hal_cortex.o
                0x08001398                HAL_SYSTICK_CLKSourceConfig
 .text.HAL_SYSTICK_IRQHandler
                0x080013d0        0xc Drivers\STM32F4xx_HAL_Driver\stm32f4xx_hal_cortex.o
                0x080013d0                HAL_SYSTICK_IRQHandler
 .text.HAL_DMA_Abort_IT
                0x080013dc       0x44 Drivers\STM32F4xx_HAL_Driver\stm32f4xx_hal_dma.o
                0x080013dc                HAL_DMA_Abort_IT
 .text.HAL_GPIO_Init
                0x08001420      0x304 Drivers\STM32F4xx_HAL_Driver\stm32f4xx_hal_gpio.o
                0x08001420                HAL_GPIO_Init
 .text.HAL_GPIO_ReadPin
                0x08001724       0x30 Drivers\STM32F4xx_HAL_Driver\stm32f4xx_hal_gpio.o
                0x08001724                HAL_GPIO_ReadPin
 .text.HAL_GPIO_WritePin
                0x08001754       0x32 Drivers\STM32F4xx_HAL_Driver\stm32f4xx_hal_gpio.o
                0x08001754                HAL_GPIO_WritePin
 *fill*         0x08001786        0x2 
 .text.HAL_GPIO_EXTI_IRQHandler
                0x08001788       0x30 Drivers\STM32F4xx_HAL_Driver\stm32f4xx_hal_gpio.o
                0x08001788                HAL_GPIO_EXTI_IRQHandler
 .text.HAL_PCD_IRQHandler
                0x080017b8      0x910 Drivers\STM32F4xx_HAL_Driver\stm32f4xx_hal_pcd.o
                0x080017b8                HAL_PCD_IRQHandler
 .text.HAL_PCD_SetAddress
                0x080020c8       0x42 Drivers\STM32F4xx_HAL_Driver\stm32f4xx_hal_pcd.o
                0x080020c8                HAL_PCD_SetAddress
 .text.HAL_PCD_EP_Open
                0x0800210a       0xd0 Drivers\STM32F4xx_HAL_Driver\stm32f4xx_hal_pcd.o
                0x0800210a                HAL_PCD_EP_Open
 .text.HAL_PCD_EP_Receive
                0x080021da       0xb2 Drivers\STM32F4xx_HAL_Driver\stm32f4xx_hal_pcd.o
                0x080021da                HAL_PCD_EP_Receive
 .text.HAL_PCD_EP_Transmit
                0x0800228c       0xb0 Drivers\STM32F4xx_HAL_Driver\stm32f4xx_hal_pcd.o
                0x0800228c                HAL_PCD_EP_Transmit
 .text.HAL_PCD_EP_SetStall
                0x0800233c       0xb6 Drivers\STM32F4xx_HAL_Driver\stm32f4xx_hal_pcd.o
                0x0800233c                HAL_PCD_EP_SetStall
 .text.HAL_PCD_EP_ClrStall
                0x080023f2       0x96 Drivers\STM32F4xx_HAL_Driver\stm32f4xx_hal_pcd.o
                0x080023f2                HAL_PCD_EP_ClrStall
 .text.PCD_WriteEmptyTxFifo
                0x08002488      0x104 Drivers\STM32F4xx_HAL_Driver\stm32f4xx_hal_pcd.o
 .text.HAL_RCC_OscConfig
                0x0800258c      0x4b4 Drivers\STM32F4xx_HAL_Driver\stm32f4xx_hal_rcc.o
                0x0800258c                HAL_RCC_OscConfig
 .text.HAL_RCC_ClockConfig
                0x08002a40      0x224 Drivers\STM32F4xx_HAL_Driver\stm32f4xx_hal_rcc.o
                0x08002a40                HAL_RCC_ClockConfig
 .text.HAL_RCC_GetSysClockFreq
                0x08002c64       0xf8 Drivers\STM32F4xx_HAL_Driver\stm32f4xx_hal_rcc.o
                0x08002c64                HAL_RCC_GetSysClockFreq
 .text.HAL_RCC_GetHCLKFreq
                0x08002d5c       0x18 Drivers\STM32F4xx_HAL_Driver\stm32f4xx_hal_rcc.o
                0x08002d5c                HAL_RCC_GetHCLKFreq
 .text.HAL_RCC_GetPCLK2Freq
                0x08002d74       0x44 Drivers\STM32F4xx_HAL_Driver\stm32f4xx_hal_rcc.o
                0x08002d74                HAL_RCC_GetPCLK2Freq
 .text.HAL_SPI_TransmitReceive
                0x08002db8      0x33e Drivers\STM32F4xx_HAL_Driver\stm32f4xx_hal_spi.o
                0x08002db8                HAL_SPI_TransmitReceive
 *fill*         0x080030f6        0x2 
 .text.HAL_SPI_IRQHandler
                0x080030f8      0x1b0 Drivers\STM32F4xx_HAL_Driver\stm32f4xx_hal_spi.o
                0x080030f8                HAL_SPI_IRQHandler
 .text.HAL_SPI_ErrorCallback
                0x080032a8       0x14 Drivers\STM32F4xx_HAL_Driver\stm32f4xx_hal_spi.o
                0x080032a8                HAL_SPI_ErrorCallback
 .text.SPI_DMAAbortOnError
                0x080032bc       0x28 Drivers\STM32F4xx_HAL_Driver\stm32f4xx_hal_spi.o
 .text.SPI_WaitFlagStateUntilTimeout
                0x080032e4       0xd2 Drivers\STM32F4xx_HAL_Driver\stm32f4xx_hal_spi.o
 .text.SPI_CheckFlag_BSY
                0x080033b6       0x3c Drivers\STM32F4xx_HAL_Driver\stm32f4xx_hal_spi.o
 .text.HAL_TIM_Base_Init
                0x080033f2       0x56 Drivers\STM32F4xx_HAL_Driver\stm32f4xx_hal_tim.o
                0x080033f2                HAL_TIM_Base_Init
 .text.HAL_TIM_Base_Start_IT
                0x08003448       0x36 Drivers\STM32F4xx_HAL_Driver\stm32f4xx_hal_tim.o
                0x08003448                HAL_TIM_Base_Start_IT
 .text.HAL_TIM_PWM_Init
                0x0800347e       0x56 Drivers\STM32F4xx_HAL_Driver\stm32f4xx_hal_tim.o
                0x0800347e                HAL_TIM_PWM_Init
 .text.HAL_TIM_PWM_MspInit
                0x080034d4       0x14 Drivers\STM32F4xx_HAL_Driver\stm32f4xx_hal_tim.o
                0x080034d4                HAL_TIM_PWM_MspInit
 .text.HAL_TIM_IC_Init
                0x080034e8       0x56 Drivers\STM32F4xx_HAL_Driver\stm32f4xx_hal_tim.o
                0x080034e8                HAL_TIM_IC_Init
 .text.HAL_TIM_IC_MspInit
                0x0800353e       0x14 Drivers\STM32F4xx_HAL_Driver\stm32f4xx_hal_tim.o
                0x0800353e                HAL_TIM_IC_MspInit
 .text.HAL_TIM_IRQHandler
                0x08003552      0x210 Drivers\STM32F4xx_HAL_Driver\stm32f4xx_hal_tim.o
                0x08003552                HAL_TIM_IRQHandler
 .text.HAL_TIM_IC_ConfigChannel
                0x08003762      0x138 Drivers\STM32F4xx_HAL_Driver\stm32f4xx_hal_tim.o
                0x08003762                HAL_TIM_IC_ConfigChannel
 *fill*         0x0800389a        0x2 
 .text.HAL_TIM_PWM_ConfigChannel
                0x0800389c      0x18c Drivers\STM32F4xx_HAL_Driver\stm32f4xx_hal_tim.o
                0x0800389c                HAL_TIM_PWM_ConfigChannel
 .text.HAL_TIM_ConfigClockSource
                0x08003a28      0x1b6 Drivers\STM32F4xx_HAL_Driver\stm32f4xx_hal_tim.o
                0x08003a28                HAL_TIM_ConfigClockSource
 .text.HAL_TIM_OC_DelayElapsedCallback
                0x08003bde       0x14 Drivers\STM32F4xx_HAL_Driver\stm32f4xx_hal_tim.o
                0x08003bde                HAL_TIM_OC_DelayElapsedCallback
 .text.HAL_TIM_PWM_PulseFinishedCallback
                0x08003bf2       0x14 Drivers\STM32F4xx_HAL_Driver\stm32f4xx_hal_tim.o
                0x08003bf2                HAL_TIM_PWM_PulseFinishedCallback
 .text.HAL_TIM_TriggerCallback
                0x08003c06       0x14 Drivers\STM32F4xx_HAL_Driver\stm32f4xx_hal_tim.o
                0x08003c06                HAL_TIM_TriggerCallback
 *fill*         0x08003c1a        0x2 
 .text.TIM_Base_SetConfig
                0x08003c1c      0x108 Drivers\STM32F4xx_HAL_Driver\stm32f4xx_hal_tim.o
                0x08003c1c                TIM_Base_SetConfig
 .text.TIM_TI1_SetConfig
                0x08003d24       0xe0 Drivers\STM32F4xx_HAL_Driver\stm32f4xx_hal_tim.o
                0x08003d24                TIM_TI1_SetConfig
 .text.TIM_OC2_SetConfig
                0x08003e04       0xdc Drivers\STM32F4xx_HAL_Driver\stm32f4xx_hal_tim.o
                0x08003e04                TIM_OC2_SetConfig
 .text.TIM_OC1_SetConfig
                0x08003ee0       0xd0 Drivers\STM32F4xx_HAL_Driver\stm32f4xx_hal_tim.o
 .text.TIM_OC3_SetConfig
                0x08003fb0       0xd8 Drivers\STM32F4xx_HAL_Driver\stm32f4xx_hal_tim.o
 .text.TIM_OC4_SetConfig
                0x08004088       0xac Drivers\STM32F4xx_HAL_Driver\stm32f4xx_hal_tim.o
 .text.TIM_TI1_ConfigInputStage
                0x08004134       0x66 Drivers\STM32F4xx_HAL_Driver\stm32f4xx_hal_tim.o
 .text.TIM_TI2_SetConfig
                0x0800419a       0x82 Drivers\STM32F4xx_HAL_Driver\stm32f4xx_hal_tim.o
 .text.TIM_TI2_ConfigInputStage
                0x0800421c       0x68 Drivers\STM32F4xx_HAL_Driver\stm32f4xx_hal_tim.o
 .text.TIM_TI3_SetConfig
                0x08004284       0x80 Drivers\STM32F4xx_HAL_Driver\stm32f4xx_hal_tim.o
 .text.TIM_TI4_SetConfig
                0x08004304       0x82 Drivers\STM32F4xx_HAL_Driver\stm32f4xx_hal_tim.o
 .text.TIM_ITRx_SetConfig
                0x08004386       0x40 Drivers\STM32F4xx_HAL_Driver\stm32f4xx_hal_tim.o
 .text.TIM_ETR_SetConfig
                0x080043c6       0x44 Drivers\STM32F4xx_HAL_Driver\stm32f4xx_hal_tim.o
 .text.HAL_TIMEx_MasterConfigSynchronization
                0x0800440a       0x8a Drivers\STM32F4xx_HAL_Driver\stm32f4xx_hal_tim_ex.o
                0x0800440a                HAL_TIMEx_MasterConfigSynchronization
 .text.HAL_TIMEx_CommutationCallback
                0x08004494       0x14 Drivers\STM32F4xx_HAL_Driver\stm32f4xx_hal_tim_ex.o
                0x08004494                HAL_TIMEx_CommutationCallback
 .text.HAL_TIMEx_BreakCallback
                0x080044a8       0x14 Drivers\STM32F4xx_HAL_Driver\stm32f4xx_hal_tim_ex.o
                0x080044a8                HAL_TIMEx_BreakCallback
 .text.HAL_UART_IRQHandler
                0x080044bc      0x1f8 Drivers\STM32F4xx_HAL_Driver\stm32f4xx_hal_uart.o
                0x080044bc                HAL_UART_IRQHandler
 .text.HAL_UART_TxCpltCallback
                0x080046b4       0x14 Drivers\STM32F4xx_HAL_Driver\stm32f4xx_hal_uart.o
                0x080046b4                HAL_UART_TxCpltCallback
 .text.HAL_UART_RxCpltCallback
                0x080046c8       0x14 Drivers\STM32F4xx_HAL_Driver\stm32f4xx_hal_uart.o
                0x080046c8                HAL_UART_RxCpltCallback
 .text.HAL_UART_ErrorCallback
                0x080046dc       0x14 Drivers\STM32F4xx_HAL_Driver\stm32f4xx_hal_uart.o
                0x080046dc                HAL_UART_ErrorCallback
 .text.UART_EndRxTransfer
                0x080046f0       0x3c Drivers\STM32F4xx_HAL_Driver\stm32f4xx_hal_uart.o
 .text.UART_DMAAbortOnError
                0x0800472c       0x28 Drivers\STM32F4xx_HAL_Driver\stm32f4xx_hal_uart.o
 .text.UART_Transmit_IT
                0x08004754       0xaa Drivers\STM32F4xx_HAL_Driver\stm32f4xx_hal_uart.o
 .text.UART_EndTransmit_IT
                0x080047fe       0x30 Drivers\STM32F4xx_HAL_Driver\stm32f4xx_hal_uart.o
 .text.UART_Receive_IT
                0x0800482e       0xf2 Drivers\STM32F4xx_HAL_Driver\stm32f4xx_hal_uart.o
 .text.USB_FlushTxFifo
                0x08004920       0x4c Drivers\STM32F4xx_HAL_Driver\stm32f4xx_ll_usb.o
                0x08004920                USB_FlushTxFifo
 .text.USB_GetDevSpeed
                0x0800496c       0x6a Drivers\STM32F4xx_HAL_Driver\stm32f4xx_ll_usb.o
                0x0800496c                USB_GetDevSpeed
 .text.USB_ActivateEndpoint
                0x080049d6      0x112 Drivers\STM32F4xx_HAL_Driver\stm32f4xx_ll_usb.o
                0x080049d6                USB_ActivateEndpoint
 .text.USB_EPStartXfer
                0x08004ae8      0x484 Drivers\STM32F4xx_HAL_Driver\stm32f4xx_ll_usb.o
                0x08004ae8                USB_EPStartXfer
 .text.USB_EP0StartXfer
                0x08004f6c      0x2bc Drivers\STM32F4xx_HAL_Driver\stm32f4xx_ll_usb.o
                0x08004f6c                USB_EP0StartXfer
 .text.USB_WritePacket
                0x08005228       0x6a Drivers\STM32F4xx_HAL_Driver\stm32f4xx_ll_usb.o
                0x08005228                USB_WritePacket
 .text.USB_ReadPacket
                0x08005292       0x4e Drivers\STM32F4xx_HAL_Driver\stm32f4xx_ll_usb.o
                0x08005292                USB_ReadPacket
 .text.USB_EPSetStall
                0x080052e0       0xe2 Drivers\STM32F4xx_HAL_Driver\stm32f4xx_ll_usb.o
                0x080052e0                USB_EPSetStall
 .text.USB_EPClearStall
                0x080053c2       0xda Drivers\STM32F4xx_HAL_Driver\stm32f4xx_ll_usb.o
                0x080053c2                USB_EPClearStall
 .text.USB_SetDevAddress
                0x0800549c       0x4c Drivers\STM32F4xx_HAL_Driver\stm32f4xx_ll_usb.o
                0x0800549c                USB_SetDevAddress
 .text.USB_ReadInterrupts
                0x080054e8       0x2a Drivers\STM32F4xx_HAL_Driver\stm32f4xx_ll_usb.o
                0x080054e8                USB_ReadInterrupts
 .text.USB_ReadDevAllOutEpInterrupt
                0x08005512       0x30 Drivers\STM32F4xx_HAL_Driver\stm32f4xx_ll_usb.o
                0x08005512                USB_ReadDevAllOutEpInterrupt
 .text.USB_ReadDevAllInEpInterrupt
                0x08005542       0x30 Drivers\STM32F4xx_HAL_Driver\stm32f4xx_ll_usb.o
                0x08005542                USB_ReadDevAllInEpInterrupt
 .text.USB_ReadDevOutEPInterrupt
                0x08005572       0x38 Drivers\STM32F4xx_HAL_Driver\stm32f4xx_ll_usb.o
                0x08005572                USB_ReadDevOutEPInterrupt
 .text.USB_ReadDevInEPInterrupt
                0x080055aa       0x54 Drivers\STM32F4xx_HAL_Driver\stm32f4xx_ll_usb.o
                0x080055aa                USB_ReadDevInEPInterrupt
 .text.USB_GetMode
                0x080055fe       0x1c Drivers\STM32F4xx_HAL_Driver\stm32f4xx_ll_usb.o
                0x080055fe                USB_GetMode
 .text.USB_ActivateSetup
                0x0800561a       0x6c Drivers\STM32F4xx_HAL_Driver\stm32f4xx_ll_usb.o
                0x0800561a                USB_ActivateSetup
 .text.USB_EP0_OutStart
                0x08005686       0x8a Drivers\STM32F4xx_HAL_Driver\stm32f4xx_ll_usb.o
                0x08005686                USB_EP0_OutStart
 .text.HCI_verify
                0x08005710       0x40 Middlewares\STM32_BlueNRG\HCI\hci.o
                0x08005710                HCI_verify
 .text.HCI_Isr  0x08005750       0xa0 Middlewares\STM32_BlueNRG\HCI\hci.o
                0x08005750                HCI_Isr
 .text.list_is_empty
                0x080057f0       0x40 Middlewares\STM32_BlueNRG\Utils\ble_list.o
                0x080057f0                list_is_empty
 .text.list_insert_head
                0x08005830       0x48 Middlewares\STM32_BlueNRG\Utils\ble_list.o
                0x08005830                list_insert_head
 .text.list_insert_tail
                0x08005878       0x48 Middlewares\STM32_BlueNRG\Utils\ble_list.o
                0x08005878                list_insert_tail
 .text.list_remove_node
                0x080058c0       0x3e Middlewares\STM32_BlueNRG\Utils\ble_list.o
                0x080058c0                list_remove_node
 .text.list_remove_head
                0x080058fe       0x4a Middlewares\STM32_BlueNRG\Utils\ble_list.o
                0x080058fe                list_remove_head
 .text.USBD_RunTestMode
                0x08005948       0x16 Middlewares\USB_Device_Library\usbd_core.o
                0x08005948                USBD_RunTestMode
 .text.USBD_SetClassConfig
                0x0800595e       0x3e Middlewares\USB_Device_Library\usbd_core.o
                0x0800595e                USBD_SetClassConfig
 .text.USBD_ClrClassConfig
                0x0800599c       0x26 Middlewares\USB_Device_Library\usbd_core.o
                0x0800599c                USBD_ClrClassConfig
 .text.USBD_LL_SetupStage
                0x080059c2       0x94 Middlewares\USB_Device_Library\usbd_core.o
                0x080059c2                USBD_LL_SetupStage
 .text.USBD_LL_DataOutStage
                0x08005a56       0xb6 Middlewares\USB_Device_Library\usbd_core.o
                0x08005a56                USBD_LL_DataOutStage
 .text.USBD_LL_DataInStage
                0x08005b0c      0x11e Middlewares\USB_Device_Library\usbd_core.o
                0x08005b0c                USBD_LL_DataInStage
 .text.USBD_LL_Reset
                0x08005c2a       0x5e Middlewares\USB_Device_Library\usbd_core.o
                0x08005c2a                USBD_LL_Reset
 .text.USBD_LL_SetSpeed
                0x08005c88       0x20 Middlewares\USB_Device_Library\usbd_core.o
                0x08005c88                USBD_LL_SetSpeed
 .text.USBD_LL_Suspend
                0x08005ca8       0x2a Middlewares\USB_Device_Library\usbd_core.o
                0x08005ca8                USBD_LL_Suspend
 .text.USBD_LL_Resume
                0x08005cd2       0x22 Middlewares\USB_Device_Library\usbd_core.o
                0x08005cd2                USBD_LL_Resume
 .text.USBD_LL_SOF
                0x08005cf4       0x34 Middlewares\USB_Device_Library\usbd_core.o
                0x08005cf4                USBD_LL_SOF
 .text.USBD_LL_IsoINIncomplete
                0x08005d28       0x1a Middlewares\USB_Device_Library\usbd_core.o
                0x08005d28                USBD_LL_IsoINIncomplete
 .text.USBD_LL_IsoOUTIncomplete
                0x08005d42       0x1a Middlewares\USB_Device_Library\usbd_core.o
                0x08005d42                USBD_LL_IsoOUTIncomplete
 .text.USBD_LL_DevConnected
                0x08005d5c       0x16 Middlewares\USB_Device_Library\usbd_core.o
                0x08005d5c                USBD_LL_DevConnected
 .text.USBD_LL_DevDisconnected
                0x08005d72       0x2e Middlewares\USB_Device_Library\usbd_core.o
                0x08005d72                USBD_LL_DevDisconnected
 .text.USBD_StdDevReq
                0x08005da0       0xa0 Middlewares\USB_Device_Library\usbd_ctlreq.o
                0x08005da0                USBD_StdDevReq
 .text.USBD_StdItfReq
                0x08005e40       0x66 Middlewares\USB_Device_Library\usbd_ctlreq.o
                0x08005e40                USBD_StdItfReq
 .text.USBD_StdEPReq
                0x08005ea6      0x1b0 Middlewares\USB_Device_Library\usbd_ctlreq.o
                0x08005ea6                USBD_StdEPReq
 *fill*         0x08006056        0x2 
 .text.USBD_GetDescriptor
                0x08006058      0x1e8 Middlewares\USB_Device_Library\usbd_ctlreq.o
 .text.USBD_SetAddress
                0x08006240       0x7c Middlewares\USB_Device_Library\usbd_ctlreq.o
 .text.USBD_SetConfig
                0x080062bc      0x110 Middlewares\USB_Device_Library\usbd_ctlreq.o
 .text.USBD_GetConfig
                0x080063cc       0x64 Middlewares\USB_Device_Library\usbd_ctlreq.o
 .text.USBD_GetStatus
                0x08006430       0x54 Middlewares\USB_Device_Library\usbd_ctlreq.o
 .text.USBD_SetFeature
                0x08006484       0x36 Middlewares\USB_Device_Library\usbd_ctlreq.o
 .text.USBD_ClrFeature
                0x080064ba       0x50 Middlewares\USB_Device_Library\usbd_ctlreq.o
 .text.USBD_ParseSetupRequest
                0x0800650a       0x7a Middlewares\USB_Device_Library\usbd_ctlreq.o
                0x0800650a                USBD_ParseSetupRequest
 .text.USBD_CtlError
                0x08006584       0x22 Middlewares\USB_Device_Library\usbd_ctlreq.o
                0x08006584                USBD_CtlError
 .text.USBD_CtlSendData
                0x080065a6       0x38 Middlewares\USB_Device_Library\usbd_ioreq.o
                0x080065a6                USBD_CtlSendData
 .text.USBD_CtlContinueSendData
                0x080065de       0x24 Middlewares\USB_Device_Library\usbd_ioreq.o
                0x080065de                USBD_CtlContinueSendData
 .text.USBD_CtlContinueRx
                0x08006602       0x24 Middlewares\USB_Device_Library\usbd_ioreq.o
                0x08006602                USBD_CtlContinueRx
 .text.USBD_CtlSendStatus
                0x08006626       0x26 Middlewares\USB_Device_Library\usbd_ioreq.o
                0x08006626                USBD_CtlSendStatus
 .text.USBD_CtlReceiveStatus
                0x0800664c       0x26 Middlewares\USB_Device_Library\usbd_ioreq.o
                0x0800664c                USBD_CtlReceiveStatus
 *fill*         0x08006672        0x2 
 .text.__libc_init_array
                0x08006674       0x48 c:/program files (x86)/atollic/truestudio for stm32 9.3.0/armtools/bin/../lib/gcc/arm-atollic-eabi/6.3.1/../../../../arm-atollic-eabi/lib/armv7e-m/fpu\libc_nano.a(lib_a-init.o)
                0x08006674                __libc_init_array
 *(.glue_7)
 .glue_7        0x080066bc        0x0 linker stubs
 *(.glue_7t)
 .glue_7t       0x080066bc        0x0 linker stubs
 *(.eh_frame)
 .eh_frame      0x080066bc        0x0 c:/program files (x86)/atollic/truestudio for stm32 9.3.0/armtools/bin/../lib/gcc/arm-atollic-eabi/6.3.1/armv7e-m/fpu/crtbegin.o
 *(.init)
 .init          0x080066bc        0x4 c:/program files (x86)/atollic/truestudio for stm32 9.3.0/armtools/bin/../lib/gcc/arm-atollic-eabi/6.3.1/armv7e-m/fpu/crti.o
                0x080066bc                _init
 .init          0x080066c0        0x8 c:/program files (x86)/atollic/truestudio for stm32 9.3.0/armtools/bin/../lib/gcc/arm-atollic-eabi/6.3.1/armv7e-m/fpu/crtn.o
 *(.fini)
 .fini          0x080066c8        0x4 c:/program files (x86)/atollic/truestudio for stm32 9.3.0/armtools/bin/../lib/gcc/arm-atollic-eabi/6.3.1/armv7e-m/fpu/crti.o
                0x080066c8                _fini
 .fini          0x080066cc        0x8 c:/program files (x86)/atollic/truestudio for stm32 9.3.0/armtools/bin/../lib/gcc/arm-atollic-eabi/6.3.1/armv7e-m/fpu/crtn.o
                0x080066d4                . = ALIGN (0x4)
                0x080066d4                _etext = .

.vfp11_veneer   0x080066d4        0x0
 .vfp11_veneer  0x080066d4        0x0 linker stubs

.v4_bx          0x080066d4        0x0
 .v4_bx         0x080066d4        0x0 linker stubs

.iplt           0x080066d4        0x0
 .iplt          0x080066d4        0x0 c:/program files (x86)/atollic/truestudio for stm32 9.3.0/armtools/bin/../lib/gcc/arm-atollic-eabi/6.3.1/armv7e-m/fpu/crtbegin.o

.rodata         0x080066d4       0x28
                0x080066d4                . = ALIGN (0x4)
 *(.rodata)
 .rodata        0x080066d4        0xd Application\User\main_Lab_2.o
 *(.rodata*)
 *fill*         0x080066e1        0x3 
 .rodata.GPIO_PIN
                0x080066e4        0x8 Drivers\Board\steval_fcu001_v1.o
                0x080066e4                GPIO_PIN
 .rodata.APBAHBPrescTable
                0x080066ec       0x10 Drivers\STM32F4xx_HAL_Driver\stm32f4xx_hal_rcc.o
                0x080066ec                APBAHBPrescTable
                0x080066fc                . = ALIGN (0x4)

.rel.dyn        0x080066fc        0x0
 .rel.iplt      0x080066fc        0x0 c:/program files (x86)/atollic/truestudio for stm32 9.3.0/armtools/bin/../lib/gcc/arm-atollic-eabi/6.3.1/armv7e-m/fpu/crtbegin.o

.ARM.extab
 *(.ARM.extab* .gnu.linkonce.armextab.*)

.ARM            0x080066fc        0x0
                0x080066fc                __exidx_start = .
 *(.ARM.exidx*)
                0x080066fc                __exidx_end = .

.preinit_array  0x080066fc        0x0
                0x080066fc                PROVIDE (__preinit_array_start, .)
 *(.preinit_array*)
                0x080066fc                PROVIDE (__preinit_array_end, .)

.init_array     0x080066fc        0x4
                0x080066fc                PROVIDE (__init_array_start, .)
 *(SORT(.init_array.*))
 *(.init_array*)
 .init_array    0x080066fc        0x4 c:/program files (x86)/atollic/truestudio for stm32 9.3.0/armtools/bin/../lib/gcc/arm-atollic-eabi/6.3.1/armv7e-m/fpu/crtbegin.o
                0x08006700                PROVIDE (__init_array_end, .)

.fini_array     0x08006700        0x4
                [!provide]                PROVIDE (__fini_array_start, .)
 *(SORT(.fini_array.*))
 *(.fini_array*)
 .fini_array    0x08006700        0x4 c:/program files (x86)/atollic/truestudio for stm32 9.3.0/armtools/bin/../lib/gcc/arm-atollic-eabi/6.3.1/armv7e-m/fpu/crtbegin.o
                [!provide]                PROVIDE (__fini_array_end, .)
                0x08006704                _sidata = LOADADDR (.data)

.data           0x20000000        0xc load address 0x08006704
                0x20000000                . = ALIGN (0x4)
                0x20000000                _sdata = .
 *(.data)
 *(.data*)
 .data.GPIO_PORT
                0x20000000        0x8 Drivers\Board\steval_fcu001_v1.o
                0x20000000                GPIO_PORT
 .data.SystemCoreClock
                0x20000008        0x4 Drivers\CMSIS\system_stm32f4xx.o
                0x20000008                SystemCoreClock
                0x2000000c                . = ALIGN (0x4)
                0x2000000c                _edata = .

.igot.plt       0x2000000c        0x0 load address 0x08006710
 .igot.plt      0x2000000c        0x0 c:/program files (x86)/atollic/truestudio for stm32 9.3.0/armtools/bin/../lib/gcc/arm-atollic-eabi/6.3.1/armv7e-m/fpu/crtbegin.o
                0x2000000c                . = ALIGN (0x4)

.bss            0x2000000c      0x8b4 load address 0x08006710
                0x2000000c                _sbss = .
                0x2000000c                __bss_start__ = _sbss
 *(.bss)
 .bss           0x2000000c       0x1c c:/program files (x86)/atollic/truestudio for stm32 9.3.0/armtools/bin/../lib/gcc/arm-atollic-eabi/6.3.1/armv7e-m/fpu/crtbegin.o
 *(.bss*)
 .bss.HCI_ProcessEvent
                0x20000028        0x4 Application\User\main_Lab_2.o
                0x20000028                HCI_ProcessEvent
 .bss.rc_cal_flag
                0x2000002c        0x4 Application\User\main_Lab_2.o
                0x2000002c                rc_cal_flag
 .bss.rc_enable_motor
                0x20000030        0x4 Application\User\main_Lab_2.o
                0x20000030                rc_enable_motor
 .bss.fly_ready
                0x20000034        0x4 Application\User\main_Lab_2.o
                0x20000034                fly_ready
 .bss.cfgidx.10241
                0x20000038        0x1 Middlewares\USB_Device_Library\usbd_ctlreq.o
 *(COMMON)
 *fill*         0x20000039        0x3 
 COMMON         0x2000003c      0x380 Application\User\main_Lab_2.o
                0x2000003c                ahrs
                0x20000058                hspi2
                0x200000b0                appearance_char_handle
                0x200000b4                htim4
                0x200000f0                temperature
                0x200000f4                VBAT_Sense
                0x200000f8                Fly
                0x20000100                hadc1
                0x20000148                press_zero_level
                0x2000014c                motor_pwm
                0x2000015c                huart1
                0x2000019c                dev_name_char_handle
                0x200001a0                gyro_cali_degree
                0x200001ac                gyro_rad
                0x200001b8                tmp_mag
                0x200001c4                Fly_origin
                0x200001cc                htim9
                0x20000208                Fly_offset
                0x20000210                gyro_degree
                0x2000021c                press
                0x20000220                hspi1
                0x20000278                htim2
                0x200002b4                BufferToWrite
                0x200003b4                service_handle
                0x200003b6                tmp_lis2mdl
                0x200003b8                BytesToWrite
 COMMON         0x200003bc       0x94 Application\User\rc.o
                0x200003bc                rc_timeout
                0x200003c0                cnt
                0x200003c4                rc_flag
                0x200003c8                rc_t_rise
                0x200003d8                rc_t
                0x200003e8                gELE
                0x200003ea                gTHR
                0x200003ec                gAIL
                0x200003ee                rc_connection_flag
                0x200003f0                t1
                0x200003f4                que
                0x2000043e                gRUD
                0x20000440                rc_t_fall
 COMMON         0x20000450       0x14 Application\User\timer.o
                0x20000450                tim
 COMMON         0x20000464      0x3f0 Application\User\usbd_conf.o
                0x20000464                hpcd_USB_OTG_FS
 COMMON         0x20000854       0x58 Drivers\Components\SPBTLE_RF.o
                0x20000854                SpiHandle
 COMMON         0x200008ac        0x4 Drivers\STM32F4xx_HAL_Driver\stm32f4xx_hal.o
                0x200008ac                uwTick
 COMMON         0x200008b0       0x10 Middlewares\STM32_BlueNRG\HCI\hci.o
                0x200008b0                hciReadPktPool
                0x200008b8                hciReadPktRxQueue
                0x200008c0                . = ALIGN (0x4)
                0x200008c0                _ebss = .
                0x200008c0                __bss_end__ = _ebss

._user_heap_stack
                0x200008c0     0x8000 load address 0x08006710
                0x200008c0                . = ALIGN (0x4)
                0x200008c0                PROVIDE (end, .)
                [!provide]                PROVIDE (_end, .)
                0x200048c0                . = (. + _Min_Heap_Size)
 *fill*         0x200008c0     0x4000 
                0x200088c0                . = (. + _Min_Stack_Size)
 *fill*         0x200048c0     0x4000 
                0x200088c0                . = ALIGN (0x4)

/DISCARD/
 libc.a(*)
 libm.a(*)
 libgcc.a(*)

.ARM.attributes
                0x00000000       0x30
 *(.ARM.attributes)
 .ARM.attributes
                0x00000000       0x22 c:/program files (x86)/atollic/truestudio for stm32 9.3.0/armtools/bin/../lib/gcc/arm-atollic-eabi/6.3.1/armv7e-m/fpu/crti.o
 .ARM.attributes
                0x00000022       0x34 c:/program files (x86)/atollic/truestudio for stm32 9.3.0/armtools/bin/../lib/gcc/arm-atollic-eabi/6.3.1/armv7e-m/fpu/crtbegin.o
 .ARM.attributes
                0x00000056       0x21 Application\TrueSTUDIO\startup_stm32f401xc.o
 .ARM.attributes
                0x00000077       0x39 Application\User\main_Lab_2.o
 .ARM.attributes
                0x000000b0       0x39 Application\User\rc.o
 .ARM.attributes
                0x000000e9       0x39 Application\User\stm32f4xx_hal_msp.o
 .ARM.attributes
                0x00000122       0x39 Application\User\stm32f4xx_it.o
 .ARM.attributes
                0x0000015b       0x39 Application\User\timer.o
 .ARM.attributes
                0x00000194       0x39 Application\User\usbd_conf.o
 .ARM.attributes
                0x000001cd       0x39 Drivers\Board\steval_fcu001_v1.o
 .ARM.attributes
                0x00000206       0x39 Drivers\CMSIS\system_stm32f4xx.o
 .ARM.attributes
                0x0000023f       0x39 Drivers\Components\SPBTLE_RF.o
 .ARM.attributes
                0x00000278       0x39 Drivers\STM32F4xx_HAL_Driver\stm32f4xx_hal.o
 .ARM.attributes
                0x000002b1       0x39 Drivers\STM32F4xx_HAL_Driver\stm32f4xx_hal_cortex.o
 .ARM.attributes
                0x000002ea       0x39 Drivers\STM32F4xx_HAL_Driver\stm32f4xx_hal_dma.o
 .ARM.attributes
                0x00000323       0x39 Drivers\STM32F4xx_HAL_Driver\stm32f4xx_hal_gpio.o
 .ARM.attributes
                0x0000035c       0x39 Drivers\STM32F4xx_HAL_Driver\stm32f4xx_hal_pcd.o
 .ARM.attributes
                0x00000395       0x39 Drivers\STM32F4xx_HAL_Driver\stm32f4xx_hal_rcc.o
 .ARM.attributes
                0x000003ce       0x39 Drivers\STM32F4xx_HAL_Driver\stm32f4xx_hal_spi.o
 .ARM.attributes
                0x00000407       0x39 Drivers\STM32F4xx_HAL_Driver\stm32f4xx_hal_tim.o
 .ARM.attributes
                0x00000440       0x39 Drivers\STM32F4xx_HAL_Driver\stm32f4xx_hal_tim_ex.o
 .ARM.attributes
                0x00000479       0x39 Drivers\STM32F4xx_HAL_Driver\stm32f4xx_hal_uart.o
 .ARM.attributes
                0x000004b2       0x39 Drivers\STM32F4xx_HAL_Driver\stm32f4xx_ll_usb.o
 .ARM.attributes
                0x000004eb       0x39 Middlewares\STM32_BlueNRG\HCI\hci.o
 .ARM.attributes
                0x00000524       0x39 Middlewares\STM32_BlueNRG\Utils\ble_list.o
 .ARM.attributes
                0x0000055d       0x39 Middlewares\USB_Device_Library\usbd_core.o
 .ARM.attributes
                0x00000596       0x39 Middlewares\USB_Device_Library\usbd_ctlreq.o
 .ARM.attributes
                0x000005cf       0x39 Middlewares\USB_Device_Library\usbd_ioreq.o
 .ARM.attributes
                0x00000608       0x34 c:/program files (x86)/atollic/truestudio for stm32 9.3.0/armtools/bin/../lib/gcc/arm-atollic-eabi/6.3.1/../../../../arm-atollic-eabi/lib/armv7e-m/fpu\libc_nano.a(lib_a-init.o)
 .ARM.attributes
                0x0000063c       0x22 c:/program files (x86)/atollic/truestudio for stm32 9.3.0/armtools/bin/../lib/gcc/arm-atollic-eabi/6.3.1/armv7e-m/fpu/crtn.o
OUTPUT(Lab_2.elf elf32-littlearm)

.debug_line     0x00000000     0xa584
 .debug_line    0x00000000       0xb4 Application\TrueSTUDIO\startup_stm32f401xc.o
 .debug_line    0x000000b4      0x7d6 Application\User\main_Lab_2.o
 .debug_line    0x0000088a      0x41e Application\User\rc.o
 .debug_line    0x00000ca8      0x436 Application\User\stm32f4xx_hal_msp.o
 .debug_line    0x000010de      0x39a Application\User\stm32f4xx_it.o
 .debug_line    0x00001478      0x2c2 Application\User\timer.o
 .debug_line    0x0000173a      0x5b4 Application\User\usbd_conf.o
 .debug_line    0x00001cee      0x5dc Drivers\Board\steval_fcu001_v1.o
 .debug_line    0x000022ca      0x2b1 Drivers\CMSIS\system_stm32f4xx.o
 .debug_line    0x0000257b      0x584 Drivers\Components\SPBTLE_RF.o
 .debug_line    0x00002aff      0x469 Drivers\STM32F4xx_HAL_Driver\stm32f4xx_hal.o
 .debug_line    0x00002f68      0x59e Drivers\STM32F4xx_HAL_Driver\stm32f4xx_hal_cortex.o
 .debug_line    0x00003506      0x5a2 Drivers\STM32F4xx_HAL_Driver\stm32f4xx_hal_dma.o
 .debug_line    0x00003aa8      0x473 Drivers\STM32F4xx_HAL_Driver\stm32f4xx_hal_gpio.o
 .debug_line    0x00003f1b      0x834 Drivers\STM32F4xx_HAL_Driver\stm32f4xx_hal_pcd.o
 .debug_line    0x0000474f      0x630 Drivers\STM32F4xx_HAL_Driver\stm32f4xx_hal_rcc.o
 .debug_line    0x00004d7f      0xb50 Drivers\STM32F4xx_HAL_Driver\stm32f4xx_hal_spi.o
 .debug_line    0x000058cf     0x1288 Drivers\STM32F4xx_HAL_Driver\stm32f4xx_hal_tim.o
 .debug_line    0x00006b57      0x8c1 Drivers\STM32F4xx_HAL_Driver\stm32f4xx_hal_tim_ex.o
 .debug_line    0x00007418      0xbbd Drivers\STM32F4xx_HAL_Driver\stm32f4xx_hal_uart.o
 .debug_line    0x00007fd5      0x926 Drivers\STM32F4xx_HAL_Driver\stm32f4xx_ll_usb.o
 .debug_line    0x000088fb      0x99b Middlewares\STM32_BlueNRG\HCI\hci.o
 .debug_line    0x00009296      0x50b Middlewares\STM32_BlueNRG\Utils\ble_list.o
 .debug_line    0x000097a1      0x4fa Middlewares\USB_Device_Library\usbd_core.o
 .debug_line    0x00009c9b      0x554 Middlewares\USB_Device_Library\usbd_ctlreq.o
 .debug_line    0x0000a1ef      0x395 Middlewares\USB_Device_Library\usbd_ioreq.o

.debug_info     0x00000000    0x249a5
 .debug_info    0x00000000       0xcb Application\TrueSTUDIO\startup_stm32f401xc.o
 .debug_info    0x000000cb     0x3562 Application\User\main_Lab_2.o
 .debug_info    0x0000362d     0x132b Application\User\rc.o
 .debug_info    0x00004958     0x1b05 Application\User\stm32f4xx_hal_msp.o
 .debug_info    0x0000645d     0x1689 Application\User\stm32f4xx_it.o
 .debug_info    0x00007ae6      0xa96 Application\User\timer.o
 .debug_info    0x0000857c     0x1cab Application\User\usbd_conf.o
 .debug_info    0x0000a227     0x1808 Drivers\Board\steval_fcu001_v1.o
 .debug_info    0x0000ba2f      0xd41 Drivers\CMSIS\system_stm32f4xx.o
 .debug_info    0x0000c770     0x15a4 Drivers\Components\SPBTLE_RF.o
 .debug_info    0x0000dd14     0x1040 Drivers\STM32F4xx_HAL_Driver\stm32f4xx_hal.o
 .debug_info    0x0000ed54     0x14cd Drivers\STM32F4xx_HAL_Driver\stm32f4xx_hal_cortex.o
 .debug_info    0x00010221     0x111b Drivers\STM32F4xx_HAL_Driver\stm32f4xx_hal_dma.o
 .debug_info    0x0001133c      0xf9f Drivers\STM32F4xx_HAL_Driver\stm32f4xx_hal_gpio.o
 .debug_info    0x000122db     0x1725 Drivers\STM32F4xx_HAL_Driver\stm32f4xx_hal_pcd.o
 .debug_info    0x00013a00     0x1390 Drivers\STM32F4xx_HAL_Driver\stm32f4xx_hal_rcc.o
 .debug_info    0x00014d90     0x1abb Drivers\STM32F4xx_HAL_Driver\stm32f4xx_hal_spi.o
 .debug_info    0x0001684b     0x29f1 Drivers\STM32F4xx_HAL_Driver\stm32f4xx_hal_tim.o
 .debug_info    0x0001923c     0x17bb Drivers\STM32F4xx_HAL_Driver\stm32f4xx_hal_tim_ex.o
 .debug_info    0x0001a9f7     0x19bc Drivers\STM32F4xx_HAL_Driver\stm32f4xx_hal_uart.o
 .debug_info    0x0001c3b3     0x1c64 Drivers\STM32F4xx_HAL_Driver\stm32f4xx_ll_usb.o
 .debug_info    0x0001e017     0x28a6 Middlewares\STM32_BlueNRG\HCI\hci.o
 .debug_info    0x000208bd      0xfe8 Middlewares\STM32_BlueNRG\Utils\ble_list.o
 .debug_info    0x000218a5     0x116a Middlewares\USB_Device_Library\usbd_core.o
 .debug_info    0x00022a0f     0x10cb Middlewares\USB_Device_Library\usbd_ctlreq.o
 .debug_info    0x00023ada      0xecb Middlewares\USB_Device_Library\usbd_ioreq.o

.debug_abbrev   0x00000000     0x4001
 .debug_abbrev  0x00000000       0x12 Application\TrueSTUDIO\startup_stm32f401xc.o
 .debug_abbrev  0x00000012      0x2b6 Application\User\main_Lab_2.o
 .debug_abbrev  0x000002c8      0x292 Application\User\rc.o
 .debug_abbrev  0x0000055a      0x239 Application\User\stm32f4xx_hal_msp.o
 .debug_abbrev  0x00000793      0x1d5 Application\User\stm32f4xx_it.o
 .debug_abbrev  0x00000968      0x21e Application\User\timer.o
 .debug_abbrev  0x00000b86      0x2ad Application\User\usbd_conf.o
 .debug_abbrev  0x00000e33      0x2eb Drivers\Board\steval_fcu001_v1.o
 .debug_abbrev  0x0000111e      0x1ca Drivers\CMSIS\system_stm32f4xx.o
 .debug_abbrev  0x000012e8      0x2e2 Drivers\Components\SPBTLE_RF.o
 .debug_abbrev  0x000015ca      0x2c6 Drivers\STM32F4xx_HAL_Driver\stm32f4xx_hal.o
 .debug_abbrev  0x00001890      0x371 Drivers\STM32F4xx_HAL_Driver\stm32f4xx_hal_cortex.o
 .debug_abbrev  0x00001c01      0x279 Drivers\STM32F4xx_HAL_Driver\stm32f4xx_hal_dma.o
 .debug_abbrev  0x00001e7a      0x24c Drivers\STM32F4xx_HAL_Driver\stm32f4xx_hal_gpio.o
 .debug_abbrev  0x000020c6      0x2de Drivers\STM32F4xx_HAL_Driver\stm32f4xx_hal_pcd.o
 .debug_abbrev  0x000023a4      0x336 Drivers\STM32F4xx_HAL_Driver\stm32f4xx_hal_rcc.o
 .debug_abbrev  0x000026da      0x294 Drivers\STM32F4xx_HAL_Driver\stm32f4xx_hal_spi.o
 .debug_abbrev  0x0000296e      0x2ab Drivers\STM32F4xx_HAL_Driver\stm32f4xx_hal_tim.o
 .debug_abbrev  0x00002c19      0x288 Drivers\STM32F4xx_HAL_Driver\stm32f4xx_hal_tim_ex.o
 .debug_abbrev  0x00002ea1      0x2bd Drivers\STM32F4xx_HAL_Driver\stm32f4xx_hal_uart.o
 .debug_abbrev  0x0000315e      0x2c8 Drivers\STM32F4xx_HAL_Driver\stm32f4xx_ll_usb.o
 .debug_abbrev  0x00003426      0x2c2 Middlewares\STM32_BlueNRG\HCI\hci.o
 .debug_abbrev  0x000036e8      0x265 Middlewares\STM32_BlueNRG\Utils\ble_list.o
 .debug_abbrev  0x0000394d      0x25c Middlewares\USB_Device_Library\usbd_core.o
 .debug_abbrev  0x00003ba9      0x28c Middlewares\USB_Device_Library\usbd_ctlreq.o
 .debug_abbrev  0x00003e35      0x1cc Middlewares\USB_Device_Library\usbd_ioreq.o

.debug_aranges  0x00000000     0x15a8
 .debug_aranges
                0x00000000       0x28 Application\TrueSTUDIO\startup_stm32f401xc.o
 .debug_aranges
                0x00000028       0x60 Application\User\main_Lab_2.o
 .debug_aranges
                0x00000088       0x60 Application\User\rc.o
 .debug_aranges
                0x000000e8       0x60 Application\User\stm32f4xx_hal_msp.o
 .debug_aranges
                0x00000148       0x58 Application\User\stm32f4xx_it.o
 .debug_aranges
                0x000001a0       0x50 Application\User\timer.o
 .debug_aranges
                0x000001f0       0xf8 Application\User\usbd_conf.o
 .debug_aranges
                0x000002e8       0xb8 Drivers\Board\steval_fcu001_v1.o
 .debug_aranges
                0x000003a0       0x28 Drivers\CMSIS\system_stm32f4xx.o
 .debug_aranges
                0x000003c8       0x90 Drivers\Components\SPBTLE_RF.o
 .debug_aranges
                0x00000458       0xc0 Drivers\STM32F4xx_HAL_Driver\stm32f4xx_hal.o
 .debug_aranges
                0x00000518      0x108 Drivers\STM32F4xx_HAL_Driver\stm32f4xx_hal_cortex.o
 .debug_aranges
                0x00000620       0x90 Drivers\STM32F4xx_HAL_Driver\stm32f4xx_hal_dma.o
 .debug_aranges
                0x000006b0       0x58 Drivers\STM32F4xx_HAL_Driver\stm32f4xx_hal_gpio.o
 .debug_aranges
                0x00000708      0x120 Drivers\STM32F4xx_HAL_Driver\stm32f4xx_hal_pcd.o
 .debug_aranges
                0x00000828       0x88 Drivers\STM32F4xx_HAL_Driver\stm32f4xx_hal_rcc.o
 .debug_aranges
                0x000008b0      0x190 Drivers\STM32F4xx_HAL_Driver\stm32f4xx_hal_spi.o
 .debug_aranges
                0x00000a40      0x368 Drivers\STM32F4xx_HAL_Driver\stm32f4xx_hal_tim.o
 .debug_aranges
                0x00000da8      0x140 Drivers\STM32F4xx_HAL_Driver\stm32f4xx_hal_tim_ex.o
 .debug_aranges
                0x00000ee8      0x1d0 Drivers\STM32F4xx_HAL_Driver\stm32f4xx_hal_uart.o
 .debug_aranges
                0x000010b8      0x180 Drivers\STM32F4xx_HAL_Driver\stm32f4xx_ll_usb.o
 .debug_aranges
                0x00001238      0x168 Middlewares\STM32_BlueNRG\HCI\hci.o
 .debug_aranges
                0x000013a0       0x78 Middlewares\STM32_BlueNRG\Utils\ble_list.o
 .debug_aranges
                0x00001418       0xb8 Middlewares\USB_Device_Library\usbd_core.o
 .debug_aranges
                0x000014d0       0x88 Middlewares\USB_Device_Library\usbd_ctlreq.o
 .debug_aranges
                0x00001558       0x50 Middlewares\USB_Device_Library\usbd_ioreq.o

.debug_ranges   0x00000000     0x1428
 .debug_ranges  0x00000000       0x20 Application\TrueSTUDIO\startup_stm32f401xc.o
 .debug_ranges  0x00000020       0x50 Application\User\main_Lab_2.o
 .debug_ranges  0x00000070       0x50 Application\User\rc.o
 .debug_ranges  0x000000c0       0x50 Application\User\stm32f4xx_hal_msp.o
 .debug_ranges  0x00000110       0x48 Application\User\stm32f4xx_it.o
 .debug_ranges  0x00000158       0x40 Application\User\timer.o
 .debug_ranges  0x00000198       0xe8 Application\User\usbd_conf.o
 .debug_ranges  0x00000280       0xa8 Drivers\Board\steval_fcu001_v1.o
 .debug_ranges  0x00000328       0x18 Drivers\CMSIS\system_stm32f4xx.o
 .debug_ranges  0x00000340       0x80 Drivers\Components\SPBTLE_RF.o
 .debug_ranges  0x000003c0       0xb0 Drivers\STM32F4xx_HAL_Driver\stm32f4xx_hal.o
 .debug_ranges  0x00000470       0xf8 Drivers\STM32F4xx_HAL_Driver\stm32f4xx_hal_cortex.o
 .debug_ranges  0x00000568       0x80 Drivers\STM32F4xx_HAL_Driver\stm32f4xx_hal_dma.o
 .debug_ranges  0x000005e8       0x48 Drivers\STM32F4xx_HAL_Driver\stm32f4xx_hal_gpio.o
 .debug_ranges  0x00000630      0x110 Drivers\STM32F4xx_HAL_Driver\stm32f4xx_hal_pcd.o
 .debug_ranges  0x00000740       0x78 Drivers\STM32F4xx_HAL_Driver\stm32f4xx_hal_rcc.o
 .debug_ranges  0x000007b8      0x180 Drivers\STM32F4xx_HAL_Driver\stm32f4xx_hal_spi.o
 .debug_ranges  0x00000938      0x358 Drivers\STM32F4xx_HAL_Driver\stm32f4xx_hal_tim.o
 .debug_ranges  0x00000c90      0x130 Drivers\STM32F4xx_HAL_Driver\stm32f4xx_hal_tim_ex.o
 .debug_ranges  0x00000dc0      0x1c0 Drivers\STM32F4xx_HAL_Driver\stm32f4xx_hal_uart.o
 .debug_ranges  0x00000f80      0x170 Drivers\STM32F4xx_HAL_Driver\stm32f4xx_ll_usb.o
 .debug_ranges  0x000010f0      0x170 Middlewares\STM32_BlueNRG\HCI\hci.o
 .debug_ranges  0x00001260       0x68 Middlewares\STM32_BlueNRG\Utils\ble_list.o
 .debug_ranges  0x000012c8       0xa8 Middlewares\USB_Device_Library\usbd_core.o
 .debug_ranges  0x00001370       0x78 Middlewares\USB_Device_Library\usbd_ctlreq.o
 .debug_ranges  0x000013e8       0x40 Middlewares\USB_Device_Library\usbd_ioreq.o

.debug_str      0x00000000     0x7441
 .debug_str     0x00000000     0x26ff Application\User\main_Lab_2.o
                               0x28ec (size before relaxing)
 .debug_str     0x000026ff      0x1cd Application\User\rc.o
                                0xcc6 (size before relaxing)
 .debug_str     0x000028cc       0xf7 Application\User\stm32f4xx_hal_msp.o
                               0x14e2 (size before relaxing)
 .debug_str     0x000029c3      0x358 Application\User\stm32f4xx_it.o
                               0x1113 (size before relaxing)
 .debug_str     0x00002d1b       0x9b Application\User\timer.o
                                0x6f7 (size before relaxing)
 .debug_str     0x00002db6      0x322 Application\User\usbd_conf.o
                               0x1515 (size before relaxing)
 .debug_str     0x000030d8      0x229 Drivers\Board\steval_fcu001_v1.o
                                0xf27 (size before relaxing)
 .debug_str     0x00003301       0x8b Drivers\CMSIS\system_stm32f4xx.o
                                0x830 (size before relaxing)
 .debug_str     0x0000338c      0x219 Drivers\Components\SPBTLE_RF.o
                               0x1137 (size before relaxing)
 .debug_str     0x000035a5      0x287 Drivers\STM32F4xx_HAL_Driver\stm32f4xx_hal.o
                                0xd97 (size before relaxing)
 .debug_str     0x0000382c      0x369 Drivers\STM32F4xx_HAL_Driver\stm32f4xx_hal_cortex.o
                                0xf1c (size before relaxing)
 .debug_str     0x00003b95      0x30c Drivers\STM32F4xx_HAL_Driver\stm32f4xx_hal_dma.o
                                0xc05 (size before relaxing)
 .debug_str     0x00003ea1      0x121 Drivers\STM32F4xx_HAL_Driver\stm32f4xx_hal_gpio.o
                                0x99d (size before relaxing)
 .debug_str     0x00003fc2      0x377 Drivers\STM32F4xx_HAL_Driver\stm32f4xx_hal_pcd.o
                                0xe7e (size before relaxing)
 .debug_str     0x00004339      0x1a1 Drivers\STM32F4xx_HAL_Driver\stm32f4xx_hal_rcc.o
                                0xb41 (size before relaxing)
 .debug_str     0x000044da      0x444 Drivers\STM32F4xx_HAL_Driver\stm32f4xx_hal_spi.o
                                0xf41 (size before relaxing)
 .debug_str     0x0000491e      0xbc6 Drivers\STM32F4xx_HAL_Driver\stm32f4xx_hal_tim.o
                               0x17fb (size before relaxing)
 .debug_str     0x000054e4      0x4f7 Drivers\STM32F4xx_HAL_Driver\stm32f4xx_hal_tim_ex.o
                               0x10ae (size before relaxing)
 .debug_str     0x000059db      0x513 Drivers\STM32F4xx_HAL_Driver\stm32f4xx_hal_uart.o
                               0x1027 (size before relaxing)
 .debug_str     0x00005eee      0x5b6 Drivers\STM32F4xx_HAL_Driver\stm32f4xx_ll_usb.o
                               0x1031 (size before relaxing)
 .debug_str     0x000064a4      0xa78 Middlewares\STM32_BlueNRG\HCI\hci.o
                               0x1991 (size before relaxing)
 .debug_str     0x00006f1c      0x16f Middlewares\STM32_BlueNRG\Utils\ble_list.o
                                0x7f5 (size before relaxing)
 .debug_str     0x0000708b      0x1bb Middlewares\USB_Device_Library\usbd_core.o
                                0xbe1 (size before relaxing)
 .debug_str     0x00007246      0x12c Middlewares\USB_Device_Library\usbd_ctlreq.o
                                0xb67 (size before relaxing)
 .debug_str     0x00007372       0xcf Middlewares\USB_Device_Library\usbd_ioreq.o
                                0xaef (size before relaxing)

.comment        0x00000000       0x7c
 .comment       0x00000000       0x7c Application\User\main_Lab_2.o
                                 0x7d (size before relaxing)
 .comment       0x0000007c       0x7d Application\User\rc.o
 .comment       0x0000007c       0x7d Application\User\stm32f4xx_hal_msp.o
 .comment       0x0000007c       0x7d Application\User\stm32f4xx_it.o
 .comment       0x0000007c       0x7d Application\User\timer.o
 .comment       0x0000007c       0x7d Application\User\usbd_conf.o
 .comment       0x0000007c       0x7d Drivers\Board\steval_fcu001_v1.o
 .comment       0x0000007c       0x7d Drivers\CMSIS\system_stm32f4xx.o
 .comment       0x0000007c       0x7d Drivers\Components\SPBTLE_RF.o
 .comment       0x0000007c       0x7d Drivers\STM32F4xx_HAL_Driver\stm32f4xx_hal.o
 .comment       0x0000007c       0x7d Drivers\STM32F4xx_HAL_Driver\stm32f4xx_hal_cortex.o
 .comment       0x0000007c       0x7d Drivers\STM32F4xx_HAL_Driver\stm32f4xx_hal_dma.o
 .comment       0x0000007c       0x7d Drivers\STM32F4xx_HAL_Driver\stm32f4xx_hal_gpio.o
 .comment       0x0000007c       0x7d Drivers\STM32F4xx_HAL_Driver\stm32f4xx_hal_pcd.o
 .comment       0x0000007c       0x7d Drivers\STM32F4xx_HAL_Driver\stm32f4xx_hal_rcc.o
 .comment       0x0000007c       0x7d Drivers\STM32F4xx_HAL_Driver\stm32f4xx_hal_spi.o
 .comment       0x0000007c       0x7d Drivers\STM32F4xx_HAL_Driver\stm32f4xx_hal_tim.o
 .comment       0x0000007c       0x7d Drivers\STM32F4xx_HAL_Driver\stm32f4xx_hal_tim_ex.o
 .comment       0x0000007c       0x7d Drivers\STM32F4xx_HAL_Driver\stm32f4xx_hal_uart.o
 .comment       0x0000007c       0x7d Drivers\STM32F4xx_HAL_Driver\stm32f4xx_ll_usb.o
 .comment       0x0000007c       0x7d Middlewares\STM32_BlueNRG\HCI\hci.o
 .comment       0x0000007c       0x7d Middlewares\STM32_BlueNRG\Utils\ble_list.o
 .comment       0x0000007c       0x7d Middlewares\USB_Device_Library\usbd_core.o
 .comment       0x0000007c       0x7d Middlewares\USB_Device_Library\usbd_ctlreq.o
 .comment       0x0000007c       0x7d Middlewares\USB_Device_Library\usbd_ioreq.o

.debug_frame    0x00000000     0x5a9c
 .debug_frame   0x00000000      0x15c Application\User\main_Lab_2.o
 .debug_frame   0x0000015c      0x15c Application\User\rc.o
 .debug_frame   0x000002b8      0x14c Application\User\stm32f4xx_hal_msp.o
 .debug_frame   0x00000404       0xf0 Application\User\stm32f4xx_it.o
 .debug_frame   0x000004f4      0x114 Application\User\timer.o
 .debug_frame   0x00000608      0x404 Application\User\usbd_conf.o
 .debug_frame   0x00000a0c      0x2e4 Drivers\Board\steval_fcu001_v1.o
 .debug_frame   0x00000cf0       0x58 Drivers\CMSIS\system_stm32f4xx.o
 .debug_frame   0x00000d48      0x200 Drivers\Components\SPBTLE_RF.o
 .debug_frame   0x00000f48      0x2c0 Drivers\STM32F4xx_HAL_Driver\stm32f4xx_hal.o
 .debug_frame   0x00001208      0x450 Drivers\STM32F4xx_HAL_Driver\stm32f4xx_hal_cortex.o
 .debug_frame   0x00001658      0x250 Drivers\STM32F4xx_HAL_Driver\stm32f4xx_hal_dma.o
 .debug_frame   0x000018a8      0x14c Drivers\STM32F4xx_HAL_Driver\stm32f4xx_hal_gpio.o
 .debug_frame   0x000019f4      0x508 Drivers\STM32F4xx_HAL_Driver\stm32f4xx_hal_pcd.o
 .debug_frame   0x00001efc      0x200 Drivers\STM32F4xx_HAL_Driver\stm32f4xx_hal_rcc.o
 .debug_frame   0x000020fc      0x6f4 Drivers\STM32F4xx_HAL_Driver\stm32f4xx_hal_spi.o
 .debug_frame   0x000027f0      0xfb4 Drivers\STM32F4xx_HAL_Driver\stm32f4xx_hal_tim.o
 .debug_frame   0x000037a4      0x574 Drivers\STM32F4xx_HAL_Driver\stm32f4xx_hal_tim_ex.o
 .debug_frame   0x00003d18      0x83c Drivers\STM32F4xx_HAL_Driver\stm32f4xx_hal_uart.o
 .debug_frame   0x00004554      0x718 Drivers\STM32F4xx_HAL_Driver\stm32f4xx_ll_usb.o
 .debug_frame   0x00004c6c      0x600 Middlewares\STM32_BlueNRG\HCI\hci.o
 .debug_frame   0x0000526c      0x1e8 Middlewares\STM32_BlueNRG\Utils\ble_list.o
 .debug_frame   0x00005454      0x300 Middlewares\USB_Device_Library\usbd_core.o
 .debug_frame   0x00005754      0x210 Middlewares\USB_Device_Library\usbd_ctlreq.o
 .debug_frame   0x00005964      0x10c Middlewares\USB_Device_Library\usbd_ioreq.o
 .debug_frame   0x00005a70       0x2c c:/program files (x86)/atollic/truestudio for stm32 9.3.0/armtools/bin/../lib/gcc/arm-atollic-eabi/6.3.1/../../../../arm-atollic-eabi/lib/armv7e-m/fpu\libc_nano.a(lib_a-init.o)
