Archive member included to satisfy reference by file (symbol)

c:/program files (x86)/atollic/truestudio for stm32 9.3.0/armtools/bin/../lib/gcc/arm-atollic-eabi/6.3.1/../../../../arm-atollic-eabi/lib/armv7e-m/fpu\libc_nano.a(lib_a-init.o)
                              Application\TrueSTUDIO\startup_stm32f401xc.o (__libc_init_array)
c:/program files (x86)/atollic/truestudio for stm32 9.3.0/armtools/bin/../lib/gcc/arm-atollic-eabi/6.3.1/../../../../arm-atollic-eabi/lib/armv7e-m/fpu\libc_nano.a(lib_a-malloc.o)
                              Middlewares\USB_Device_Library\usbd_cdc.o (malloc)
c:/program files (x86)/atollic/truestudio for stm32 9.3.0/armtools/bin/../lib/gcc/arm-atollic-eabi/6.3.1/../../../../arm-atollic-eabi/lib/armv7e-m/fpu\libc_nano.a(lib_a-memcmp.o)
                              Middlewares\STM32_BlueNRG\HCI\Controller\bluenrg_utils.o (memcmp)
c:/program files (x86)/atollic/truestudio for stm32 9.3.0/armtools/bin/../lib/gcc/arm-atollic-eabi/6.3.1/../../../../arm-atollic-eabi/lib/armv7e-m/fpu\libc_nano.a(lib_a-memcpy-stub.o)
                              Application\User\sensor_service.o (memcpy)
c:/program files (x86)/atollic/truestudio for stm32 9.3.0/armtools/bin/../lib/gcc/arm-atollic-eabi/6.3.1/../../../../arm-atollic-eabi/lib/armv7e-m/fpu\libc_nano.a(lib_a-memset.o)
                              Drivers\Board\steval_fcu001_v1_accelero.o (memset)
c:/program files (x86)/atollic/truestudio for stm32 9.3.0/armtools/bin/../lib/gcc/arm-atollic-eabi/6.3.1/../../../../arm-atollic-eabi/lib/armv7e-m/fpu\libc_nano.a(lib_a-nano-freer.o)
                              c:/program files (x86)/atollic/truestudio for stm32 9.3.0/armtools/bin/../lib/gcc/arm-atollic-eabi/6.3.1/../../../../arm-atollic-eabi/lib/armv7e-m/fpu\libc_nano.a(lib_a-malloc.o) (_free_r)
c:/program files (x86)/atollic/truestudio for stm32 9.3.0/armtools/bin/../lib/gcc/arm-atollic-eabi/6.3.1/../../../../arm-atollic-eabi/lib/armv7e-m/fpu\libc_nano.a(lib_a-nano-mallocr.o)
                              c:/program files (x86)/atollic/truestudio for stm32 9.3.0/armtools/bin/../lib/gcc/arm-atollic-eabi/6.3.1/../../../../arm-atollic-eabi/lib/armv7e-m/fpu\libc_nano.a(lib_a-malloc.o) (_malloc_r)
c:/program files (x86)/atollic/truestudio for stm32 9.3.0/armtools/bin/../lib/gcc/arm-atollic-eabi/6.3.1/../../../../arm-atollic-eabi/lib/armv7e-m/fpu\libc_nano.a(lib_a-sbrkr.o)
                              c:/program files (x86)/atollic/truestudio for stm32 9.3.0/armtools/bin/../lib/gcc/arm-atollic-eabi/6.3.1/../../../../arm-atollic-eabi/lib/armv7e-m/fpu\libc_nano.a(lib_a-nano-mallocr.o) (_sbrk_r)
c:/program files (x86)/atollic/truestudio for stm32 9.3.0/armtools/bin/../lib/gcc/arm-atollic-eabi/6.3.1/../../../../arm-atollic-eabi/lib/armv7e-m/fpu\libc_nano.a(lib_a-sprintf.o)
                              Application\User\sensor_service.o (sprintf)
c:/program files (x86)/atollic/truestudio for stm32 9.3.0/armtools/bin/../lib/gcc/arm-atollic-eabi/6.3.1/../../../../arm-atollic-eabi/lib/armv7e-m/fpu\libc_nano.a(lib_a-strncmp.o)
                              Application\User\sensor_service.o (strncmp)
c:/program files (x86)/atollic/truestudio for stm32 9.3.0/armtools/bin/../lib/gcc/arm-atollic-eabi/6.3.1/../../../../arm-atollic-eabi/lib/armv7e-m/fpu\libc_nano.a(lib_a-vsnprintf.o)
                              Application\User\debug.o (vsnprintf)
c:/program files (x86)/atollic/truestudio for stm32 9.3.0/armtools/bin/../lib/gcc/arm-atollic-eabi/6.3.1/../../../../arm-atollic-eabi/lib/armv7e-m/fpu\libc_nano.a(lib_a-impure.o)
                              c:/program files (x86)/atollic/truestudio for stm32 9.3.0/armtools/bin/../lib/gcc/arm-atollic-eabi/6.3.1/../../../../arm-atollic-eabi/lib/armv7e-m/fpu\libc_nano.a(lib_a-malloc.o) (_impure_ptr)
c:/program files (x86)/atollic/truestudio for stm32 9.3.0/armtools/bin/../lib/gcc/arm-atollic-eabi/6.3.1/../../../../arm-atollic-eabi/lib/armv7e-m/fpu\libc_nano.a(lib_a-mlock.o)
                              c:/program files (x86)/atollic/truestudio for stm32 9.3.0/armtools/bin/../lib/gcc/arm-atollic-eabi/6.3.1/../../../../arm-atollic-eabi/lib/armv7e-m/fpu\libc_nano.a(lib_a-nano-freer.o) (__malloc_lock)
c:/program files (x86)/atollic/truestudio for stm32 9.3.0/armtools/bin/../lib/gcc/arm-atollic-eabi/6.3.1/../../../../arm-atollic-eabi/lib/armv7e-m/fpu\libc_nano.a(lib_a-nano-svfprintf.o)
                              c:/program files (x86)/atollic/truestudio for stm32 9.3.0/armtools/bin/../lib/gcc/arm-atollic-eabi/6.3.1/../../../../arm-atollic-eabi/lib/armv7e-m/fpu\libc_nano.a(lib_a-sprintf.o) (_svfprintf_r)
c:/program files (x86)/atollic/truestudio for stm32 9.3.0/armtools/bin/../lib/gcc/arm-atollic-eabi/6.3.1/../../../../arm-atollic-eabi/lib/armv7e-m/fpu\libc_nano.a(lib_a-nano-vfprintf_i.o)
                              c:/program files (x86)/atollic/truestudio for stm32 9.3.0/armtools/bin/../lib/gcc/arm-atollic-eabi/6.3.1/../../../../arm-atollic-eabi/lib/armv7e-m/fpu\libc_nano.a(lib_a-nano-svfprintf.o) (_printf_i)
[...]
Memory Configuration

Name             Origin             Length             Attributes
RAM              0x20000000         0x00010000         xrw
FLASH            0x08000000         0x00040000         xr
*default*        0x00000000         0xffffffff

Linker script and memory map

LOAD c:/program files (x86)/atollic/truestudio for stm32 9.3.0/armtools/bin/../lib/gcc/arm-atollic-eabi/6.3.1/armv7e-m/fpu/crti.o
LOAD c:/program files (x86)/atollic/truestudio for stm32 9.3.0/armtools/bin/../lib/gcc/arm-atollic-eabi/6.3.1/armv7e-m/fpu/crtbegin.o
LOAD Application\TrueSTUDIO\startup_stm32f401xc.o
LOAD Application\User\ahrs.o
LOAD Application\User\basic_math.o
LOAD Application\User\console.o
LOAD Application\User\debug.o
LOAD Application\User\flight_control.o
LOAD Application\User\main1.o
LOAD Application\User\motor.o
LOAD Application\User\quaternion.o
LOAD Application\User\rc.o
LOAD Application\User\sensor_data.o
LOAD Application\User\sensor_service.o
LOAD Application\User\stm32f4xx_hal_msp.o
LOAD Application\User\stm32f4xx_it.o
LOAD Application\User\timer.o
LOAD Application\User\usb_device.o
LOAD Application\User\usbd_cdc_if.o
LOAD Application\User\usbd_conf.o
LOAD Application\User\usbd_desc.o
LOAD Drivers\Board\steval_fcu001_v1.o
LOAD Drivers\Board\steval_fcu001_v1_accelero.o
LOAD Drivers\Board\steval_fcu001_v1_gyro.o
LOAD Drivers\Board\steval_fcu001_v1_magneto.o
LOAD Drivers\Board\steval_fcu001_v1_pressure.o
LOAD Drivers\Board\steval_fcu001_v1_temperature.o
LOAD Drivers\CMSIS\system_stm32f4xx.o
LOAD Drivers\Components\LIS2MDL_MAG_driver.o
LOAD Drivers\Components\LIS2MDL_MAG_driver_HL.o
LOAD Drivers\Components\LIS3MDL_MAG_driver.o
LOAD Drivers\Components\LIS3MDL_MAG_driver_HL.o
LOAD Drivers\Components\LPS22HB_Driver.o
LOAD Drivers\Components\LPS22HB_Driver_HL.o
LOAD Drivers\Components\LSM303AGR_ACC_driver.o
LOAD Drivers\Components\LSM303AGR_ACC_driver_HL.o
LOAD Drivers\Components\LSM303AGR_MAG_driver.o
LOAD Drivers\Components\LSM303AGR_MAG_driver_HL.o
LOAD Drivers\Components\LSM6DSL_ACC_GYRO_driver.o
LOAD Drivers\Components\LSM6DSL_ACC_GYRO_driver_HL.o
LOAD Drivers\Components\SPBTLE_RF.o
LOAD Drivers\STM32F4xx_HAL_Driver\stm32f4xx_hal.o
LOAD Drivers\STM32F4xx_HAL_Driver\stm32f4xx_hal_adc.o
LOAD Drivers\STM32F4xx_HAL_Driver\stm32f4xx_hal_adc_ex.o
LOAD Drivers\STM32F4xx_HAL_Driver\stm32f4xx_hal_cortex.o
LOAD Drivers\STM32F4xx_HAL_Driver\stm32f4xx_hal_dma.o
LOAD Drivers\STM32F4xx_HAL_Driver\stm32f4xx_hal_dma_ex.o
LOAD Drivers\STM32F4xx_HAL_Driver\stm32f4xx_hal_flash.o
LOAD Drivers\STM32F4xx_HAL_Driver\stm32f4xx_hal_flash_ex.o
LOAD Drivers\STM32F4xx_HAL_Driver\stm32f4xx_hal_flash_ramfunc.o
LOAD Drivers\STM32F4xx_HAL_Driver\stm32f4xx_hal_gpio.o
LOAD Drivers\STM32F4xx_HAL_Driver\stm32f4xx_hal_pcd.o
LOAD Drivers\STM32F4xx_HAL_Driver\stm32f4xx_hal_pcd_ex.o
LOAD Drivers\STM32F4xx_HAL_Driver\stm32f4xx_hal_pwr.o
LOAD Drivers\STM32F4xx_HAL_Driver\stm32f4xx_hal_pwr_ex.o
LOAD Drivers\STM32F4xx_HAL_Driver\stm32f4xx_hal_rcc.o
LOAD Drivers\STM32F4xx_HAL_Driver\stm32f4xx_hal_rcc_ex.o
LOAD Drivers\STM32F4xx_HAL_Driver\stm32f4xx_hal_spi.o
LOAD Drivers\STM32F4xx_HAL_Driver\stm32f4xx_hal_tim.o
LOAD Drivers\STM32F4xx_HAL_Driver\stm32f4xx_hal_tim_ex.o
LOAD Drivers\STM32F4xx_HAL_Driver\stm32f4xx_hal_uart.o
LOAD Drivers\STM32F4xx_HAL_Driver\stm32f4xx_ll_usb.o
LOAD Middlewares\STM32_BlueNRG\HCI\Controller\bluenrg_gap_aci.o
LOAD Middlewares\STM32_BlueNRG\HCI\Controller\bluenrg_gatt_aci.o
LOAD Middlewares\STM32_BlueNRG\HCI\Controller\bluenrg_hal_aci.o
LOAD Middlewares\STM32_BlueNRG\HCI\Controller\bluenrg_l2cap_aci.o
LOAD Middlewares\STM32_BlueNRG\HCI\Controller\bluenrg_utils.o
LOAD Middlewares\STM32_BlueNRG\HCI\hci.o
LOAD Middlewares\STM32_BlueNRG\Interface\bluenrg_itf_template.o
LOAD Middlewares\STM32_BlueNRG\Utils\ble_list.o
LOAD Middlewares\STM32_BlueNRG\Utils\gp_timer.o
LOAD Middlewares\STM32_BlueNRG\Utils\osal.o
LOAD Middlewares\USB_Device_Library\usbd_cdc.o
LOAD Middlewares\USB_Device_Library\usbd_core.o
LOAD Middlewares\USB_Device_Library\usbd_ctlreq.o
LOAD Middlewares\USB_Device_Library\usbd_ioreq.o
                0x00000080                malloc_getpagesize_P = 0x80
START GROUP
LOAD c:/program files (x86)/atollic/truestudio for stm32 9.3.0/armtools/bin/../lib/gcc/arm-atollic-eabi/6.3.1/../../../../arm-atollic-eabi/lib/armv7e-m/fpu\libc_nano.a
LOAD c:/program files (x86)/atollic/truestudio for stm32 9.3.0/armtools/bin/../lib/gcc/arm-atollic-eabi/6.3.1/../../../../arm-atollic-eabi/lib/armv7e-m/fpu\libm.a
END GROUP
START GROUP
LOAD c:/program files (x86)/atollic/truestudio for stm32 9.3.0/armtools/bin/../lib/gcc/arm-atollic-eabi/6.3.1/armv7e-m/fpu\libgcc.a
LOAD c:/program files (x86)/atollic/truestudio for stm32 9.3.0/armtools/bin/../lib/gcc/arm-atollic-eabi/6.3.1/../../../../arm-atollic-eabi/lib/armv7e-m/fpu\libc_nano.a
END GROUP
START GROUP
LOAD c:/program files (x86)/atollic/truestudio for stm32 9.3.0/armtools/bin/../lib/gcc/arm-atollic-eabi/6.3.1/armv7e-m/fpu\libgcc.a
LOAD c:/program files (x86)/atollic/truestudio for stm32 9.3.0/armtools/bin/../lib/gcc/arm-atollic-eabi/6.3.1/../../../../arm-atollic-eabi/lib/armv7e-m/fpu\libc_nano.a
LOAD c:/program files (x86)/atollic/truestudio for stm32 9.3.0/armtools/bin/../lib/gcc/arm-atollic-eabi/6.3.1/../../../../arm-atollic-eabi/lib/armv7e-m/fpu\libnosys.a
END GROUP
START GROUP
LOAD c:/program files (x86)/atollic/truestudio for stm32 9.3.0/armtools/bin/../lib/gcc/arm-atollic-eabi/6.3.1/armv7e-m/fpu\libgcc.a
LOAD c:/program files (x86)/atollic/truestudio for stm32 9.3.0/armtools/bin/../lib/gcc/arm-atollic-eabi/6.3.1/../../../../arm-atollic-eabi/lib/armv7e-m/fpu\libc_nano.a
LOAD c:/program files (x86)/atollic/truestudio for stm32 9.3.0/armtools/bin/../lib/gcc/arm-atollic-eabi/6.3.1/../../../../arm-atollic-eabi/lib/armv7e-m/fpu\libnosys.a
END GROUP
LOAD c:/program files (x86)/atollic/truestudio for stm32 9.3.0/armtools/bin/../lib/gcc/arm-atollic-eabi/6.3.1/armv7e-m/fpu/crtend.o
LOAD c:/program files (x86)/atollic/truestudio for stm32 9.3.0/armtools/bin/../lib/gcc/arm-atollic-eabi/6.3.1/armv7e-m/fpu/crtn.o
                0x20010000                _estack = 0x20010000
                0x00004000                _Min_Heap_Size = 0x4000
                0x00004000                _Min_Stack_Size = 0x4000

.isr_vector     0x08000000      0x194
                0x08000000                . = ALIGN (0x4)
 *(.isr_vector)
 .isr_vector    0x08000000      0x194 Application\TrueSTUDIO\startup_stm32f401xc.o
                0x08000000                g_pfnVectors
                0x08000194                . = ALIGN (0x4)

.text           0x080001a0    0x17860
                0x080001a0                . = ALIGN (0x4)
 *(.text)
 .text          0x080001a0       0x40 c:/program files (x86)/atollic/truestudio for stm32 9.3.0/armtools/bin/../lib/gcc/arm-atollic-eabi/6.3.1/armv7e-m/fpu/crtbegin.o
 .text          0x080001e0       0xa0 c:/program files (x86)/atollic/truestudio for stm32 9.3.0/armtools/bin/../lib/gcc/arm-atollic-eabi/6.3.1/../../../../arm-atollic-eabi/lib/armv7e-m/fpu\libc_nano.a(lib_a-memchr.o)
                0x080001e0                memchr
 .text          0x08000280      0x370 c:/program files (x86)/atollic/truestudio for stm32 9.3.0/armtools/bin/../lib/gcc/arm-atollic-eabi/6.3.1/armv7e-m/fpu\libgcc.a(_arm_addsubdf3.o)
                0x08000280                __aeabi_drsub
                0x08000288                __aeabi_dsub
                0x08000288                __subdf3
                0x0800028c                __aeabi_dadd
                0x0800028c                __adddf3
                0x08000504                __floatunsidf
                0x08000504                __aeabi_ui2d
                0x08000524                __floatsidf
                0x08000524                __aeabi_i2d
                0x08000548                __aeabi_f2d
                0x08000548                __extendsfdf2
                0x08000584                __floatundidf
                0x08000584                __aeabi_ul2d
                0x08000594                __floatdidf
                0x08000594                __aeabi_l2d
 .text          0x080005f0      0x424 c:/program files (x86)/atollic/truestudio for stm32 9.3.0/armtools/bin/../lib/gcc/arm-atollic-eabi/6.3.1/armv7e-m/fpu\libgcc.a(_arm_muldivdf3.o)
                0x080005f0                __aeabi_dmul
                0x080005f0                __muldf3
                0x08000844                __divdf3
                0x08000844                __aeabi_ddiv
 .text          0x08000a14      0x110 c:/program files (x86)/atollic/truestudio for stm32 9.3.0/armtools/bin/../lib/gcc/arm-atollic-eabi/6.3.1/armv7e-m/fpu\libgcc.a(_arm_cmpdf2.o)
                0x08000a14                __gtdf2
                0x08000a14                __gedf2
                0x08000a1c                __ltdf2
                0x08000a1c                __ledf2
                0x08000a24                __nedf2
                0x08000a24                __eqdf2
                0x08000a24                __cmpdf2
                0x08000aa0                __aeabi_cdrcmple
                0x08000ab0                __aeabi_cdcmpeq
                0x08000ab0                __aeabi_cdcmple
                0x08000ac0                __aeabi_dcmpeq
                0x08000ad4                __aeabi_dcmplt
                0x08000ae8                __aeabi_dcmple
                0x08000afc                __aeabi_dcmpge
                0x08000b10                __aeabi_dcmpgt
 .text          0x08000b24       0x2c c:/program files (x86)/atollic/truestudio for stm32 9.3.0/armtools/bin/../lib/gcc/arm-atollic-eabi/6.3.1/armv7e-m/fpu\libgcc.a(_arm_unorddf2.o)
                0x08000b24                __unorddf2
                0x08000b24                __aeabi_dcmpun
 .text          0x08000b50       0xa0 c:/program files (x86)/atollic/truestudio for stm32 9.3.0/armtools/bin/../lib/gcc/arm-atollic-eabi/6.3.1/armv7e-m/fpu\libgcc.a(_arm_truncdfsf2.o)
                0x08000b50                __truncdfsf2
                0x08000b50                __aeabi_d2f
 .text          0x08000bf0       0xa0 c:/program files (x86)/atollic/truestudio for stm32 9.3.0/armtools/bin/../lib/gcc/arm-atollic-eabi/6.3.1/armv7e-m/fpu\libgcc.a(_aeabi_ldivmod.o)
                0x08000bf0                __aeabi_ldivmod
 .text          0x08000c90      0x2dc c:/program files (x86)/atollic/truestudio for stm32 9.3.0/armtools/bin/../lib/gcc/arm-atollic-eabi/6.3.1/armv7e-m/fpu\libgcc.a(_udivmoddi4.o)
                0x08000c90                __udivmoddi4
 .text          0x08000f6c        0x4 c:/program files (x86)/atollic/truestudio for stm32 9.3.0/armtools/bin/../lib/gcc/arm-atollic-eabi/6.3.1/armv7e-m/fpu\libgcc.a(_dvmd_tls.o)
                0x08000f6c                __aeabi_idiv0
                0x08000f6c                __aeabi_ldiv0
 *(.text*)
 .text.Reset_Handler
                0x08000f70       0x50 Application\TrueSTUDIO\startup_stm32f401xc.o
                0x08000f70                Reset_Handler
 .text.Default_Handler
                0x08000fc0        0x2 Application\TrueSTUDIO\startup_stm32f401xc.o
                0x08000fc0                RTC_Alarm_IRQHandler
                0x08000fc0                EXTI2_IRQHandler
                0x08000fc0                DebugMon_Handler
                0x08000fc0                SPI4_IRQHandler
                0x08000fc0                TIM1_CC_IRQHandler
                0x08000fc0                DMA2_Stream5_IRQHandler
                0x08000fc0                HardFault_Handler
                0x08000fc0                DMA1_Stream5_IRQHandler
                0x08000fc0                PVD_IRQHandler
                0x08000fc0                SDIO_IRQHandler
                0x08000fc0                TAMP_STAMP_IRQHandler
                0x08000fc0                PendSV_Handler
                0x08000fc0                NMI_Handler
                0x08000fc0                EXTI3_IRQHandler
                0x08000fc0                TIM1_UP_TIM10_IRQHandler
                0x08000fc0                I2C3_ER_IRQHandler
                0x08000fc0                EXTI0_IRQHandler
                0x08000fc0                I2C2_EV_IRQHandler
                0x08000fc0                DMA1_Stream2_IRQHandler
                0x08000fc0                FPU_IRQHandler
                0x08000fc0                UsageFault_Handler
                0x08000fc0                DMA2_Stream2_IRQHandler
                0x08000fc0                DMA2_Stream3_IRQHandler
                0x08000fc0                USART6_IRQHandler
                0x08000fc0                DMA2_Stream0_IRQHandler
                0x08000fc0                TIM4_IRQHandler
                0x08000fc0                I2C1_EV_IRQHandler
                0x08000fc0                DMA1_Stream6_IRQHandler
                0x08000fc0                DMA1_Stream1_IRQHandler
                0x08000fc0                TIM3_IRQHandler
                0x08000fc0                RCC_IRQHandler
                0x08000fc0                Default_Handler
                0x08000fc0                EXTI15_10_IRQHandler
                0x08000fc0                ADC_IRQHandler
                0x08000fc0                DMA1_Stream7_IRQHandler
                0x08000fc0                TIM5_IRQHandler
                0x08000fc0                DMA2_Stream7_IRQHandler
                0x08000fc0                I2C3_EV_IRQHandler
                0x08000fc0                EXTI9_5_IRQHandler
                0x08000fc0                RTC_WKUP_IRQHandler
                0x08000fc0                MemManage_Handler
                0x08000fc0                DMA1_Stream0_IRQHandler
                0x08000fc0                SVC_Handler
                0x08000fc0                WWDG_IRQHandler
                0x08000fc0                OTG_FS_WKUP_IRQHandler
                0x08000fc0                TIM1_TRG_COM_TIM11_IRQHandler
                0x08000fc0                EXTI1_IRQHandler
                0x08000fc0                USART2_IRQHandler
                0x08000fc0                I2C2_ER_IRQHandler
                0x08000fc0                DMA2_Stream1_IRQHandler
                0x08000fc0                FLASH_IRQHandler
                0x08000fc0                DMA2_Stream4_IRQHandler
                0x08000fc0                BusFault_Handler
                0x08000fc0                SPI3_IRQHandler
                0x08000fc0                DMA1_Stream4_IRQHandler
                0x08000fc0                I2C1_ER_IRQHandler
                0x08000fc0                DMA2_Stream6_IRQHandler
                0x08000fc0                DMA1_Stream3_IRQHandler
 *fill*         0x08000fc2        0x2 
 .text.ahrs_fusion_ag
                0x08000fc4      0x518 Application\User\ahrs.o
                0x08000fc4                ahrs_fusion_ag
 .text.invSqrt  0x080014dc       0x78 Application\User\basic_math.o
                0x080014dc                invSqrt
 .text.myprintf
                0x08001554       0x44 Application\User\debug.o
                0x08001554                myprintf
 .text.usart_puts
                0x08001598       0x28 Application\User\debug.o
                0x08001598                usart_puts
 .text.PIDControlInit
                0x080015c0       0xf0 Application\User\flight_control.o
                0x080015c0                PIDControlInit
 .text.FlightControlPID_OuterLoop
                0x080016b0      0x238 Application\User\flight_control.o
                0x080016b0                FlightControlPID_OuterLoop
 .text.FlightControlPID_innerLoop
                0x080018e8      0x548 Application\User\flight_control.o
                0x080018e8                FlightControlPID_innerLoop
 .text.main     0x08001e30      0xa84 Application\User\main1.o
                0x08001e30                main
 .text.SystemClock_Config
                0x080028b4       0xd0 Application\User\main1.o
                0x080028b4                SystemClock_Config
 .text.MX_ADC1_Init
                0x08002984       0x78 Application\User\main1.o
 .text.MX_TIM2_Init
                0x080029fc       0xa8 Application\User\main1.o
 .text.MX_TIM4_Init
                0x08002aa4       0xa8 Application\User\main1.o
 .text.MX_TIM9_Init
                0x08002b4c       0x4c Application\User\main1.o
 .text.MX_USART1_UART_Init
                0x08002b98       0x48 Application\User\main1.o
 .text.MX_GPIO_Init
                0x08002be0       0x88 Application\User\main1.o
 .text.HAL_TIM_PeriodElapsedCallback
                0x08002c68      0x974 Application\User\main1.o
                0x08002c68                HAL_TIM_PeriodElapsedCallback
 .text.initializeAllSensors
                0x080035dc       0x6c Application\User\main1.o
 .text.enableAllSensors
                0x08003648       0x80 Application\User\main1.o
                0x08003648                enableAllSensors
 .text.BlueNRG_Init
                0x080036c8      0x264 Application\User\main1.o
                0x080036c8                BlueNRG_Init
 .text.Init_BlueNRG_Custom_Services
                0x0800392c       0x7c Application\User\main1.o
 .text.SendMotionData
                0x080039a8       0x60 Application\User\main1.o
 .text.SendBattEnvData
                0x08003a08      0x228 Application\User\main1.o
 .text.SendArmingData
                0x08003c30       0x18 Application\User\main1.o
 .text.set_motor_pwm
                0x08003c48      0x154 Application\User\motor.o
                0x08003c48                set_motor_pwm
 .text.set_motor_pwm_zero
                0x08003d9c       0x34 Application\User\motor.o
                0x08003d9c                set_motor_pwm_zero
 .text.QuaternionToEuler
                0x08003dd0      0x164 Application\User\quaternion.o
                0x08003dd0                QuaternionToEuler
 .text.init_remote_control
                0x08003f34       0x60 Application\User\rc.o
                0x08003f34                init_remote_control
 .text.init_rc_variables
                0x08003f94       0x68 Application\User\rc.o
                0x08003f94                init_rc_variables
 .text.HAL_TIM_IC_CaptureCallback
                0x08003ffc       0x16 Application\User\rc.o
                0x08003ffc                HAL_TIM_IC_CaptureCallback
 *fill*         0x08004012        0x2 
 .text.HAL_SYSTICK_Callback
                0x08004014       0x3c Application\User\rc.o
                0x08004014                HAL_SYSTICK_Callback
 .text.update_rc_data
                0x08004050       0xb4 Application\User\rc.o
                0x08004050                update_rc_data
 .text.GetTargetEulerAngle
                0x08004104      0x174 Application\User\rc.o
                0x08004104                GetTargetEulerAngle
 .text.init_queue
                0x08004278       0x5e Application\User\rc.o
                0x08004278                init_queue
 .text.ReadSensorRawData
                0x080042d6       0xaa Application\User\sensor_data.o
                0x080042d6                ReadSensorRawData
 .text.safe_aci_gatt_update_char_value
                0x08004380       0x68 Application\User\sensor_service.o
                0x08004380                safe_aci_gatt_update_char_value
 .text.Add_ConfigW2ST_Service
                0x080043e8       0xec Application\User\sensor_service.o
                0x080043e8                Add_ConfigW2ST_Service
 .text.Add_ConsoleW2ST_Service
                0x080044d4      0x164 Application\User\sensor_service.o
                0x080044d4                Add_ConsoleW2ST_Service
 .text.Stderr_Update
                0x08004638       0x90 Application\User\sensor_service.o
                0x08004638                Stderr_Update
 .text.Term_Update
                0x080046c8       0x9c Application\User\sensor_service.o
                0x080046c8                Term_Update
 .text.Stderr_Update_AfterRead
                0x08004764       0x48 Application\User\sensor_service.o
 .text.Term_Update_AfterRead
                0x080047ac       0x9c Application\User\sensor_service.o
 .text.Add_HWServW2ST_Service
                0x08004848      0x32c Application\User\sensor_service.o
                0x08004848                Add_HWServW2ST_Service
 .text.AccGyroMag_Update
                0x08004b74      0x1b0 Application\User\sensor_service.o
                0x08004b74                AccGyroMag_Update
 .text.Batt_Env_RSSI_Update
                0x08004d24      0x198 Application\User\sensor_service.o
                0x08004d24                Batt_Env_RSSI_Update
 .text.ARMING_Update
                0x08004ebc       0xb8 Application\User\sensor_service.o
                0x08004ebc                ARMING_Update
 .text.setConnectable
                0x08004f74       0xcc Application\User\sensor_service.o
                0x08004f74                setConnectable
 .text.GAP_ConnectionComplete_CB
                0x08005040       0x98 Application\User\sensor_service.o
 .text.GAP_DisconnectionComplete_CB
                0x080050d8       0x40 Application\User\sensor_service.o
 .text.Read_Request_CB
                0x08005118      0x128 Application\User\sensor_service.o
                0x08005118                Read_Request_CB
 .text.Attribute_Modified_CB
                0x08005240      0x24c Application\User\sensor_service.o
                0x08005240                Attribute_Modified_CB
 .text.DebugConsoleCommandParsing
                0x0800548c      0x478 Application\User\sensor_service.o
 .text.ConfigCommandParsing
                0x08005904       0x1e Application\User\sensor_service.o
 *fill*         0x08005922        0x2 
 .text.HCI_Event_CB
                0x08005924       0xe4 Application\User\sensor_service.o
                0x08005924                HCI_Event_CB
 .text.DisableHWFeatures
                0x08005a08        0xe Application\User\sensor_service.o
 .text.HAL_MspInit
                0x08005a16       0x1a Application\User\stm32f4xx_hal_msp.o
                0x08005a16                HAL_MspInit
 .text.HAL_ADC_MspInit
                0x08005a30       0x5c Application\User\stm32f4xx_hal_msp.o
                0x08005a30                HAL_ADC_MspInit
 .text.HAL_SPI_MspInit
                0x08005a8c      0x168 Application\User\stm32f4xx_hal_msp.o
                0x08005a8c                HAL_SPI_MspInit
 .text.HAL_TIM_Base_MspInit
                0x08005bf4       0xfc Application\User\stm32f4xx_hal_msp.o
                0x08005bf4                HAL_TIM_Base_MspInit
 .text.HAL_UART_MspInit
                0x08005cf0       0x74 Application\User\stm32f4xx_hal_msp.o
                0x08005cf0                HAL_UART_MspInit
 .text.SysTick_Handler
                0x08005d64       0x10 Application\User\stm32f4xx_it.o
                0x08005d64                SysTick_Handler
 .text.TIM1_BRK_TIM9_IRQHandler
                0x08005d74       0x14 Application\User\stm32f4xx_it.o
                0x08005d74                TIM1_BRK_TIM9_IRQHandler
 .text.TIM2_IRQHandler
                0x08005d88       0x14 Application\User\stm32f4xx_it.o
                0x08005d88                TIM2_IRQHandler
 .text.SPI1_IRQHandler
                0x08005d9c       0x14 Application\User\stm32f4xx_it.o
                0x08005d9c                SPI1_IRQHandler
 .text.SPI2_IRQHandler
                0x08005db0       0x14 Application\User\stm32f4xx_it.o
                0x08005db0                SPI2_IRQHandler
 .text.USART1_IRQHandler
                0x08005dc4       0x14 Application\User\stm32f4xx_it.o
                0x08005dc4                USART1_IRQHandler
 .text.OTG_FS_IRQHandler
                0x08005dd8       0x14 Application\User\stm32f4xx_it.o
                0x08005dd8                OTG_FS_IRQHandler
 .text.EXTI4_IRQHandler
                0x08005dec        0xe Application\User\stm32f4xx_it.o
                0x08005dec                EXTI4_IRQHandler
 .text.SetupTimer
                0x08005dfa       0x2e Application\User\timer.o
                0x08005dfa                SetupTimer
 .text.StartTimer
                0x08005e28       0x26 Application\User\timer.o
                0x08005e28                StartTimer
 .text.ClearTimer
                0x08005e4e       0x1a Application\User\timer.o
                0x08005e4e                ClearTimer
 .text.TimerProcess
                0x08005e68       0x42 Application\User\timer.o
                0x08005e68                TimerProcess
 .text.isTimerEventExist
                0x08005eaa       0x18 Application\User\timer.o
                0x08005eaa                isTimerEventExist
 *fill*         0x08005ec2        0x2 
 .text.User_Timer_Callback
                0x08005ec4       0x14 Application\User\timer.o
                0x08005ec4                User_Timer_Callback
 .text.HAL_PCD_SetupStageCallback
                0x08005ed8       0x24 Application\User\usbd_conf.o
                0x08005ed8                HAL_PCD_SetupStageCallback
 .text.HAL_PCD_DataOutStageCallback
                0x08005efc       0x36 Application\User\usbd_conf.o
                0x08005efc                HAL_PCD_DataOutStageCallback
 .text.HAL_PCD_DataInStageCallback
                0x08005f32       0x34 Application\User\usbd_conf.o
                0x08005f32                HAL_PCD_DataInStageCallback
 .text.HAL_PCD_SOFCallback
                0x08005f66       0x1c Application\User\usbd_conf.o
                0x08005f66                HAL_PCD_SOFCallback
 .text.HAL_PCD_ResetCallback
                0x08005f82       0x50 Application\User\usbd_conf.o
                0x08005f82                HAL_PCD_ResetCallback
 *fill*         0x08005fd2        0x2 
 .text.HAL_PCD_SuspendCallback
                0x08005fd4       0x50 Application\User\usbd_conf.o
                0x08005fd4                HAL_PCD_SuspendCallback
 .text.HAL_PCD_ResumeCallback
                0x08006024       0x1c Application\User\usbd_conf.o
                0x08006024                HAL_PCD_ResumeCallback
 .text.HAL_PCD_ISOOUTIncompleteCallback
                0x08006040       0x24 Application\User\usbd_conf.o
                0x08006040                HAL_PCD_ISOOUTIncompleteCallback
 .text.HAL_PCD_ISOINIncompleteCallback
                0x08006064       0x24 Application\User\usbd_conf.o
                0x08006064                HAL_PCD_ISOINIncompleteCallback
 .text.HAL_PCD_ConnectCallback
                0x08006088       0x1c Application\User\usbd_conf.o
                0x08006088                HAL_PCD_ConnectCallback
 .text.HAL_PCD_DisconnectCallback
                0x080060a4       0x1c Application\User\usbd_conf.o
                0x080060a4                HAL_PCD_DisconnectCallback
 .text.USBD_LL_OpenEP
                0x080060c0       0x34 Application\User\usbd_conf.o
                0x080060c0                USBD_LL_OpenEP
 .text.USBD_LL_StallEP
                0x080060f4       0x26 Application\User\usbd_conf.o
                0x080060f4                USBD_LL_StallEP
 .text.USBD_LL_ClearStallEP
                0x0800611a       0x26 Application\User\usbd_conf.o
                0x0800611a                USBD_LL_ClearStallEP
 .text.USBD_LL_IsStallEP
                0x08006140       0x58 Application\User\usbd_conf.o
                0x08006140                USBD_LL_IsStallEP
 .text.USBD_LL_SetUSBAddress
                0x08006198       0x26 Application\User\usbd_conf.o
                0x08006198                USBD_LL_SetUSBAddress
 .text.USBD_LL_Transmit
                0x080061be       0x2e Application\User\usbd_conf.o
                0x080061be                USBD_LL_Transmit
 .text.USBD_LL_PrepareReceive
                0x080061ec       0x2e Application\User\usbd_conf.o
                0x080061ec                USBD_LL_PrepareReceive
 *fill*         0x0800621a        0x2 
 .text.BSP_LED_Init
                0x0800621c       0x8c Drivers\Board\steval_fcu001_v1.o
                0x0800621c                BSP_LED_Init
 .text.BSP_LED_On
                0x080062a8       0x34 Drivers\Board\steval_fcu001_v1.o
                0x080062a8                BSP_LED_On
 .text.BSP_LED_Off
                0x080062dc       0x34 Drivers\Board\steval_fcu001_v1.o
                0x080062dc                BSP_LED_Off
 .text.BSP_LED_Toggle
                0x08006310       0x34 Drivers\Board\steval_fcu001_v1.o
                0x08006310                BSP_LED_Toggle
 .text.Sensor_IO_SPI_Init
                0x08006344      0x110 Drivers\Board\steval_fcu001_v1.o
                0x08006344                Sensor_IO_SPI_Init
 .text.Sensor_IO_SPI_CS_Init_All
                0x08006454      0x100 Drivers\Board\steval_fcu001_v1.o
                0x08006454                Sensor_IO_SPI_CS_Init_All
 .text.Sensor_IO_SPI_CS_Init
                0x08006554       0xfc Drivers\Board\steval_fcu001_v1.o
                0x08006554                Sensor_IO_SPI_CS_Init
 .text.Sensor_IO_Write
                0x08006650       0x2a Drivers\Board\steval_fcu001_v1.o
                0x08006650                Sensor_IO_Write
 .text.Sensor_IO_Read
                0x0800667a       0x74 Drivers\Board\steval_fcu001_v1.o
                0x0800667a                Sensor_IO_Read
 *fill*         0x080066ee        0x2 
 .text.Sensor_IO_SPI_Write
                0x080066f0       0x60 Drivers\Board\steval_fcu001_v1.o
                0x080066f0                Sensor_IO_SPI_Write
 .text.Sensor_IO_SPI_Read
                0x08006750       0x9c Drivers\Board\steval_fcu001_v1.o
                0x08006750                Sensor_IO_SPI_Read
 .text.Sensor_IO_SPI_CS_Enable
                0x080067ec       0x5c Drivers\Board\steval_fcu001_v1.o
                0x080067ec                Sensor_IO_SPI_CS_Enable
 .text.Sensor_IO_SPI_CS_Disable
                0x08006848       0x5c Drivers\Board\steval_fcu001_v1.o
                0x08006848                Sensor_IO_SPI_CS_Disable
 .text.LSM6DSL_Sensor_IO_ITConfig
                0x080068a4       0x10 Drivers\Board\steval_fcu001_v1.o
                0x080068a4                LSM6DSL_Sensor_IO_ITConfig
 .text.SPI_Read
                0x080068b4      0x174 Drivers\Board\steval_fcu001_v1.o
                0x080068b4                SPI_Read
 .text.SPI_Read_nBytes
                0x08006a28       0xa4 Drivers\Board\steval_fcu001_v1.o
                0x08006a28                SPI_Read_nBytes
 .text.SPI_Write
                0x08006acc       0x52 Drivers\Board\steval_fcu001_v1.o
                0x08006acc                SPI_Write
 .text.Sensor_IO_Init
                0x08006b1e       0x10 Drivers\Board\steval_fcu001_v1.o
                0x08006b1e                Sensor_IO_Init
 .text.BSP_ACCELERO_Init
                0x08006b2e       0x6e Drivers\Board\steval_fcu001_v1_accelero.o
                0x08006b2e                BSP_ACCELERO_Init
 .text.BSP_LSM6DSL_ACCELERO_Init
                0x08006b9c      0x140 Drivers\Board\steval_fcu001_v1_accelero.o
 .text.BSP_LSM303AGR_ACCELERO_Init
                0x08006cdc       0xe4 Drivers\Board\steval_fcu001_v1_accelero.o
 .text.BSP_ACCELERO_Sensor_Enable
                0x08006dc0       0x48 Drivers\Board\steval_fcu001_v1_accelero.o
                0x08006dc0                BSP_ACCELERO_Sensor_Enable
 .text.BSP_ACCELERO_Get_Axes
                0x08006e08       0x56 Drivers\Board\steval_fcu001_v1_accelero.o
                0x08006e08                BSP_ACCELERO_Get_Axes
 .text.BSP_ACCELERO_Set_ODR_Value
                0x08006e5e       0x50 Drivers\Board\steval_fcu001_v1_accelero.o
                0x08006e5e                BSP_ACCELERO_Set_ODR_Value
 .text.BSP_ACCELERO_Set_FS
                0x08006eae       0x50 Drivers\Board\steval_fcu001_v1_accelero.o
                0x08006eae                BSP_ACCELERO_Set_FS
 .text.BSP_ACCELERO_Read_Reg
                0x08006efe       0x5c Drivers\Board\steval_fcu001_v1_accelero.o
                0x08006efe                BSP_ACCELERO_Read_Reg
 .text.BSP_ACCELERO_Write_Reg
                0x08006f5a       0x54 Drivers\Board\steval_fcu001_v1_accelero.o
                0x08006f5a                BSP_ACCELERO_Write_Reg
 .text.BSP_GYRO_Init
                0x08006fae       0x4a Drivers\Board\steval_fcu001_v1_gyro.o
                0x08006fae                BSP_GYRO_Init
 .text.BSP_LSM6DSL_GYRO_Init
                0x08006ff8      0x138 Drivers\Board\steval_fcu001_v1_gyro.o
 .text.BSP_GYRO_Sensor_Enable
                0x08007130       0x48 Drivers\Board\steval_fcu001_v1_gyro.o
                0x08007130                BSP_GYRO_Sensor_Enable
 .text.BSP_GYRO_Get_Axes
                0x08007178       0x56 Drivers\Board\steval_fcu001_v1_gyro.o
                0x08007178                BSP_GYRO_Get_Axes
 .text.BSP_GYRO_Write_Reg
                0x080071ce       0x54 Drivers\Board\steval_fcu001_v1_gyro.o
                0x080071ce                BSP_GYRO_Write_Reg
 .text.BSP_MAGNETO_Init
                0x08007222       0x4a Drivers\Board\steval_fcu001_v1_magneto.o
                0x08007222                BSP_MAGNETO_Init
 .text.BSP_LIS2MDL_MAGNETO_Init
                0x0800726c       0xd8 Drivers\Board\steval_fcu001_v1_magneto.o
 .text.BSP_MAGNETO_Sensor_Enable
                0x08007344       0x48 Drivers\Board\steval_fcu001_v1_magneto.o
                0x08007344                BSP_MAGNETO_Sensor_Enable
 .text.BSP_MAGNETO_Get_Axes
                0x0800738c       0x56 Drivers\Board\steval_fcu001_v1_magneto.o
                0x0800738c                BSP_MAGNETO_Get_Axes
 .text.BSP_MAGNETO_Write_Reg
                0x080073e2       0x54 Drivers\Board\steval_fcu001_v1_magneto.o
                0x080073e2                BSP_MAGNETO_Write_Reg
 .text.BSP_PRESSURE_Init
                0x08007436       0x4a Drivers\Board\steval_fcu001_v1_pressure.o
                0x08007436                BSP_PRESSURE_Init
 .text.BSP_LPS22HB_PRESSURE_Init
                0x08007480      0x170 Drivers\Board\steval_fcu001_v1_pressure.o
 .text.BSP_PRESSURE_Sensor_Enable
                0x080075f0       0x48 Drivers\Board\steval_fcu001_v1_pressure.o
                0x080075f0                BSP_PRESSURE_Sensor_Enable
 .text.BSP_PRESSURE_IsInitialized
                0x08007638       0x38 Drivers\Board\steval_fcu001_v1_pressure.o
                0x08007638                BSP_PRESSURE_IsInitialized
 .text.BSP_PRESSURE_Get_Press
                0x08007670       0x56 Drivers\Board\steval_fcu001_v1_pressure.o
                0x08007670                BSP_PRESSURE_Get_Press
 .text.BSP_TEMPERATURE_Init
                0x080076c6       0x2c Drivers\Board\steval_fcu001_v1_temperature.o
                0x080076c6                BSP_TEMPERATURE_Init
 *fill*         0x080076f2        0x2 
 .text.BSP_LPS22HB_TEMPERATURE_Init
                0x080076f4      0x158 Drivers\Board\steval_fcu001_v1_temperature.o
 .text.BSP_TEMPERATURE_Sensor_Enable
                0x0800784c       0x48 Drivers\Board\steval_fcu001_v1_temperature.o
                0x0800784c                BSP_TEMPERATURE_Sensor_Enable
 .text.BSP_TEMPERATURE_Get_Temp
                0x08007894       0x56 Drivers\Board\steval_fcu001_v1_temperature.o
                0x08007894                BSP_TEMPERATURE_Get_Temp
 *fill*         0x080078ea        0x2 
 .text.SystemInit
                0x080078ec       0x6c Drivers\CMSIS\system_stm32f4xx.o
                0x080078ec                SystemInit
 .text.LIS2MDL_MAG_WriteReg
                0x08007958       0x34 Drivers\Components\LIS2MDL_MAG_driver.o
                0x08007958                LIS2MDL_MAG_WriteReg
 .text.LIS2MDL_MAG_ReadReg
                0x0800798c       0x34 Drivers\Components\LIS2MDL_MAG_driver.o
                0x0800798c                LIS2MDL_MAG_ReadReg
 .text.LIS2MDL_MAG_R_WhoAmI_Bits
                0x080079c0       0x3a Drivers\Components\LIS2MDL_MAG_driver.o
                0x080079c0                LIS2MDL_MAG_R_WhoAmI_Bits
 .text.LIS2MDL_MAG_W_Operating_Mode
                0x080079fa       0x5a Drivers\Components\LIS2MDL_MAG_driver.o
                0x080079fa                LIS2MDL_MAG_W_Operating_Mode
 .text.LIS2MDL_MAG_W_DataRate
                0x08007a54       0x5a Drivers\Components\LIS2MDL_MAG_driver.o
                0x08007a54                LIS2MDL_MAG_W_DataRate
 .text.LIS2MDL_MAG_R_DataRate
                0x08007aae       0x38 Drivers\Components\LIS2MDL_MAG_driver.o
                0x08007aae                LIS2MDL_MAG_R_DataRate
 .text.LIS2MDL_MAG_W_SelfTest
                0x08007ae6       0x5a Drivers\Components\LIS2MDL_MAG_driver.o
                0x08007ae6                LIS2MDL_MAG_W_SelfTest
 .text.LIS2MDL_MAG_W_BlockDataUpdate
                0x08007b40       0x5a Drivers\Components\LIS2MDL_MAG_driver.o
                0x08007b40                LIS2MDL_MAG_W_BlockDataUpdate
 .text.LIS2MDL_MAG_R_STATUS_bits
                0x08007b9a       0x32 Drivers\Components\LIS2MDL_MAG_driver.o
                0x08007b9a                LIS2MDL_MAG_R_STATUS_bits
 .text.LIS2MDL_MAG_Get_MagneticOutputs
                0x08007bcc       0x66 Drivers\Components\LIS2MDL_MAG_driver.o
                0x08007bcc                LIS2MDL_MAG_Get_MagneticOutputs
 .text.LIS2MDL_Init
                0x08007c32       0x82 Drivers\Components\LIS2MDL_MAG_driver_HL.o
 .text.LIS2MDL_DeInit
                0x08007cb4       0x38 Drivers\Components\LIS2MDL_MAG_driver_HL.o
 .text.LIS2MDL_Sensor_Enable
                0x08007cec       0x36 Drivers\Components\LIS2MDL_MAG_driver_HL.o
 .text.LIS2MDL_Sensor_Disable
                0x08007d22       0x36 Drivers\Components\LIS2MDL_MAG_driver_HL.o
 .text.LIS2MDL_Get_WhoAmI
                0x08007d58       0x26 Drivers\Components\LIS2MDL_MAG_driver_HL.o
 .text.LIS2MDL_Check_WhoAmI
                0x08007d7e       0x3a Drivers\Components\LIS2MDL_MAG_driver_HL.o
 .text.LIS2MDL_Get_Axes
                0x08007db8       0xa6 Drivers\Components\LIS2MDL_MAG_driver_HL.o
 .text.LIS2MDL_Get_AxesRaw
                0x08007e5e       0x42 Drivers\Components\LIS2MDL_MAG_driver_HL.o
 .text.LIS2MDL_Get_Sensitivity
                0x08007ea0       0x20 Drivers\Components\LIS2MDL_MAG_driver_HL.o
 .text.LIS2MDL_Get_ODR
                0x08007ec0       0xa8 Drivers\Components\LIS2MDL_MAG_driver_HL.o
 .text.LIS2MDL_Set_ODR
                0x08007f68       0x6c Drivers\Components\LIS2MDL_MAG_driver_HL.o
 .text.LIS2MDL_Set_ODR_Value
                0x08007fd4       0x74 Drivers\Components\LIS2MDL_MAG_driver_HL.o
 .text.LIS2MDL_Get_FS
                0x08008048       0x24 Drivers\Components\LIS2MDL_MAG_driver_HL.o
 .text.LIS2MDL_Set_FS
                0x0800806c       0x1a Drivers\Components\LIS2MDL_MAG_driver_HL.o
 .text.LIS2MDL_Set_FS_Value
                0x08008086       0x1a Drivers\Components\LIS2MDL_MAG_driver_HL.o
 .text.LIS2MDL_Read_Reg
                0x080080a0       0x2e Drivers\Components\LIS2MDL_MAG_driver_HL.o
 .text.LIS2MDL_Write_Reg
                0x080080ce       0x30 Drivers\Components\LIS2MDL_MAG_driver_HL.o
 .text.LIS2MDL_Get_DRDY_Status
                0x080080fe       0x60 Drivers\Components\LIS2MDL_MAG_driver_HL.o
 .text.LIS2MDL_Get_Axes_Raw
                0x0800815e       0x5c Drivers\Components\LIS2MDL_MAG_driver_HL.o
 .text.LPS22HB_ReadReg
                0x080081ba       0x56 Drivers\Components\LPS22HB_Driver.o
                0x080081ba                LPS22HB_ReadReg
 .text.LPS22HB_WriteReg
                0x08008210       0x56 Drivers\Components\LPS22HB_Driver.o
                0x08008210                LPS22HB_WriteReg
 .text.LPS22HB_Get_DeviceID
                0x08008266       0x2a Drivers\Components\LPS22HB_Driver.o
                0x08008266                LPS22HB_Get_DeviceID
 .text.LPS22HB_Set_PowerMode
                0x08008290       0x5a Drivers\Components\LPS22HB_Driver.o
                0x08008290                LPS22HB_Set_PowerMode
 .text.LPS22HB_Set_Odr
                0x080082ea       0x5a Drivers\Components\LPS22HB_Driver.o
                0x080082ea                LPS22HB_Set_Odr
 .text.LPS22HB_Get_Odr
                0x08008344       0x38 Drivers\Components\LPS22HB_Driver.o
                0x08008344                LPS22HB_Get_Odr
 .text.LPS22HB_Set_LowPassFilter
                0x0800837c       0x62 Drivers\Components\LPS22HB_Driver.o
                0x0800837c                LPS22HB_Set_LowPassFilter
 .text.LPS22HB_Set_LowPassFilterCutoff
                0x080083de       0x5a Drivers\Components\LPS22HB_Driver.o
                0x080083de                LPS22HB_Set_LowPassFilterCutoff
 .text.LPS22HB_Set_Bdu
                0x08008438       0x5a Drivers\Components\LPS22HB_Driver.o
                0x08008438                LPS22HB_Set_Bdu
 .text.LPS22HB_Set_SpiInterface
                0x08008492       0x5a Drivers\Components\LPS22HB_Driver.o
                0x08008492                LPS22HB_Set_SpiInterface
 .text.LPS22HB_SwResetAndMemoryBoot
                0x080084ec       0x4c Drivers\Components\LPS22HB_Driver.o
                0x080084ec                LPS22HB_SwResetAndMemoryBoot
 .text.LPS22HB_Set_AutomaticIncrementRegAddress
                0x08008538       0x62 Drivers\Components\LPS22HB_Driver.o
                0x08008538                LPS22HB_Set_AutomaticIncrementRegAddress
 .text.LPS22HB_Set_I2C
                0x0800859a       0x66 Drivers\Components\LPS22HB_Driver.o
                0x0800859a                LPS22HB_Set_I2C
 .text.LPS22HB_Get_DataStatus
                0x08008600       0x64 Drivers\Components\LPS22HB_Driver.o
                0x08008600                LPS22HB_Get_DataStatus
 .text.LPS22HB_Get_RawPressure
                0x08008664       0x76 Drivers\Components\LPS22HB_Driver.o
                0x08008664                LPS22HB_Get_RawPressure
 .text.LPS22HB_Get_Pressure
                0x080086da       0x42 Drivers\Components\LPS22HB_Driver.o
                0x080086da                LPS22HB_Get_Pressure
 .text.LPS22HB_Get_RawTemperature
                0x0800871c       0x44 Drivers\Components\LPS22HB_Driver.o
                0x0800871c                LPS22HB_Get_RawTemperature
 .text.LPS22HB_Get_Temperature
                0x08008760       0x50 Drivers\Components\LPS22HB_Driver.o
                0x08008760                LPS22HB_Get_Temperature
 .text.LPS22HB_P_Init
                0x080087b0       0x42 Drivers\Components\LPS22HB_Driver_HL.o
 .text.LPS22HB_P_DeInit
                0x080087f2       0x40 Drivers\Components\LPS22HB_Driver_HL.o
 .text.LPS22HB_P_Sensor_Enable
                0x08008832       0x50 Drivers\Components\LPS22HB_Driver_HL.o
 .text.LPS22HB_P_Sensor_Disable
                0x08008882       0x4e Drivers\Components\LPS22HB_Driver_HL.o
 .text.LPS22HB_P_Get_WhoAmI
                0x080088d0       0x1c Drivers\Components\LPS22HB_Driver_HL.o
 .text.LPS22HB_P_Check_WhoAmI
                0x080088ec       0x18 Drivers\Components\LPS22HB_Driver_HL.o
 .text.LPS22HB_P_Get_Press
                0x08008904       0x1c Drivers\Components\LPS22HB_Driver_HL.o
 .text.LPS22HB_P_Get_ODR
                0x08008920       0x1c Drivers\Components\LPS22HB_Driver_HL.o
 .text.LPS22HB_P_Set_ODR
                0x0800893c       0x54 Drivers\Components\LPS22HB_Driver_HL.o
 .text.LPS22HB_P_Set_ODR_Value
                0x08008990       0x54 Drivers\Components\LPS22HB_Driver_HL.o
 .text.LPS22HB_P_Read_Reg
                0x080089e4       0x2e Drivers\Components\LPS22HB_Driver_HL.o
 .text.LPS22HB_P_Write_Reg
                0x08008a12       0x30 Drivers\Components\LPS22HB_Driver_HL.o
 .text.LPS22HB_P_Get_DRDY_Status
                0x08008a42       0x30 Drivers\Components\LPS22HB_Driver_HL.o
 .text.LPS22HB_T_Init
                0x08008a72       0x42 Drivers\Components\LPS22HB_Driver_HL.o
 .text.LPS22HB_T_DeInit
                0x08008ab4       0x40 Drivers\Components\LPS22HB_Driver_HL.o
 .text.LPS22HB_T_Sensor_Enable
                0x08008af4       0x50 Drivers\Components\LPS22HB_Driver_HL.o
 .text.LPS22HB_T_Sensor_Disable
                0x08008b44       0x4e Drivers\Components\LPS22HB_Driver_HL.o
 .text.LPS22HB_T_Get_WhoAmI
                0x08008b92       0x1c Drivers\Components\LPS22HB_Driver_HL.o
 .text.LPS22HB_T_Check_WhoAmI
                0x08008bae       0x18 Drivers\Components\LPS22HB_Driver_HL.o
 .text.LPS22HB_T_Get_Temp
                0x08008bc6       0x1c Drivers\Components\LPS22HB_Driver_HL.o
 .text.LPS22HB_T_Get_ODR
                0x08008be2       0x1c Drivers\Components\LPS22HB_Driver_HL.o
 .text.LPS22HB_T_Set_ODR
                0x08008bfe       0x54 Drivers\Components\LPS22HB_Driver_HL.o
 .text.LPS22HB_T_Set_ODR_Value
                0x08008c52       0x54 Drivers\Components\LPS22HB_Driver_HL.o
 .text.LPS22HB_T_Read_Reg
                0x08008ca6       0x2e Drivers\Components\LPS22HB_Driver_HL.o
 .text.LPS22HB_T_Write_Reg
                0x08008cd4       0x30 Drivers\Components\LPS22HB_Driver_HL.o
 .text.LPS22HB_T_Get_DRDY_Status
                0x08008d04       0x30 Drivers\Components\LPS22HB_Driver_HL.o
 .text.LPS22HB_Initialize
                0x08008d34       0xc0 Drivers\Components\LPS22HB_Driver_HL.o
 .text.LPS22HB_Get_WhoAmI
                0x08008df4       0x26 Drivers\Components\LPS22HB_Driver_HL.o
 .text.LPS22HB_Check_WhoAmI
                0x08008e1a       0x3a Drivers\Components\LPS22HB_Driver_HL.o
 .text.LPS22HB_Get_Press
                0x08008e54       0x4c Drivers\Components\LPS22HB_Driver_HL.o
 .text.LPS22HB_Get_Temp
                0x08008ea0       0x48 Drivers\Components\LPS22HB_Driver_HL.o
 .text.LPS22HB_Get_ODR
                0x08008ee8       0xa0 Drivers\Components\LPS22HB_Driver_HL.o
 .text.LPS22HB_Set_ODR_When_Enabled
                0x08008f88       0x88 Drivers\Components\LPS22HB_Driver_HL.o
 .text.LPS22HB_Set_ODR_When_Disabled
                0x08009010       0x7c Drivers\Components\LPS22HB_Driver_HL.o
 .text.LPS22HB_Set_ODR_Value_When_Enabled
                0x0800908c       0xa4 Drivers\Components\LPS22HB_Driver_HL.o
 .text.LPS22HB_Set_ODR_Value_When_Disabled
                0x08009130       0x90 Drivers\Components\LPS22HB_Driver_HL.o
 .text.LPS22HB_Read_Reg
                0x080091c0       0x2e Drivers\Components\LPS22HB_Driver_HL.o
 .text.LPS22HB_Write_Reg
                0x080091ee       0x30 Drivers\Components\LPS22HB_Driver_HL.o
 .text.LSM303AGR_ACC_WriteReg
                0x0800921e       0x42 Drivers\Components\LSM303AGR_ACC_driver.o
                0x0800921e                LSM303AGR_ACC_WriteReg
 .text.LSM303AGR_ACC_ReadReg
                0x08009260       0x42 Drivers\Components\LSM303AGR_ACC_driver.o
                0x08009260                LSM303AGR_ACC_ReadReg
 .text.LSM303AGR_ACC_R_WHO_AM_I
                0x080092a2       0x3a Drivers\Components\LSM303AGR_ACC_driver.o
                0x080092a2                LSM303AGR_ACC_R_WHO_AM_I
 .text.LSM303AGR_ACC_W_BlockDataUpdate
                0x080092dc       0x5a Drivers\Components\LSM303AGR_ACC_driver.o
                0x080092dc                LSM303AGR_ACC_W_BlockDataUpdate
 .text.LSM303AGR_ACC_W_FullScale
                0x08009336       0x5a Drivers\Components\LSM303AGR_ACC_driver.o
                0x08009336                LSM303AGR_ACC_W_FullScale
 .text.LSM303AGR_ACC_R_FullScale
                0x08009390       0x38 Drivers\Components\LSM303AGR_ACC_driver.o
                0x08009390                LSM303AGR_ACC_R_FullScale
 .text.LSM303AGR_ACC_Get_Raw_Acceleration
                0x080093c8       0x66 Drivers\Components\LSM303AGR_ACC_driver.o
                0x080093c8                LSM303AGR_ACC_Get_Raw_Acceleration
 *fill*         0x0800942e        0x2 
 .text.LSM303AGR_ACC_Get_Acceleration
                0x08009430      0x1c4 Drivers\Components\LSM303AGR_ACC_driver.o
                0x08009430                LSM303AGR_ACC_Get_Acceleration
 .text.LSM303AGR_ACC_W_ODR
                0x080095f4       0x5a Drivers\Components\LSM303AGR_ACC_driver.o
                0x080095f4                LSM303AGR_ACC_W_ODR
 .text.LSM303AGR_ACC_R_ODR
                0x0800964e       0x38 Drivers\Components\LSM303AGR_ACC_driver.o
                0x0800964e                LSM303AGR_ACC_R_ODR
 .text.LSM303AGR_ACC_W_XEN
                0x08009686       0x5a Drivers\Components\LSM303AGR_ACC_driver.o
                0x08009686                LSM303AGR_ACC_W_XEN
 .text.LSM303AGR_ACC_R_XEN
                0x080096e0       0x38 Drivers\Components\LSM303AGR_ACC_driver.o
                0x080096e0                LSM303AGR_ACC_R_XEN
 .text.LSM303AGR_ACC_W_YEN
                0x08009718       0x5a Drivers\Components\LSM303AGR_ACC_driver.o
                0x08009718                LSM303AGR_ACC_W_YEN
 .text.LSM303AGR_ACC_R_YEN
                0x08009772       0x38 Drivers\Components\LSM303AGR_ACC_driver.o
                0x08009772                LSM303AGR_ACC_R_YEN
 .text.LSM303AGR_ACC_W_ZEN
                0x080097aa       0x5a Drivers\Components\LSM303AGR_ACC_driver.o
                0x080097aa                LSM303AGR_ACC_W_ZEN
 .text.LSM303AGR_ACC_R_ZEN
                0x08009804       0x38 Drivers\Components\LSM303AGR_ACC_driver.o
                0x08009804                LSM303AGR_ACC_R_ZEN
 .text.LSM303AGR_ACC_R_LOWPWR_EN
                0x0800983c       0x38 Drivers\Components\LSM303AGR_ACC_driver.o
                0x0800983c                LSM303AGR_ACC_R_LOWPWR_EN
 .text.LSM303AGR_ACC_R_HiRes
                0x08009874       0x38 Drivers\Components\LSM303AGR_ACC_driver.o
                0x08009874                LSM303AGR_ACC_R_HiRes
 .text.LSM303AGR_ACC_R_XDataAvail
                0x080098ac       0x38 Drivers\Components\LSM303AGR_ACC_driver.o
                0x080098ac                LSM303AGR_ACC_R_XDataAvail
 .text.LSM303AGR_ACC_W_FifoMode
                0x080098e4       0x5a Drivers\Components\LSM303AGR_ACC_driver.o
                0x080098e4                LSM303AGR_ACC_W_FifoMode
 *fill*         0x0800993e        0x2 
 .text.LSM303AGR_X_Init
                0x08009940       0xb4 Drivers\Components\LSM303AGR_ACC_driver_HL.o
 .text.LSM303AGR_X_DeInit
                0x080099f4       0x4c Drivers\Components\LSM303AGR_ACC_driver_HL.o
 .text.LSM303AGR_X_Sensor_Enable
                0x08009a40       0x4a Drivers\Components\LSM303AGR_ACC_driver_HL.o
 .text.LSM303AGR_X_Sensor_Disable
                0x08009a8a       0x56 Drivers\Components\LSM303AGR_ACC_driver_HL.o
 .text.LSM303AGR_X_Get_WhoAmI
                0x08009ae0       0x26 Drivers\Components\LSM303AGR_ACC_driver_HL.o
 .text.LSM303AGR_X_Check_WhoAmI
                0x08009b06       0x3a Drivers\Components\LSM303AGR_ACC_driver_HL.o
 .text.LSM303AGR_X_Get_Axes
                0x08009b40       0x3c Drivers\Components\LSM303AGR_ACC_driver_HL.o
 .text.LSM303AGR_X_Get_AxesRaw
                0x08009b7c       0x42 Drivers\Components\LSM303AGR_ACC_driver_HL.o
 .text.LSM303AGR_X_Get_Sensitivity
                0x08009bbe       0x88 Drivers\Components\LSM303AGR_ACC_driver_HL.o
 *fill*         0x08009c46        0x2 
 .text.LSM303AGR_X_Get_ODR
                0x08009c48       0xc4 Drivers\Components\LSM303AGR_ACC_driver_HL.o
 .text.LSM303AGR_X_Set_ODR
                0x08009d0c       0x46 Drivers\Components\LSM303AGR_ACC_driver_HL.o
 .text.LSM303AGR_X_Set_ODR_Value
                0x08009d52       0x46 Drivers\Components\LSM303AGR_ACC_driver_HL.o
 .text.LSM303AGR_X_Get_FS
                0x08009d98       0x7c Drivers\Components\LSM303AGR_ACC_driver_HL.o
 .text.LSM303AGR_X_Set_FS
                0x08009e14       0x4e Drivers\Components\LSM303AGR_ACC_driver_HL.o
 .text.LSM303AGR_X_Set_FS_Value
                0x08009e62       0x70 Drivers\Components\LSM303AGR_ACC_driver_HL.o
 .text.LSM303AGR_X_Get_Axes_Status
                0x08009ed2       0x8c Drivers\Components\LSM303AGR_ACC_driver_HL.o
 .text.LSM303AGR_X_Set_Axes_Status
                0x08009f5e       0x78 Drivers\Components\LSM303AGR_ACC_driver_HL.o
 .text.LSM303AGR_X_Read_Reg
                0x08009fd6       0x2e Drivers\Components\LSM303AGR_ACC_driver_HL.o
 .text.LSM303AGR_X_Write_Reg
                0x0800a004       0x30 Drivers\Components\LSM303AGR_ACC_driver_HL.o
 .text.LSM303AGR_X_Get_DRDY_Status
                0x0800a034       0x48 Drivers\Components\LSM303AGR_ACC_driver_HL.o
 .text.LSM303AGR_X_Get_Axes_Raw
                0x0800a07c       0xce Drivers\Components\LSM303AGR_ACC_driver_HL.o
 *fill*         0x0800a14a        0x2 
 .text.LSM303AGR_X_Set_ODR_When_Enabled
                0x0800a14c       0x6c Drivers\Components\LSM303AGR_ACC_driver_HL.o
 .text.LSM303AGR_X_Set_ODR_When_Disabled
                0x0800a1b8       0x84 Drivers\Components\LSM303AGR_ACC_driver_HL.o
 .text.LSM303AGR_X_Set_ODR_Value_When_Enabled
                0x0800a23c       0xc0 Drivers\Components\LSM303AGR_ACC_driver_HL.o
 .text.LSM303AGR_X_Set_ODR_Value_When_Disabled
                0x0800a2fc       0xd8 Drivers\Components\LSM303AGR_ACC_driver_HL.o
 .text.LSM303AGR_X_Get_Sensitivity_Normal_Mode
                0x0800a3d4       0x84 Drivers\Components\LSM303AGR_ACC_driver_HL.o
 .text.LSM303AGR_X_Get_Sensitivity_LP_Mode
                0x0800a458       0x84 Drivers\Components\LSM303AGR_ACC_driver_HL.o
 .text.LSM303AGR_X_Get_Sensitivity_HR_Mode
                0x0800a4dc       0x84 Drivers\Components\LSM303AGR_ACC_driver_HL.o
 .text.LSM6DSL_ACC_GYRO_ReadReg
                0x0800a560       0x34 Drivers\Components\LSM6DSL_ACC_GYRO_driver.o
                0x0800a560                LSM6DSL_ACC_GYRO_ReadReg
 .text.LSM6DSL_ACC_GYRO_WriteReg
                0x0800a594       0x34 Drivers\Components\LSM6DSL_ACC_GYRO_driver.o
                0x0800a594                LSM6DSL_ACC_GYRO_WriteReg
 .text.LSM6DSL_ACC_GYRO_R_WHO_AM_I
                0x0800a5c8       0x3a Drivers\Components\LSM6DSL_ACC_GYRO_driver.o
                0x0800a5c8                LSM6DSL_ACC_GYRO_R_WHO_AM_I
 .text.LSM6DSL_ACC_GYRO_W_BDU
                0x0800a602       0x5a Drivers\Components\LSM6DSL_ACC_GYRO_driver.o
                0x0800a602                LSM6DSL_ACC_GYRO_W_BDU
 .text.LSM6DSL_ACC_GYRO_W_FS_XL
                0x0800a65c       0x5a Drivers\Components\LSM6DSL_ACC_GYRO_driver.o
                0x0800a65c                LSM6DSL_ACC_GYRO_W_FS_XL
 .text.LSM6DSL_ACC_GYRO_R_FS_XL
                0x0800a6b6       0x38 Drivers\Components\LSM6DSL_ACC_GYRO_driver.o
                0x0800a6b6                LSM6DSL_ACC_GYRO_R_FS_XL
 .text.LSM6DSL_ACC_GYRO_GetRawAccData
                0x0800a6ee       0x66 Drivers\Components\LSM6DSL_ACC_GYRO_driver.o
                0x0800a6ee                LSM6DSL_ACC_GYRO_GetRawAccData
 .text.LSM6DSL_ACC_GYRO_W_ODR_XL
                0x0800a754       0x5a Drivers\Components\LSM6DSL_ACC_GYRO_driver.o
                0x0800a754                LSM6DSL_ACC_GYRO_W_ODR_XL
 .text.LSM6DSL_ACC_GYRO_R_ODR_XL
                0x0800a7ae       0x38 Drivers\Components\LSM6DSL_ACC_GYRO_driver.o
                0x0800a7ae                LSM6DSL_ACC_GYRO_R_ODR_XL
 .text.LSM6DSL_ACC_GYRO_W_FS_G
                0x0800a7e6       0x5a Drivers\Components\LSM6DSL_ACC_GYRO_driver.o
                0x0800a7e6                LSM6DSL_ACC_GYRO_W_FS_G
 .text.LSM6DSL_ACC_GYRO_R_FS_G
                0x0800a840       0x38 Drivers\Components\LSM6DSL_ACC_GYRO_driver.o
                0x0800a840                LSM6DSL_ACC_GYRO_R_FS_G
 .text.LSM6DSL_ACC_GYRO_GetRawGyroData
                0x0800a878       0x66 Drivers\Components\LSM6DSL_ACC_GYRO_driver.o
                0x0800a878                LSM6DSL_ACC_GYRO_GetRawGyroData
 .text.LSM6DSL_ACC_GYRO_W_ODR_G
                0x0800a8de       0x5a Drivers\Components\LSM6DSL_ACC_GYRO_driver.o
                0x0800a8de                LSM6DSL_ACC_GYRO_W_ODR_G
 .text.LSM6DSL_ACC_GYRO_R_ODR_G
                0x0800a938       0x38 Drivers\Components\LSM6DSL_ACC_GYRO_driver.o
                0x0800a938                LSM6DSL_ACC_GYRO_R_ODR_G
 .text.LSM6DSL_ACC_GYRO_W_FS_125
                0x0800a970       0x5a Drivers\Components\LSM6DSL_ACC_GYRO_driver.o
                0x0800a970                LSM6DSL_ACC_GYRO_W_FS_125
 .text.LSM6DSL_ACC_GYRO_R_FS_125
                0x0800a9ca       0x38 Drivers\Components\LSM6DSL_ACC_GYRO_driver.o
                0x0800a9ca                LSM6DSL_ACC_GYRO_R_FS_125
 .text.LSM6DSL_ACC_GYRO_W_EmbeddedAccess
                0x0800aa02       0x5a Drivers\Components\LSM6DSL_ACC_GYRO_driver.o
                0x0800aa02                LSM6DSL_ACC_GYRO_W_EmbeddedAccess
 .text.LSM6DSL_ACC_GYRO_W_FIFO_Watermark
                0x0800aa5c       0xac Drivers\Components\LSM6DSL_ACC_GYRO_driver.o
                0x0800aa5c                LSM6DSL_ACC_GYRO_W_FIFO_Watermark
 .text.LSM6DSL_ACC_GYRO_W_DEC_FIFO_XL
                0x0800ab08       0x5a Drivers\Components\LSM6DSL_ACC_GYRO_driver.o
                0x0800ab08                LSM6DSL_ACC_GYRO_W_DEC_FIFO_XL
 .text.LSM6DSL_ACC_GYRO_W_STOP_ON_FTH
                0x0800ab62       0x5a Drivers\Components\LSM6DSL_ACC_GYRO_driver.o
                0x0800ab62                LSM6DSL_ACC_GYRO_W_STOP_ON_FTH
 .text.LSM6DSL_ACC_GYRO_W_FIFO_MODE
                0x0800abbc       0x5a Drivers\Components\LSM6DSL_ACC_GYRO_driver.o
                0x0800abbc                LSM6DSL_ACC_GYRO_W_FIFO_MODE
 .text.LSM6DSL_ACC_GYRO_W_ODR_FIFO
                0x0800ac16       0x5a Drivers\Components\LSM6DSL_ACC_GYRO_driver.o
                0x0800ac16                LSM6DSL_ACC_GYRO_W_ODR_FIFO
 .text.LSM6DSL_ACC_GYRO_W_FULL_FLAG_on_INT1
                0x0800ac70       0x5a Drivers\Components\LSM6DSL_ACC_GYRO_driver.o
                0x0800ac70                LSM6DSL_ACC_GYRO_W_FULL_FLAG_on_INT1
 .text.LSM6DSL_ACC_GYRO_W_STEP_DET_on_INT1
                0x0800acca       0x5a Drivers\Components\LSM6DSL_ACC_GYRO_driver.o
                0x0800acca                LSM6DSL_ACC_GYRO_W_STEP_DET_on_INT1
 .text.LSM6DSL_ACC_GYRO_W_IF_Addr_Incr
                0x0800ad24       0x5a Drivers\Components\LSM6DSL_ACC_GYRO_driver.o
                0x0800ad24                LSM6DSL_ACC_GYRO_W_IF_Addr_Incr
 .text.LSM6DSL_ACC_GYRO_W_I2C_DISABLE
                0x0800ad7e       0x5a Drivers\Components\LSM6DSL_ACC_GYRO_driver.o
                0x0800ad7e                LSM6DSL_ACC_GYRO_W_I2C_DISABLE
 .text.LSM6DSL_ACC_GYRO_W_SelfTest_XL
                0x0800add8       0x5a Drivers\Components\LSM6DSL_ACC_GYRO_driver.o
                0x0800add8                LSM6DSL_ACC_GYRO_W_SelfTest_XL
 .text.LSM6DSL_ACC_GYRO_W_LP_BW_G
                0x0800ae32       0x5a Drivers\Components\LSM6DSL_ACC_GYRO_driver.o
                0x0800ae32                LSM6DSL_ACC_GYRO_W_LP_BW_G
 .text.LSM6DSL_ACC_GYRO_W_InComposit
                0x0800ae8c       0x5a Drivers\Components\LSM6DSL_ACC_GYRO_driver.o
                0x0800ae8c                LSM6DSL_ACC_GYRO_W_InComposit
 .text.LSM6DSL_ACC_GYRO_W_HPCF_XL
                0x0800aee6       0x5a Drivers\Components\LSM6DSL_ACC_GYRO_driver.o
                0x0800aee6                LSM6DSL_ACC_GYRO_W_HPCF_XL
 .text.LSM6DSL_ACC_GYRO_W_LowPassFiltSel_XL
                0x0800af40       0x5a Drivers\Components\LSM6DSL_ACC_GYRO_driver.o
                0x0800af40                LSM6DSL_ACC_GYRO_W_LowPassFiltSel_XL
 .text.LSM6DSL_ACC_GYRO_W_PedoStepReset
                0x0800af9a       0x5a Drivers\Components\LSM6DSL_ACC_GYRO_driver.o
                0x0800af9a                LSM6DSL_ACC_GYRO_W_PedoStepReset
 .text.LSM6DSL_ACC_GYRO_W_TILT
                0x0800aff4       0x5a Drivers\Components\LSM6DSL_ACC_GYRO_driver.o
                0x0800aff4                LSM6DSL_ACC_GYRO_W_TILT
 .text.LSM6DSL_ACC_GYRO_W_PEDO
                0x0800b04e       0x5a Drivers\Components\LSM6DSL_ACC_GYRO_driver.o
                0x0800b04e                LSM6DSL_ACC_GYRO_W_PEDO
 .text.LSM6DSL_ACC_GYRO_W_FUNC_EN
                0x0800b0a8       0x5a Drivers\Components\LSM6DSL_ACC_GYRO_driver.o
                0x0800b0a8                LSM6DSL_ACC_GYRO_W_FUNC_EN
 .text.LSM6DSL_ACC_GYRO_R_WU_EV_STATUS
                0x0800b102       0x38 Drivers\Components\LSM6DSL_ACC_GYRO_driver.o
                0x0800b102                LSM6DSL_ACC_GYRO_R_WU_EV_STATUS
 .text.LSM6DSL_ACC_GYRO_R_FF_EV_STATUS
                0x0800b13a       0x38 Drivers\Components\LSM6DSL_ACC_GYRO_driver.o
                0x0800b13a                LSM6DSL_ACC_GYRO_R_FF_EV_STATUS
 .text.LSM6DSL_ACC_GYRO_R_DOUBLE_TAP_EV_STATUS
                0x0800b172       0x38 Drivers\Components\LSM6DSL_ACC_GYRO_driver.o
                0x0800b172                LSM6DSL_ACC_GYRO_R_DOUBLE_TAP_EV_STATUS
 .text.LSM6DSL_ACC_GYRO_R_SINGLE_TAP_EV_STATUS
                0x0800b1aa       0x38 Drivers\Components\LSM6DSL_ACC_GYRO_driver.o
                0x0800b1aa                LSM6DSL_ACC_GYRO_R_SINGLE_TAP_EV_STATUS
 .text.LSM6DSL_ACC_GYRO_R_DSD_XL
                0x0800b1e2       0x38 Drivers\Components\LSM6DSL_ACC_GYRO_driver.o
                0x0800b1e2                LSM6DSL_ACC_GYRO_R_DSD_XL
 .text.LSM6DSL_ACC_GYRO_R_DSD_XH
                0x0800b21a       0x38 Drivers\Components\LSM6DSL_ACC_GYRO_driver.o
                0x0800b21a                LSM6DSL_ACC_GYRO_R_DSD_XH
 .text.LSM6DSL_ACC_GYRO_R_DSD_YL
                0x0800b252       0x38 Drivers\Components\LSM6DSL_ACC_GYRO_driver.o
                0x0800b252                LSM6DSL_ACC_GYRO_R_DSD_YL
 .text.LSM6DSL_ACC_GYRO_R_DSD_YH
                0x0800b28a       0x38 Drivers\Components\LSM6DSL_ACC_GYRO_driver.o
                0x0800b28a                LSM6DSL_ACC_GYRO_R_DSD_YH
 .text.LSM6DSL_ACC_GYRO_R_DSD_ZL
                0x0800b2c2       0x38 Drivers\Components\LSM6DSL_ACC_GYRO_driver.o
                0x0800b2c2                LSM6DSL_ACC_GYRO_R_DSD_ZL
 .text.LSM6DSL_ACC_GYRO_R_DSD_ZH
                0x0800b2fa       0x38 Drivers\Components\LSM6DSL_ACC_GYRO_driver.o
                0x0800b2fa                LSM6DSL_ACC_GYRO_R_DSD_ZH
 .text.LSM6DSL_ACC_GYRO_R_D6D_EV_STATUS
                0x0800b332       0x38 Drivers\Components\LSM6DSL_ACC_GYRO_driver.o
                0x0800b332                LSM6DSL_ACC_GYRO_R_D6D_EV_STATUS
 .text.LSM6DSL_ACC_GYRO_R_XLDA
                0x0800b36a       0x38 Drivers\Components\LSM6DSL_ACC_GYRO_driver.o
                0x0800b36a                LSM6DSL_ACC_GYRO_R_XLDA
 .text.LSM6DSL_ACC_GYRO_R_GDA
                0x0800b3a2       0x38 Drivers\Components\LSM6DSL_ACC_GYRO_driver.o
                0x0800b3a2                LSM6DSL_ACC_GYRO_R_GDA
 .text.LSM6DSL_ACC_GYRO_R_FIFONumOfEntries
                0x0800b3da       0x6e Drivers\Components\LSM6DSL_ACC_GYRO_driver.o
                0x0800b3da                LSM6DSL_ACC_GYRO_R_FIFONumOfEntries
 .text.LSM6DSL_ACC_GYRO_R_FIFOEmpty
                0x0800b448       0x38 Drivers\Components\LSM6DSL_ACC_GYRO_driver.o
                0x0800b448                LSM6DSL_ACC_GYRO_R_FIFOEmpty
 .text.LSM6DSL_ACC_GYRO_R_FIFOFull
                0x0800b480       0x38 Drivers\Components\LSM6DSL_ACC_GYRO_driver.o
                0x0800b480                LSM6DSL_ACC_GYRO_R_FIFOFull
 .text.LSM6DSL_ACC_GYRO_R_OVERRUN
                0x0800b4b8       0x38 Drivers\Components\LSM6DSL_ACC_GYRO_driver.o
                0x0800b4b8                LSM6DSL_ACC_GYRO_R_OVERRUN
 .text.LSM6DSL_ACC_GYRO_R_FIFOPattern
                0x0800b4f0       0x6e Drivers\Components\LSM6DSL_ACC_GYRO_driver.o
                0x0800b4f0                LSM6DSL_ACC_GYRO_R_FIFOPattern
 .text.LSM6DSL_ACC_GYRO_R_PEDO_EV_STATUS
                0x0800b55e       0x38 Drivers\Components\LSM6DSL_ACC_GYRO_driver.o
                0x0800b55e                LSM6DSL_ACC_GYRO_R_PEDO_EV_STATUS
 .text.LSM6DSL_ACC_GYRO_R_TILT_EV_STATUS
                0x0800b596       0x38 Drivers\Components\LSM6DSL_ACC_GYRO_driver.o
                0x0800b596                LSM6DSL_ACC_GYRO_R_TILT_EV_STATUS
 .text.LSM6DSL_ACC_GYRO_W_LIR
                0x0800b5ce       0x5a Drivers\Components\LSM6DSL_ACC_GYRO_driver.o
                0x0800b5ce                LSM6DSL_ACC_GYRO_W_LIR
 .text.LSM6DSL_ACC_GYRO_W_TAP_Z_EN
                0x0800b628       0x5a Drivers\Components\LSM6DSL_ACC_GYRO_driver.o
                0x0800b628                LSM6DSL_ACC_GYRO_W_TAP_Z_EN
 .text.LSM6DSL_ACC_GYRO_W_TAP_Y_EN
                0x0800b682       0x5a Drivers\Components\LSM6DSL_ACC_GYRO_driver.o
                0x0800b682                LSM6DSL_ACC_GYRO_W_TAP_Y_EN
 .text.LSM6DSL_ACC_GYRO_W_TAP_X_EN
                0x0800b6dc       0x5a Drivers\Components\LSM6DSL_ACC_GYRO_driver.o
                0x0800b6dc                LSM6DSL_ACC_GYRO_W_TAP_X_EN
 .text.LSM6DSL_ACC_GYRO_W_BASIC_INT
                0x0800b736       0x5a Drivers\Components\LSM6DSL_ACC_GYRO_driver.o
                0x0800b736                LSM6DSL_ACC_GYRO_W_BASIC_INT
 .text.LSM6DSL_ACC_GYRO_W_TAP_THS
                0x0800b790       0x62 Drivers\Components\LSM6DSL_ACC_GYRO_driver.o
                0x0800b790                LSM6DSL_ACC_GYRO_W_TAP_THS
 .text.LSM6DSL_ACC_GYRO_W_SIXD_THS
                0x0800b7f2       0x5a Drivers\Components\LSM6DSL_ACC_GYRO_driver.o
                0x0800b7f2                LSM6DSL_ACC_GYRO_W_SIXD_THS
 .text.LSM6DSL_ACC_GYRO_W_SHOCK_Duration
                0x0800b84c       0x62 Drivers\Components\LSM6DSL_ACC_GYRO_driver.o
                0x0800b84c                LSM6DSL_ACC_GYRO_W_SHOCK_Duration
 .text.LSM6DSL_ACC_GYRO_W_QUIET_Duration
                0x0800b8ae       0x68 Drivers\Components\LSM6DSL_ACC_GYRO_driver.o
                0x0800b8ae                LSM6DSL_ACC_GYRO_W_QUIET_Duration
 .text.LSM6DSL_ACC_GYRO_W_DUR
                0x0800b916       0x68 Drivers\Components\LSM6DSL_ACC_GYRO_driver.o
                0x0800b916                LSM6DSL_ACC_GYRO_W_DUR
 .text.LSM6DSL_ACC_GYRO_W_WK_THS
                0x0800b97e       0x62 Drivers\Components\LSM6DSL_ACC_GYRO_driver.o
                0x0800b97e                LSM6DSL_ACC_GYRO_W_WK_THS
 .text.LSM6DSL_ACC_GYRO_W_SINGLE_DOUBLE_TAP_EV
                0x0800b9e0       0x5a Drivers\Components\LSM6DSL_ACC_GYRO_driver.o
                0x0800b9e0                LSM6DSL_ACC_GYRO_W_SINGLE_DOUBLE_TAP_EV
 .text.LSM6DSL_ACC_GYRO_W_SLEEP_DUR
                0x0800ba3a       0x62 Drivers\Components\LSM6DSL_ACC_GYRO_driver.o
                0x0800ba3a                LSM6DSL_ACC_GYRO_W_SLEEP_DUR
 .text.LSM6DSL_ACC_GYRO_W_TIMER_HR
                0x0800ba9c       0x5a Drivers\Components\LSM6DSL_ACC_GYRO_driver.o
                0x0800ba9c                LSM6DSL_ACC_GYRO_W_TIMER_HR
 .text.LSM6DSL_ACC_GYRO_W_WAKE_DUR
                0x0800baf6       0x68 Drivers\Components\LSM6DSL_ACC_GYRO_driver.o
                0x0800baf6                LSM6DSL_ACC_GYRO_W_WAKE_DUR
 .text.LSM6DSL_ACC_GYRO_W_FF_THS
                0x0800bb5e       0x5a Drivers\Components\LSM6DSL_ACC_GYRO_driver.o
                0x0800bb5e                LSM6DSL_ACC_GYRO_W_FF_THS
 .text.LSM6DSL_ACC_GYRO_W_FF_Duration
                0x0800bbb8       0xce Drivers\Components\LSM6DSL_ACC_GYRO_driver.o
                0x0800bbb8                LSM6DSL_ACC_GYRO_W_FF_Duration
 .text.LSM6DSL_ACC_GYRO_W_TiltEvOnInt1
                0x0800bc86       0x5a Drivers\Components\LSM6DSL_ACC_GYRO_driver.o
                0x0800bc86                LSM6DSL_ACC_GYRO_W_TiltEvOnInt1
 .text.LSM6DSL_ACC_GYRO_W_6DEvOnInt1
                0x0800bce0       0x5a Drivers\Components\LSM6DSL_ACC_GYRO_driver.o
                0x0800bce0                LSM6DSL_ACC_GYRO_W_6DEvOnInt1
 .text.LSM6DSL_ACC_GYRO_W_TapEvOnInt1
                0x0800bd3a       0x5a Drivers\Components\LSM6DSL_ACC_GYRO_driver.o
                0x0800bd3a                LSM6DSL_ACC_GYRO_W_TapEvOnInt1
 .text.LSM6DSL_ACC_GYRO_W_FFEvOnInt1
                0x0800bd94       0x5a Drivers\Components\LSM6DSL_ACC_GYRO_driver.o
                0x0800bd94                LSM6DSL_ACC_GYRO_W_FFEvOnInt1
 .text.LSM6DSL_ACC_GYRO_W_WUEvOnInt1
                0x0800bdee       0x5a Drivers\Components\LSM6DSL_ACC_GYRO_driver.o
                0x0800bdee                LSM6DSL_ACC_GYRO_W_WUEvOnInt1
 .text.LSM6DSL_ACC_GYRO_W_SingleTapOnInt1
                0x0800be48       0x5a Drivers\Components\LSM6DSL_ACC_GYRO_driver.o
                0x0800be48                LSM6DSL_ACC_GYRO_W_SingleTapOnInt1
 .text.LSM6DSL_ACC_GYRO_Get_GetFIFOData
                0x0800bea2       0x66 Drivers\Components\LSM6DSL_ACC_GYRO_driver.o
                0x0800bea2                LSM6DSL_ACC_GYRO_Get_GetFIFOData
 .text.LSM6DSL_ACC_GYRO_Get_GetStepCounter
                0x0800bf08       0x66 Drivers\Components\LSM6DSL_ACC_GYRO_driver.o
                0x0800bf08                LSM6DSL_ACC_GYRO_Get_GetStepCounter
 .text.LSM6DSL_ACC_GYRO_W_PedoThreshold
                0x0800bf6e       0x62 Drivers\Components\LSM6DSL_ACC_GYRO_driver.o
                0x0800bf6e                LSM6DSL_ACC_GYRO_W_PedoThreshold
 .text.LSM6DSL_X_Init
                0x0800bfd0       0xa4 Drivers\Components\LSM6DSL_ACC_GYRO_driver_HL.o
 .text.LSM6DSL_X_DeInit
                0x0800c074       0xc8 Drivers\Components\LSM6DSL_ACC_GYRO_driver_HL.o
 .text.LSM6DSL_X_Sensor_Enable
                0x0800c13c       0x4a Drivers\Components\LSM6DSL_ACC_GYRO_driver_HL.o
 .text.LSM6DSL_X_Sensor_Disable
                0x0800c186       0x58 Drivers\Components\LSM6DSL_ACC_GYRO_driver_HL.o
 .text.LSM6DSL_X_Get_WhoAmI
                0x0800c1de       0x1c Drivers\Components\LSM6DSL_ACC_GYRO_driver_HL.o
 .text.LSM6DSL_X_Check_WhoAmI
                0x0800c1fa       0x18 Drivers\Components\LSM6DSL_ACC_GYRO_driver_HL.o
 .text.LSM6DSL_X_Get_Axes
                0x0800c212       0xa6 Drivers\Components\LSM6DSL_ACC_GYRO_driver_HL.o
 .text.LSM6DSL_X_Get_AxesRaw
                0x0800c2b8       0x42 Drivers\Components\LSM6DSL_ACC_GYRO_driver_HL.o
 *fill*         0x0800c2fa        0x2 
 .text.LSM6DSL_X_Get_Sensitivity
                0x0800c2fc       0xa8 Drivers\Components\LSM6DSL_ACC_GYRO_driver_HL.o
 .text.LSM6DSL_X_Get_ODR
                0x0800c3a4       0xfc Drivers\Components\LSM6DSL_ACC_GYRO_driver_HL.o
 .text.LSM6DSL_X_Set_ODR
                0x0800c4a0       0x46 Drivers\Components\LSM6DSL_ACC_GYRO_driver_HL.o
 .text.LSM6DSL_X_Set_ODR_Value
                0x0800c4e6       0x46 Drivers\Components\LSM6DSL_ACC_GYRO_driver_HL.o
 .text.LSM6DSL_X_Get_FS
                0x0800c52c       0xa0 Drivers\Components\LSM6DSL_ACC_GYRO_driver_HL.o
 .text.LSM6DSL_X_Set_FS
                0x0800c5cc       0x4e Drivers\Components\LSM6DSL_ACC_GYRO_driver_HL.o
 .text.LSM6DSL_X_Set_FS_Value
                0x0800c61a       0x70 Drivers\Components\LSM6DSL_ACC_GYRO_driver_HL.o
 .text.LSM6DSL_X_Read_Reg
                0x0800c68a       0x2e Drivers\Components\LSM6DSL_ACC_GYRO_driver_HL.o
 .text.LSM6DSL_X_Write_Reg
                0x0800c6b8       0x30 Drivers\Components\LSM6DSL_ACC_GYRO_driver_HL.o
 .text.LSM6DSL_X_Get_DRDY_Status
                0x0800c6e8       0x48 Drivers\Components\LSM6DSL_ACC_GYRO_driver_HL.o
 .text.LSM6DSL_G_Init
                0x0800c730       0xa4 Drivers\Components\LSM6DSL_ACC_GYRO_driver_HL.o
 .text.LSM6DSL_G_DeInit
                0x0800c7d4       0x58 Drivers\Components\LSM6DSL_ACC_GYRO_driver_HL.o
 .text.LSM6DSL_G_Sensor_Enable
                0x0800c82c       0x4a Drivers\Components\LSM6DSL_ACC_GYRO_driver_HL.o
 .text.LSM6DSL_G_Sensor_Disable
                0x0800c876       0x58 Drivers\Components\LSM6DSL_ACC_GYRO_driver_HL.o
 .text.LSM6DSL_G_Get_WhoAmI
                0x0800c8ce       0x1c Drivers\Components\LSM6DSL_ACC_GYRO_driver_HL.o
 .text.LSM6DSL_G_Check_WhoAmI
                0x0800c8ea       0x18 Drivers\Components\LSM6DSL_ACC_GYRO_driver_HL.o
 .text.LSM6DSL_G_Get_Axes
                0x0800c902       0xa6 Drivers\Components\LSM6DSL_ACC_GYRO_driver_HL.o
 .text.LSM6DSL_G_Get_AxesRaw
                0x0800c9a8       0x42 Drivers\Components\LSM6DSL_ACC_GYRO_driver_HL.o
 *fill*         0x0800c9ea        0x2 
 .text.LSM6DSL_G_Get_Sensitivity
                0x0800c9ec       0xd0 Drivers\Components\LSM6DSL_ACC_GYRO_driver_HL.o
 .text.LSM6DSL_G_Get_ODR
                0x0800cabc       0xfc Drivers\Components\LSM6DSL_ACC_GYRO_driver_HL.o
 .text.LSM6DSL_G_Set_ODR
                0x0800cbb8       0x46 Drivers\Components\LSM6DSL_ACC_GYRO_driver_HL.o
 .text.LSM6DSL_G_Set_ODR_Value
                0x0800cbfe       0x46 Drivers\Components\LSM6DSL_ACC_GYRO_driver_HL.o
 .text.LSM6DSL_G_Get_FS
                0x0800cc44       0xd0 Drivers\Components\LSM6DSL_ACC_GYRO_driver_HL.o
 .text.LSM6DSL_G_Set_FS
                0x0800cd14       0x4e Drivers\Components\LSM6DSL_ACC_GYRO_driver_HL.o
 *fill*         0x0800cd62        0x2 
 .text.LSM6DSL_G_Set_FS_Value
                0x0800cd64       0xb8 Drivers\Components\LSM6DSL_ACC_GYRO_driver_HL.o
 .text.LSM6DSL_G_Read_Reg
                0x0800ce1c       0x2e Drivers\Components\LSM6DSL_ACC_GYRO_driver_HL.o
 .text.LSM6DSL_G_Write_Reg
                0x0800ce4a       0x30 Drivers\Components\LSM6DSL_ACC_GYRO_driver_HL.o
 .text.LSM6DSL_G_Get_DRDY_Status
                0x0800ce7a       0x48 Drivers\Components\LSM6DSL_ACC_GYRO_driver_HL.o
 .text.LSM6DSL_Get_WhoAmI
                0x0800cec2       0x26 Drivers\Components\LSM6DSL_ACC_GYRO_driver_HL.o
 .text.LSM6DSL_Check_WhoAmI
                0x0800cee8       0x3a Drivers\Components\LSM6DSL_ACC_GYRO_driver_HL.o
 .text.LSM6DSL_Read_Reg
                0x0800cf22       0x2e Drivers\Components\LSM6DSL_ACC_GYRO_driver_HL.o
 .text.LSM6DSL_Write_Reg
                0x0800cf50       0x30 Drivers\Components\LSM6DSL_ACC_GYRO_driver_HL.o
 .text.LSM6DSL_Set_Interrupt_Latch
                0x0800cf80       0x38 Drivers\Components\LSM6DSL_ACC_GYRO_driver_HL.o
 .text.LSM6DSL_X_Get_Axes_Raw
                0x0800cfb8       0x7a Drivers\Components\LSM6DSL_ACC_GYRO_driver_HL.o
 *fill*         0x0800d032        0x2 
 .text.LSM6DSL_X_Set_ODR_When_Enabled
                0x0800d034       0x6c Drivers\Components\LSM6DSL_ACC_GYRO_driver_HL.o
 .text.LSM6DSL_X_Set_ODR_When_Disabled
                0x0800d0a0       0x84 Drivers\Components\LSM6DSL_ACC_GYRO_driver_HL.o
 .text.LSM6DSL_X_Set_ODR_Value_When_Enabled
                0x0800d124      0x110 Drivers\Components\LSM6DSL_ACC_GYRO_driver_HL.o
 .text.LSM6DSL_X_Set_ODR_Value_When_Disabled
                0x0800d234      0x138 Drivers\Components\LSM6DSL_ACC_GYRO_driver_HL.o
 .text.LSM6DSL_G_Get_Axes_Raw
                0x0800d36c       0x7a Drivers\Components\LSM6DSL_ACC_GYRO_driver_HL.o
 *fill*         0x0800d3e6        0x2 
 .text.LSM6DSL_G_Set_ODR_When_Enabled
                0x0800d3e8       0x6c Drivers\Components\LSM6DSL_ACC_GYRO_driver_HL.o
 .text.LSM6DSL_G_Set_ODR_When_Disabled
                0x0800d454       0x84 Drivers\Components\LSM6DSL_ACC_GYRO_driver_HL.o
 .text.LSM6DSL_G_Set_ODR_Value_When_Enabled
                0x0800d4d8      0x110 Drivers\Components\LSM6DSL_ACC_GYRO_driver_HL.o
 .text.LSM6DSL_G_Set_ODR_Value_When_Disabled
                0x0800d5e8      0x138 Drivers\Components\LSM6DSL_ACC_GYRO_driver_HL.o
 .text.LSM6DSL_X_Enable_Free_Fall_Detection
                0x0800d720       0xbc Drivers\Components\LSM6DSL_ACC_GYRO_driver_HL.o
 .text.LSM6DSL_X_Disable_Free_Fall_Detection
                0x0800d7dc       0x5a Drivers\Components\LSM6DSL_ACC_GYRO_driver_HL.o
 .text.LSM6DSL_X_Get_Free_Fall_Detection_Status
                0x0800d836       0x48 Drivers\Components\LSM6DSL_ACC_GYRO_driver_HL.o
 .text.LSM6DSL_X_Set_Free_Fall_Threshold
                0x0800d87e       0x2a Drivers\Components\LSM6DSL_ACC_GYRO_driver_HL.o
 .text.LSM6DSL_X_Enable_Pedometer
                0x0800d8a8       0x80 Drivers\Components\LSM6DSL_ACC_GYRO_driver_HL.o
 .text.LSM6DSL_X_Disable_Pedometer
                0x0800d928       0x5a Drivers\Components\LSM6DSL_ACC_GYRO_driver_HL.o
 .text.LSM6DSL_X_Get_Pedometer_Status
                0x0800d982       0x48 Drivers\Components\LSM6DSL_ACC_GYRO_driver_HL.o
 .text.LSM6DSL_X_Get_Step_Count
                0x0800d9ca       0x26 Drivers\Components\LSM6DSL_ACC_GYRO_driver_HL.o
 .text.LSM6DSL_X_Enable_Step_Counter_Reset
                0x0800d9f0       0x24 Drivers\Components\LSM6DSL_ACC_GYRO_driver_HL.o
 .text.LSM6DSL_X_Disable_Step_Counter_Reset
                0x0800da14       0x24 Drivers\Components\LSM6DSL_ACC_GYRO_driver_HL.o
 .text.LSM6DSL_X_Set_Pedometer_Threshold
                0x0800da38       0x2a Drivers\Components\LSM6DSL_ACC_GYRO_driver_HL.o
 .text.LSM6DSL_X_Enable_Tilt_Detection
                0x0800da62       0x6e Drivers\Components\LSM6DSL_ACC_GYRO_driver_HL.o
 .text.LSM6DSL_X_Disable_Tilt_Detection
                0x0800dad0       0x48 Drivers\Components\LSM6DSL_ACC_GYRO_driver_HL.o
 .text.LSM6DSL_X_Get_Tilt_Detection_Status
                0x0800db18       0x48 Drivers\Components\LSM6DSL_ACC_GYRO_driver_HL.o
 .text.LSM6DSL_X_Enable_Wake_Up_Detection
                0x0800db60       0x84 Drivers\Components\LSM6DSL_ACC_GYRO_driver_HL.o
 .text.LSM6DSL_X_Disable_Wake_Up_Detection
                0x0800dbe4       0x5a Drivers\Components\LSM6DSL_ACC_GYRO_driver_HL.o
 .text.LSM6DSL_X_Get_Wake_Up_Detection_Status
                0x0800dc3e       0x48 Drivers\Components\LSM6DSL_ACC_GYRO_driver_HL.o
 .text.LSM6DSL_X_Set_Wake_Up_Threshold
                0x0800dc86       0x2a Drivers\Components\LSM6DSL_ACC_GYRO_driver_HL.o
 .text.LSM6DSL_X_Enable_Single_Tap_Detection
                0x0800dcb0       0xcc Drivers\Components\LSM6DSL_ACC_GYRO_driver_HL.o
 .text.LSM6DSL_X_Disable_Single_Tap_Detection
                0x0800dd7c       0xa2 Drivers\Components\LSM6DSL_ACC_GYRO_driver_HL.o
 .text.LSM6DSL_X_Get_Single_Tap_Detection_Status
                0x0800de1e       0x48 Drivers\Components\LSM6DSL_ACC_GYRO_driver_HL.o
 *fill*         0x0800de66        0x2 
 .text.LSM6DSL_X_Enable_Double_Tap_Detection
                0x0800de68       0xf0 Drivers\Components\LSM6DSL_ACC_GYRO_driver_HL.o
 .text.LSM6DSL_X_Disable_Double_Tap_Detection
                0x0800df58       0xc6 Drivers\Components\LSM6DSL_ACC_GYRO_driver_HL.o
 .text.LSM6DSL_X_Get_Double_Tap_Detection_Status
                0x0800e01e       0x48 Drivers\Components\LSM6DSL_ACC_GYRO_driver_HL.o
 .text.LSM6DSL_X_Set_Tap_Threshold
                0x0800e066       0x2a Drivers\Components\LSM6DSL_ACC_GYRO_driver_HL.o
 .text.LSM6DSL_X_Set_Tap_Shock_Time
                0x0800e090       0x2a Drivers\Components\LSM6DSL_ACC_GYRO_driver_HL.o
 .text.LSM6DSL_X_Set_Tap_Quiet_Time
                0x0800e0ba       0x2a Drivers\Components\LSM6DSL_ACC_GYRO_driver_HL.o
 .text.LSM6DSL_X_Set_Tap_Duration_Time
                0x0800e0e4       0x2a Drivers\Components\LSM6DSL_ACC_GYRO_driver_HL.o
 *fill*         0x0800e10e        0x2 
 .text.LSM6DSL_X_Enable_6D_Orientation
                0x0800e110       0x74 Drivers\Components\LSM6DSL_ACC_GYRO_driver_HL.o
 .text.LSM6DSL_X_Disable_6D_Orientation
                0x0800e184       0x48 Drivers\Components\LSM6DSL_ACC_GYRO_driver_HL.o
 .text.LSM6DSL_X_Get_6D_Orientation_Status
                0x0800e1cc       0x48 Drivers\Components\LSM6DSL_ACC_GYRO_driver_HL.o
 .text.LSM6DSL_X_Get_6D_Orientation_XL
                0x0800e214       0x48 Drivers\Components\LSM6DSL_ACC_GYRO_driver_HL.o
 .text.LSM6DSL_X_Get_6D_Orientation_XH
                0x0800e25c       0x48 Drivers\Components\LSM6DSL_ACC_GYRO_driver_HL.o
 .text.LSM6DSL_X_Get_6D_Orientation_YL
                0x0800e2a4       0x48 Drivers\Components\LSM6DSL_ACC_GYRO_driver_HL.o
 .text.LSM6DSL_X_Get_6D_Orientation_YH
                0x0800e2ec       0x48 Drivers\Components\LSM6DSL_ACC_GYRO_driver_HL.o
 .text.LSM6DSL_X_Get_6D_Orientation_ZL
                0x0800e334       0x48 Drivers\Components\LSM6DSL_ACC_GYRO_driver_HL.o
 .text.LSM6DSL_X_Get_6D_Orientation_ZH
                0x0800e37c       0x48 Drivers\Components\LSM6DSL_ACC_GYRO_driver_HL.o
 .text.LSM6DSL_FIFO_Set_ODR_Value
                0x0800e3c4      0x110 Drivers\Components\LSM6DSL_ACC_GYRO_driver_HL.o
 .text.LSM6DSL_FIFO_Get_Full_Status
                0x0800e4d4       0x4a Drivers\Components\LSM6DSL_ACC_GYRO_driver_HL.o
 .text.LSM6DSL_FIFO_Get_Empty_Status
                0x0800e51e       0x4a Drivers\Components\LSM6DSL_ACC_GYRO_driver_HL.o
 .text.LSM6DSL_FIFO_Get_Overrun_Status
                0x0800e568       0x4a Drivers\Components\LSM6DSL_ACC_GYRO_driver_HL.o
 .text.LSM6DSL_FIFO_Get_Pattern
                0x0800e5b2       0x26 Drivers\Components\LSM6DSL_ACC_GYRO_driver_HL.o
 .text.LSM6DSL_FIFO_Get_Data
                0x0800e5d8       0x26 Drivers\Components\LSM6DSL_ACC_GYRO_driver_HL.o
 .text.LSM6DSL_FIFO_Get_Num_Of_Samples
                0x0800e5fe       0x26 Drivers\Components\LSM6DSL_ACC_GYRO_driver_HL.o
 .text.LSM6DSL_FIFO_X_Set_Decimation
                0x0800e624       0x38 Drivers\Components\LSM6DSL_ACC_GYRO_driver_HL.o
 .text.LSM6DSL_FIFO_X_Get_Axis
                0x0800e65c       0x78 Drivers\Components\LSM6DSL_ACC_GYRO_driver_HL.o
 .text.LSM6DSL_FIFO_Set_Mode
                0x0800e6d4       0x58 Drivers\Components\LSM6DSL_ACC_GYRO_driver_HL.o
 .text.LSM6DSL_FIFO_Set_INT1_FIFO_Full
                0x0800e72c       0x3a Drivers\Components\LSM6DSL_ACC_GYRO_driver_HL.o
 .text.LSM6DSL_FIFO_Set_Watermark_Level
                0x0800e766       0x2a Drivers\Components\LSM6DSL_ACC_GYRO_driver_HL.o
 .text.LSM6DSL_FIFO_Set_Stop_On_Fth
                0x0800e790       0x3a Drivers\Components\LSM6DSL_ACC_GYRO_driver_HL.o
 .text.LSM6DSL_X_Set_Interrupt_Latch
                0x0800e7ca       0x20 Drivers\Components\LSM6DSL_ACC_GYRO_driver_HL.o
 .text.LSM6DSL_X_Set_SelfTest
                0x0800e7ea       0x38 Drivers\Components\LSM6DSL_ACC_GYRO_driver_HL.o
 *fill*         0x0800e822        0x2 
 .text.HAL_GPIO_EXTI_Callback
                0x0800e824       0x2c Drivers\Components\SPBTLE_RF.o
                0x0800e824                HAL_GPIO_EXTI_Callback
 .text.Hal_Write_Serial
                0x0800e850       0x5c Drivers\Components\SPBTLE_RF.o
                0x0800e850                Hal_Write_Serial
 .text.BNRG_SPI_Init
                0x0800e8ac       0x64 Drivers\Components\SPBTLE_RF.o
                0x0800e8ac                BNRG_SPI_Init
 .text.BlueNRG_RST
                0x0800e910       0x2c Drivers\Components\SPBTLE_RF.o
                0x0800e910                BlueNRG_RST
 .text.BlueNRG_DataPresent
                0x0800e93c       0x20 Drivers\Components\SPBTLE_RF.o
                0x0800e93c                BlueNRG_DataPresent
 .text.BlueNRG_SPI_Read_All
                0x0800e95c       0xec Drivers\Components\SPBTLE_RF.o
                0x0800e95c                BlueNRG_SPI_Read_All
 .text.BlueNRG_SPI_Write
                0x0800ea48      0x150 Drivers\Components\SPBTLE_RF.o
                0x0800ea48                BlueNRG_SPI_Write
 .text.set_irq_as_output
                0x0800eb98       0x38 Drivers\Components\SPBTLE_RF.o
                0x0800eb98                set_irq_as_output
 .text.set_irq_as_input
                0x0800ebd0       0x44 Drivers\Components\SPBTLE_RF.o
                0x0800ebd0                set_irq_as_input
 .text.us150Delay
                0x0800ec14       0x28 Drivers\Components\SPBTLE_RF.o
 .text.Enable_SPI_IRQ
                0x0800ec3c        0xe Drivers\Components\SPBTLE_RF.o
                0x0800ec3c                Enable_SPI_IRQ
 .text.Disable_SPI_IRQ
                0x0800ec4a        0xe Drivers\Components\SPBTLE_RF.o
                0x0800ec4a                Disable_SPI_IRQ
 .text.Clear_SPI_EXTI_Flag
                0x0800ec58       0x18 Drivers\Components\SPBTLE_RF.o
                0x0800ec58                Clear_SPI_EXTI_Flag
 .text.HAL_Init
                0x0800ec70       0x44 Drivers\STM32F4xx_HAL_Driver\stm32f4xx_hal.o
                0x0800ec70                HAL_Init
 .text.HAL_InitTick
                0x0800ecb4       0x38 Drivers\STM32F4xx_HAL_Driver\stm32f4xx_hal.o
                0x0800ecb4                HAL_InitTick
 .text.HAL_IncTick
                0x0800ecec       0x1c Drivers\STM32F4xx_HAL_Driver\stm32f4xx_hal.o
                0x0800ecec                HAL_IncTick
 .text.HAL_GetTick
                0x0800ed08       0x18 Drivers\STM32F4xx_HAL_Driver\stm32f4xx_hal.o
                0x0800ed08                HAL_GetTick
 .text.HAL_Delay
                0x0800ed20       0x2c Drivers\STM32F4xx_HAL_Driver\stm32f4xx_hal.o
                0x0800ed20                HAL_Delay
 .text.HAL_GetHalVersion
                0x0800ed4c       0x12 Drivers\STM32F4xx_HAL_Driver\stm32f4xx_hal.o
                0x0800ed4c                HAL_GetHalVersion
 .text.HAL_ADC_Init
                0x0800ed5e       0x86 Drivers\STM32F4xx_HAL_Driver\stm32f4xx_hal_adc.o
                0x0800ed5e                HAL_ADC_Init
 .text.HAL_ADC_Start
                0x0800ede4      0x148 Drivers\STM32F4xx_HAL_Driver\stm32f4xx_hal_adc.o
                0x0800ede4                HAL_ADC_Start
 .text.HAL_ADC_Stop
                0x0800ef2c       0x66 Drivers\STM32F4xx_HAL_Driver\stm32f4xx_hal_adc.o
                0x0800ef2c                HAL_ADC_Stop
 .text.HAL_ADC_PollForConversion
                0x0800ef92      0x104 Drivers\STM32F4xx_HAL_Driver\stm32f4xx_hal_adc.o
                0x0800ef92                HAL_ADC_PollForConversion
 .text.HAL_ADC_GetValue
                0x0800f096       0x1a Drivers\STM32F4xx_HAL_Driver\stm32f4xx_hal_adc.o
                0x0800f096                HAL_ADC_GetValue
 .text.HAL_ADC_ConfigChannel
                0x0800f0b0      0x244 Drivers\STM32F4xx_HAL_Driver\stm32f4xx_hal_adc.o
                0x0800f0b0                HAL_ADC_ConfigChannel
 .text.ADC_Init
                0x0800f2f4      0x204 Drivers\STM32F4xx_HAL_Driver\stm32f4xx_hal_adc.o
 .text.NVIC_SetPriorityGrouping
                0x0800f4f8       0x48 Drivers\STM32F4xx_HAL_Driver\stm32f4xx_hal_cortex.o
 .text.NVIC_GetPriorityGrouping
                0x0800f540       0x1c Drivers\STM32F4xx_HAL_Driver\stm32f4xx_hal_cortex.o
 .text.NVIC_EnableIRQ
                0x0800f55c       0x34 Drivers\STM32F4xx_HAL_Driver\stm32f4xx_hal_cortex.o
 .text.NVIC_DisableIRQ
                0x0800f590       0x34 Drivers\STM32F4xx_HAL_Driver\stm32f4xx_hal_cortex.o
 .text.NVIC_SetPriority
                0x0800f5c4       0x54 Drivers\STM32F4xx_HAL_Driver\stm32f4xx_hal_cortex.o
 .text.NVIC_EncodePriority
                0x0800f618       0x62 Drivers\STM32F4xx_HAL_Driver\stm32f4xx_hal_cortex.o
 *fill*         0x0800f67a        0x2 
 .text.SysTick_Config
                0x0800f67c       0x44 Drivers\STM32F4xx_HAL_Driver\stm32f4xx_hal_cortex.o
 .text.HAL_NVIC_SetPriorityGrouping
                0x0800f6c0       0x16 Drivers\STM32F4xx_HAL_Driver\stm32f4xx_hal_cortex.o
                0x0800f6c0                HAL_NVIC_SetPriorityGrouping
 .text.HAL_NVIC_SetPriority
                0x0800f6d6       0x38 Drivers\STM32F4xx_HAL_Driver\stm32f4xx_hal_cortex.o
                0x0800f6d6                HAL_NVIC_SetPriority
 .text.HAL_NVIC_EnableIRQ
                0x0800f70e       0x1c Drivers\STM32F4xx_HAL_Driver\stm32f4xx_hal_cortex.o
                0x0800f70e                HAL_NVIC_EnableIRQ
 .text.HAL_NVIC_DisableIRQ
                0x0800f72a       0x1c Drivers\STM32F4xx_HAL_Driver\stm32f4xx_hal_cortex.o
                0x0800f72a                HAL_NVIC_DisableIRQ
 .text.HAL_SYSTICK_Config
                0x0800f746       0x18 Drivers\STM32F4xx_HAL_Driver\stm32f4xx_hal_cortex.o
                0x0800f746                HAL_SYSTICK_Config
 *fill*         0x0800f75e        0x2 
 .text.HAL_SYSTICK_CLKSourceConfig
                0x0800f760       0x38 Drivers\STM32F4xx_HAL_Driver\stm32f4xx_hal_cortex.o
                0x0800f760                HAL_SYSTICK_CLKSourceConfig
 .text.HAL_SYSTICK_IRQHandler
                0x0800f798        0xc Drivers\STM32F4xx_HAL_Driver\stm32f4xx_hal_cortex.o
                0x0800f798                HAL_SYSTICK_IRQHandler
 .text.HAL_DMA_Abort_IT
                0x0800f7a4       0x44 Drivers\STM32F4xx_HAL_Driver\stm32f4xx_hal_dma.o
                0x0800f7a4                HAL_DMA_Abort_IT
 .text.HAL_GPIO_Init
                0x0800f7e8      0x304 Drivers\STM32F4xx_HAL_Driver\stm32f4xx_hal_gpio.o
                0x0800f7e8                HAL_GPIO_Init
 .text.HAL_GPIO_ReadPin
                0x0800faec       0x30 Drivers\STM32F4xx_HAL_Driver\stm32f4xx_hal_gpio.o
                0x0800faec                HAL_GPIO_ReadPin
 .text.HAL_GPIO_WritePin
                0x0800fb1c       0x32 Drivers\STM32F4xx_HAL_Driver\stm32f4xx_hal_gpio.o
                0x0800fb1c                HAL_GPIO_WritePin
 .text.HAL_GPIO_TogglePin
                0x0800fb4e       0x24 Drivers\STM32F4xx_HAL_Driver\stm32f4xx_hal_gpio.o
                0x0800fb4e                HAL_GPIO_TogglePin
 *fill*         0x0800fb72        0x2 
 .text.HAL_GPIO_EXTI_IRQHandler
                0x0800fb74       0x30 Drivers\STM32F4xx_HAL_Driver\stm32f4xx_hal_gpio.o
                0x0800fb74                HAL_GPIO_EXTI_IRQHandler
 .text.HAL_PCD_IRQHandler
                0x0800fba4      0x910 Drivers\STM32F4xx_HAL_Driver\stm32f4xx_hal_pcd.o
                0x0800fba4                HAL_PCD_IRQHandler
 .text.HAL_PCD_SetAddress
                0x080104b4       0x42 Drivers\STM32F4xx_HAL_Driver\stm32f4xx_hal_pcd.o
                0x080104b4                HAL_PCD_SetAddress
 .text.HAL_PCD_EP_Open
                0x080104f6       0xd0 Drivers\STM32F4xx_HAL_Driver\stm32f4xx_hal_pcd.o
                0x080104f6                HAL_PCD_EP_Open
 .text.HAL_PCD_EP_Receive
                0x080105c6       0xb2 Drivers\STM32F4xx_HAL_Driver\stm32f4xx_hal_pcd.o
                0x080105c6                HAL_PCD_EP_Receive
 .text.HAL_PCD_EP_Transmit
                0x08010678       0xb0 Drivers\STM32F4xx_HAL_Driver\stm32f4xx_hal_pcd.o
                0x08010678                HAL_PCD_EP_Transmit
 .text.HAL_PCD_EP_SetStall
                0x08010728       0xb6 Drivers\STM32F4xx_HAL_Driver\stm32f4xx_hal_pcd.o
                0x08010728                HAL_PCD_EP_SetStall
 .text.HAL_PCD_EP_ClrStall
                0x080107de       0x96 Drivers\STM32F4xx_HAL_Driver\stm32f4xx_hal_pcd.o
                0x080107de                HAL_PCD_EP_ClrStall
 .text.PCD_WriteEmptyTxFifo
                0x08010874      0x104 Drivers\STM32F4xx_HAL_Driver\stm32f4xx_hal_pcd.o
 .text.HAL_RCC_OscConfig
                0x08010978      0x4b4 Drivers\STM32F4xx_HAL_Driver\stm32f4xx_hal_rcc.o
                0x08010978                HAL_RCC_OscConfig
 .text.HAL_RCC_ClockConfig
                0x08010e2c      0x224 Drivers\STM32F4xx_HAL_Driver\stm32f4xx_hal_rcc.o
                0x08010e2c                HAL_RCC_ClockConfig
 .text.HAL_RCC_GetSysClockFreq
                0x08011050       0xf8 Drivers\STM32F4xx_HAL_Driver\stm32f4xx_hal_rcc.o
                0x08011050                HAL_RCC_GetSysClockFreq
 .text.HAL_RCC_GetHCLKFreq
                0x08011148       0x18 Drivers\STM32F4xx_HAL_Driver\stm32f4xx_hal_rcc.o
                0x08011148                HAL_RCC_GetHCLKFreq
 .text.HAL_RCC_GetPCLK1Freq
                0x08011160       0x44 Drivers\STM32F4xx_HAL_Driver\stm32f4xx_hal_rcc.o
                0x08011160                HAL_RCC_GetPCLK1Freq
 .text.HAL_RCC_GetPCLK2Freq
                0x080111a4       0x44 Drivers\STM32F4xx_HAL_Driver\stm32f4xx_hal_rcc.o
                0x080111a4                HAL_RCC_GetPCLK2Freq
 .text.HAL_SPI_Init
                0x080111e8       0xc6 Drivers\STM32F4xx_HAL_Driver\stm32f4xx_hal_spi.o
                0x080111e8                HAL_SPI_Init
 .text.HAL_SPI_TransmitReceive
                0x080112ae      0x33e Drivers\STM32F4xx_HAL_Driver\stm32f4xx_hal_spi.o
                0x080112ae                HAL_SPI_TransmitReceive
 .text.HAL_SPI_IRQHandler
                0x080115ec      0x1b0 Drivers\STM32F4xx_HAL_Driver\stm32f4xx_hal_spi.o
                0x080115ec                HAL_SPI_IRQHandler
 .text.HAL_SPI_ErrorCallback
                0x0801179c       0x14 Drivers\STM32F4xx_HAL_Driver\stm32f4xx_hal_spi.o
                0x0801179c                HAL_SPI_ErrorCallback
 .text.HAL_SPI_GetState
                0x080117b0       0x1c Drivers\STM32F4xx_HAL_Driver\stm32f4xx_hal_spi.o
                0x080117b0                HAL_SPI_GetState
 .text.SPI_DMAAbortOnError
                0x080117cc       0x28 Drivers\STM32F4xx_HAL_Driver\stm32f4xx_hal_spi.o
 .text.SPI_WaitFlagStateUntilTimeout
                0x080117f4       0xd2 Drivers\STM32F4xx_HAL_Driver\stm32f4xx_hal_spi.o
 .text.SPI_CheckFlag_BSY
                0x080118c6       0x3c Drivers\STM32F4xx_HAL_Driver\stm32f4xx_hal_spi.o
 .text.HAL_TIM_Base_Init
                0x08011902       0x56 Drivers\STM32F4xx_HAL_Driver\stm32f4xx_hal_tim.o
                0x08011902                HAL_TIM_Base_Init
 .text.HAL_TIM_Base_Start_IT
                0x08011958       0x36 Drivers\STM32F4xx_HAL_Driver\stm32f4xx_hal_tim.o
                0x08011958                HAL_TIM_Base_Start_IT
 .text.HAL_TIM_PWM_Init
                0x0801198e       0x56 Drivers\STM32F4xx_HAL_Driver\stm32f4xx_hal_tim.o
                0x0801198e                HAL_TIM_PWM_Init
 .text.HAL_TIM_PWM_MspInit
                0x080119e4       0x14 Drivers\STM32F4xx_HAL_Driver\stm32f4xx_hal_tim.o
                0x080119e4                HAL_TIM_PWM_MspInit
 .text.HAL_TIM_PWM_Start
                0x080119f8       0x50 Drivers\STM32F4xx_HAL_Driver\stm32f4xx_hal_tim.o
                0x080119f8                HAL_TIM_PWM_Start
 .text.HAL_TIM_IC_Init
                0x08011a48       0x56 Drivers\STM32F4xx_HAL_Driver\stm32f4xx_hal_tim.o
                0x08011a48                HAL_TIM_IC_Init
 .text.HAL_TIM_IC_MspInit
                0x08011a9e       0x14 Drivers\STM32F4xx_HAL_Driver\stm32f4xx_hal_tim.o
                0x08011a9e                HAL_TIM_IC_MspInit
 *fill*         0x08011ab2        0x2 
 .text.HAL_TIM_IC_Start_IT
                0x08011ab4       0xc0 Drivers\STM32F4xx_HAL_Driver\stm32f4xx_hal_tim.o
                0x08011ab4                HAL_TIM_IC_Start_IT
 .text.HAL_TIM_IRQHandler
                0x08011b74      0x210 Drivers\STM32F4xx_HAL_Driver\stm32f4xx_hal_tim.o
                0x08011b74                HAL_TIM_IRQHandler
 .text.HAL_TIM_IC_ConfigChannel
                0x08011d84      0x138 Drivers\STM32F4xx_HAL_Driver\stm32f4xx_hal_tim.o
                0x08011d84                HAL_TIM_IC_ConfigChannel
 .text.HAL_TIM_PWM_ConfigChannel
                0x08011ebc      0x18c Drivers\STM32F4xx_HAL_Driver\stm32f4xx_hal_tim.o
                0x08011ebc                HAL_TIM_PWM_ConfigChannel
 .text.HAL_TIM_ConfigClockSource
                0x08012048      0x1b6 Drivers\STM32F4xx_HAL_Driver\stm32f4xx_hal_tim.o
                0x08012048                HAL_TIM_ConfigClockSource
 .text.HAL_TIM_OC_DelayElapsedCallback
                0x080121fe       0x14 Drivers\STM32F4xx_HAL_Driver\stm32f4xx_hal_tim.o
                0x080121fe                HAL_TIM_OC_DelayElapsedCallback
 .text.HAL_TIM_PWM_PulseFinishedCallback
                0x08012212       0x14 Drivers\STM32F4xx_HAL_Driver\stm32f4xx_hal_tim.o
                0x08012212                HAL_TIM_PWM_PulseFinishedCallback
 .text.HAL_TIM_TriggerCallback
                0x08012226       0x14 Drivers\STM32F4xx_HAL_Driver\stm32f4xx_hal_tim.o
                0x08012226                HAL_TIM_TriggerCallback
 *fill*         0x0801223a        0x2 