usbd_conf.c:58:6:HAL_PCD_MspInit	40	static
usbd_conf.c:89:6:HAL_PCD_MspDeInit	16	static
usbd_conf.c:117:6:HAL_PCD_SetupStageCallback	16	static
usbd_conf.c:127:6:HAL_PCD_DataOutStageCallback	16	static
usbd_conf.c:137:6:HAL_PCD_DataInStageCallback	16	static
usbd_conf.c:146:6:HAL_PCD_SOFCallback	16	static
usbd_conf.c:155:6:HAL_PCD_ResetCallback	24	static
usbd_conf.c:183:6:HAL_PCD_SuspendCallback	16	static
usbd_conf.c:203:6:HAL_PCD_ResumeCallback	16	static
usbd_conf.c:215:6:HAL_PCD_ISOOUTIncompleteCallback	16	static
usbd_conf.c:225:6:HAL_PCD_ISOINIncompleteCallback	16	static
usbd_conf.c:234:6:HAL_PCD_ConnectCallback	16	static
usbd_conf.c:243:6:HAL_PCD_DisconnectCallback	16	static
usbd_conf.c:255:20:USBD_LL_Init	16	static
usbd_conf.c:287:20:USBD_LL_DeInit	16	static
usbd_conf.c:297:20:USBD_LL_Start	16	static
usbd_conf.c:307:20:USBD_LL_Stop	16	static
usbd_conf.c:320:20:USBD_LL_OpenEP	16	static
usbd_conf.c:334:20:USBD_LL_CloseEP	16	static
usbd_conf.c:346:20:USBD_LL_FlushEP	16	static
usbd_conf.c:358:20:USBD_LL_StallEP	16	static
usbd_conf.c:370:20:USBD_LL_ClearStallEP	16	static
usbd_conf.c:383:9:USBD_LL_IsStallEP	24	static
usbd_conf.c:398:20:USBD_LL_SetUSBAddress	16	static
usbd_conf.c:413:20:USBD_LL_Transmit	24	static
usbd_conf.c:428:20:USBD_LL_PrepareReceive	24	static
usbd_conf.c:441:10:USBD_LL_GetRxDataSize	16	static
usbd_conf.c:486:6:USBD_LL_Delay	16	static
