main_Lab_1.c:205:5:main	48	static
main_Lab_1.c:603:6:SystemClock_Config	88	static
main_Lab_1.c:651:6:MX_ADC1_Init	24	static
main_Lab_1.c:720:6:MX_TIM2_Init	48	static
main_Lab_1.c:757:6:MX_TIM4_Init	64	static
main_Lab_1.c:802:6:MX_TIM9_Init	24	static
main_Lab_1.c:819:6:MX_USART1_UART_Init	8	static
main_Lab_1.c:842:6:MX_GPIO_Init	40	static
main_Lab_1.c:868:6:HAL_TIM_PeriodElapsedCallback	48	static
main_Lab_1.c:1049:13:initializeAllSensors	8	static
main_Lab_1.c:1083:6:enableAllSensors	8	static
main_Lab_1.c:1096:6:BlueNRG_Init	88	static
main_Lab_1.c:1215:13:Init_BlueNRG_Custom_Services	16	static
main_Lab_1.c:1245:13:SendMotionData	48	static
main_Lab_1.c:1268:13:SendBattEnvData	40	static
main_Lab_1.c:1303:13:SendArmingData	8	static
