main_Lab_8.c:208:5:main	48	static
main_Lab_8.c:606:6:SystemClock_Config	88	static
main_Lab_8.c:654:6:MX_ADC1_Init	24	static
main_Lab_8.c:723:6:MX_TIM2_Init	48	static
main_Lab_8.c:760:6:MX_TIM4_Init	64	static
main_Lab_8.c:805:6:MX_TIM9_Init	24	static
main_Lab_8.c:822:6:MX_USART1_UART_Init	8	static
main_Lab_8.c:845:6:MX_GPIO_Init	40	static
main_Lab_8.c:871:6:HAL_TIM_PeriodElapsedCallback	48	static
main_Lab_8.c:1052:13:initializeAllSensors	8	static
main_Lab_8.c:1086:6:enableAllSensors	8	static
main_Lab_8.c:1099:6:BlueNRG_Init	88	static
main_Lab_8.c:1218:13:Init_BlueNRG_Custom_Services	16	static
main_Lab_8.c:1248:13:SendMotionData	48	static
main_Lab_8.c:1271:13:SendBattEnvData	40	static
main_Lab_8.c:1306:13:SendArmingData	8	static
