sensor_service.c:114:12:safe_aci_gatt_update_char_value	40	static
sensor_service.c:142:12:Add_ConfigW2ST_Service	56	static
sensor_service.c:179:12:Add_ConsoleW2ST_Service	56	static
sensor_service.c:231:12:Stderr_Update	32	static
sensor_service.c:264:12:Term_Update	32	static
sensor_service.c:297:19:Stderr_Update_AfterRead	24	static
sensor_service.c:314:19:Term_Update_AfterRead	32	static
sensor_service.c:338:12:Config_Notify	56	static
sensor_service.c:367:12:AccEvent_Notify	48	static
sensor_service.c:394:12:Add_HWServW2ST_Service	56	static
sensor_service.c:525:12:AccGyroMag_Update	72	static
sensor_service.c:573:12:Batt_Env_RSSI_Update	64	static
sensor_service.c:616:12:ARMING_Update	40	static
sensor_service.c:645:6:setConnectable	88	static
sensor_service.c:697:13:GAP_ConnectionComplete_CB	40	static
sensor_service.c:722:13:GAP_DisconnectionComplete_CB	8	static
sensor_service.c:745:6:Read_Request_CB	48	static
sensor_service.c:800:6:Attribute_Modified_CB	32	static
sensor_service.c:876:17:DebugConsoleCommandParsing	136	static
sensor_service.c:1072:17:ConfigCommandParsing	24	static
sensor_service.c:1084:6:HCI_Event_CB	48	static
sensor_service.c:1137:13:DisableHWFeatures	4	static
